Archive member included to satisfy reference by file (symbol)

c:/nxp/mcuxpressoide_10.1.1_606/ide/tools/bin/../lib/gcc/arm-none-eabi/6.3.1/../../../../arm-none-eabi/lib/thumb/v7e-m/fpv4-sp/hard\libcr_semihost_nf.a(_cr__main.o)
                              ./startup/startup_mk64f12.o (__main)
c:/nxp/mcuxpressoide_10.1.1_606/ide/tools/bin/../lib/gcc/arm-none-eabi/6.3.1/../../../../arm-none-eabi/lib/thumb/v7e-m/fpv4-sp/hard\libcr_semihost_nf.a(_cr_assert.o)
                              ./utilities/fsl_debug_console.o (__assertion_failed)
c:/nxp/mcuxpressoide_10.1.1_606/ide/tools/bin/../lib/gcc/arm-none-eabi/6.3.1/../../../../arm-none-eabi/lib/thumb/v7e-m/fpv4-sp/hard\libcr_semihost_nf.a(__ciob.o)
                              c:/nxp/mcuxpressoide_10.1.1_606/ide/tools/bin/../lib/gcc/arm-none-eabi/6.3.1/../../../../arm-none-eabi/lib/thumb/v7e-m/fpv4-sp/hard\libcr_semihost_nf.a(_cr_assert.o) (__Ciob)
c:/nxp/mcuxpressoide_10.1.1_606/ide/tools/bin/../lib/gcc/arm-none-eabi/6.3.1/../../../../arm-none-eabi/lib/thumb/v7e-m/fpv4-sp/hard\libcr_semihost_nf.a(__sys_appexit.o)
                              c:/nxp/mcuxpressoide_10.1.1_606/ide/tools/bin/../lib/gcc/arm-none-eabi/6.3.1/../../../../arm-none-eabi/lib/thumb/v7e-m/fpv4-sp/hard\libcr_semihost_nf.a(_cr_assert.o) (__sys_appexit)
c:/nxp/mcuxpressoide_10.1.1_606/ide/tools/bin/../lib/gcc/arm-none-eabi/6.3.1/../../../../arm-none-eabi/lib/thumb/v7e-m/fpv4-sp/hard\libcr_c.a(memcpy.o)
                              ./drivers/fsl_flash.o (memcpy)
c:/nxp/mcuxpressoide_10.1.1_606/ide/tools/bin/../lib/gcc/arm-none-eabi/6.3.1/../../../../arm-none-eabi/lib/thumb/v7e-m/fpv4-sp/hard\libcr_c.a(memset.o)
                              ./drivers/fsl_flash.o (memset)
c:/nxp/mcuxpressoide_10.1.1_606/ide/tools/bin/../lib/gcc/arm-none-eabi/6.3.1/../../../../arm-none-eabi/lib/thumb/v7e-m/fpv4-sp/hard\libcr_c.a(_deferredlazyseek.o)
                              c:/nxp/mcuxpressoide_10.1.1_606/ide/tools/bin/../lib/gcc/arm-none-eabi/6.3.1/../../../../arm-none-eabi/lib/thumb/v7e-m/fpv4-sp/hard\libcr_semihost_nf.a(_cr_assert.o) (__flsbuf)
c:/nxp/mcuxpressoide_10.1.1_606/ide/tools/bin/../lib/gcc/arm-none-eabi/6.3.1/../../../../arm-none-eabi/lib/thumb/v7e-m/fpv4-sp/hard\libcr_c.a(_fflush.o)
                              c:/nxp/mcuxpressoide_10.1.1_606/ide/tools/bin/../lib/gcc/arm-none-eabi/6.3.1/../../../../arm-none-eabi/lib/thumb/v7e-m/fpv4-sp/hard\libcr_c.a(_deferredlazyseek.o) (_fflush)
c:/nxp/mcuxpressoide_10.1.1_606/ide/tools/bin/../lib/gcc/arm-none-eabi/6.3.1/../../../../arm-none-eabi/lib/thumb/v7e-m/fpv4-sp/hard\libcr_c.a(_writebuf.o)
                              c:/nxp/mcuxpressoide_10.1.1_606/ide/tools/bin/../lib/gcc/arm-none-eabi/6.3.1/../../../../arm-none-eabi/lib/thumb/v7e-m/fpv4-sp/hard\libcr_c.a(_deferredlazyseek.o) (_Cwritebuf)
c:/nxp/mcuxpressoide_10.1.1_606/ide/tools/bin/../lib/gcc/arm-none-eabi/6.3.1/../../../../arm-none-eabi/lib/thumb/v7e-m/fpv4-sp/hard\libcr_c.a(alloc.o)
                              c:/nxp/mcuxpressoide_10.1.1_606/ide/tools/bin/../lib/gcc/arm-none-eabi/6.3.1/../../../../arm-none-eabi/lib/thumb/v7e-m/fpv4-sp/hard\libcr_c.a(_deferredlazyseek.o) (_Csys_alloc)
c:/nxp/mcuxpressoide_10.1.1_606/ide/tools/bin/../lib/gcc/arm-none-eabi/6.3.1/../../../../arm-none-eabi/lib/thumb/v7e-m/fpv4-sp/hard\libcr_c.a(fputs.o)
                              c:/nxp/mcuxpressoide_10.1.1_606/ide/tools/bin/../lib/gcc/arm-none-eabi/6.3.1/../../../../arm-none-eabi/lib/thumb/v7e-m/fpv4-sp/hard\libcr_semihost_nf.a(_cr_assert.o) (fputs)
c:/nxp/mcuxpressoide_10.1.1_606/ide/tools/bin/../lib/gcc/arm-none-eabi/6.3.1/../../../../arm-none-eabi/lib/thumb/v7e-m/fpv4-sp/hard\libcr_c.a(fseek.o)
                              c:/nxp/mcuxpressoide_10.1.1_606/ide/tools/bin/../lib/gcc/arm-none-eabi/6.3.1/../../../../arm-none-eabi/lib/thumb/v7e-m/fpv4-sp/hard\libcr_c.a(_deferredlazyseek.o) (fseek)
c:/nxp/mcuxpressoide_10.1.1_606/ide/tools/bin/../lib/gcc/arm-none-eabi/6.3.1/../../../../arm-none-eabi/lib/thumb/v7e-m/fpv4-sp/hard\libcr_c.a(ftell.o)
                              c:/nxp/mcuxpressoide_10.1.1_606/ide/tools/bin/../lib/gcc/arm-none-eabi/6.3.1/../../../../arm-none-eabi/lib/thumb/v7e-m/fpv4-sp/hard\libcr_c.a(fseek.o) (ftell)
c:/nxp/mcuxpressoide_10.1.1_606/ide/tools/bin/../lib/gcc/arm-none-eabi/6.3.1/../../../../arm-none-eabi/lib/thumb/v7e-m/fpv4-sp/hard\libcr_c.a(initio.o)
                              c:/nxp/mcuxpressoide_10.1.1_606/ide/tools/bin/../lib/gcc/arm-none-eabi/6.3.1/../../../../arm-none-eabi/lib/thumb/v7e-m/fpv4-sp/hard\libcr_semihost_nf.a(_cr__main.o) (_initio)
c:/nxp/mcuxpressoide_10.1.1_606/ide/tools/bin/../lib/gcc/arm-none-eabi/6.3.1/../../../../arm-none-eabi/lib/thumb/v7e-m/fpv4-sp/hard\libcr_c.a(printf.o)
                              ./utilities/fsl_assert.o (_printf)
c:/nxp/mcuxpressoide_10.1.1_606/ide/tools/bin/../lib/gcc/arm-none-eabi/6.3.1/../../../../arm-none-eabi/lib/thumb/v7e-m/fpv4-sp/hard\libcr_c.a(setvbuf.o)
[...]
Memory Configuration

Name             Origin             Length             Attributes
PROGRAM_FLASH    0x00000000         0x00100000         xr
SRAM_UPPER       0x20000000         0x00030000         xrw
SRAM_LOWER       0x1fff0000         0x00010000         xrw
FLEX_RAM         0x14000000         0x00001000         xrw
*default*        0x00000000         0xffffffff

Linker script and memory map

LOAD ./utilities/fsl_assert.o
LOAD ./utilities/fsl_debug_console.o
LOAD ./utilities/fsl_io.o
LOAD ./utilities/fsl_log.o
LOAD ./utilities/fsl_str.o
LOAD ./startup/startup_mk64f12.o
LOAD ./source/pit.o
LOAD ./source/semihost_hardfault.o
LOAD ./drivers/fsl_clock.o
LOAD ./drivers/fsl_common.o
LOAD ./drivers/fsl_flash.o
LOAD ./drivers/fsl_gpio.o
LOAD ./drivers/fsl_pit.o
LOAD ./drivers/fsl_smc.o
LOAD ./drivers/fsl_uart.o
LOAD ./board/board.o
LOAD ./board/clock_config.o
LOAD ./board/pin_mux.o
LOAD ./CMSIS/system_MK64F12.o
START GROUP
LOAD c:/nxp/mcuxpressoide_10.1.1_606/ide/tools/bin/../lib/gcc/arm-none-eabi/6.3.1/../../../../arm-none-eabi/lib/thumb/v7e-m/fpv4-sp/hard\libcr_semihost_nf.a
LOAD c:/nxp/mcuxpressoide_10.1.1_606/ide/tools/bin/../lib/gcc/arm-none-eabi/6.3.1/../../../../arm-none-eabi/lib/thumb/v7e-m/fpv4-sp/hard\libcr_c.a
LOAD c:/nxp/mcuxpressoide_10.1.1_606/ide/tools/bin/../lib/gcc/arm-none-eabi/6.3.1/thumb/v7e-m/fpv4-sp/hard\libcr_eabihelpers.a
END GROUP
                0x00000000                __base_PROGRAM_FLASH = 0x0
                0x00000000                __base_Flash = 0x0
                0x00100000                __top_PROGRAM_FLASH = 0x100000
                0x00100000                __top_Flash = 0x100000
                0x20000000                __base_SRAM_UPPER = 0x20000000
                0x20000000                __base_RAM = 0x20000000
                0x20030000                __top_SRAM_UPPER = 0x20030000
                0x20030000                __top_RAM = 0x20030000
                0x1fff0000                __base_SRAM_LOWER = 0x1fff0000
                0x1fff0000                __base_RAM2 = 0x1fff0000
                0x20000000                __top_SRAM_LOWER = 0x20000000
                0x20000000                __top_RAM2 = 0x20000000
                0x14000000                __base_FLEX_RAM = 0x14000000
                0x14000000                __base_RAM3 = 0x14000000
                0x14001000                __top_FLEX_RAM = 0x14001000
                0x14001000                __top_RAM3 = 0x14001000

.text           0x00000000     0x3c70
 FILL mask 0xff
                0x00000000                __vectors_start__ = ABSOLUTE (.)
 *(.isr_vector)
 .isr_vector    0x00000000      0x198 ./startup/startup_mk64f12.o
                0x00000000                g_pfnVectors
                0x00000000                __Vectors
                0x00000198                . = ALIGN (0x4)
                0x00000198                __section_table_start = .
                0x00000198                __data_section_table = .
                0x00000198        0x4 LONG 0x3c70 LOADADDR (.data)
                0x0000019c        0x4 LONG 0x20000000 ADDR (.data)
                0x000001a0        0x4 LONG 0xc SIZEOF (.data)
                0x000001a4        0x4 LONG 0x3c70 LOADADDR (.data_RAM2)
                0x000001a8        0x4 LONG 0x1fff0000 ADDR (.data_RAM2)
                0x000001ac        0x4 LONG 0x0 SIZEOF (.data_RAM2)
                0x000001b0        0x4 LONG 0x3c70 LOADADDR (.data_RAM3)
                0x000001b4        0x4 LONG 0x14000000 ADDR (.data_RAM3)
                0x000001b8        0x4 LONG 0x0 SIZEOF (.data_RAM3)
                0x000001bc                __data_section_table_end = .
                0x000001bc                __bss_section_table = .
                0x000001bc        0x4 LONG 0x2000000c ADDR (.bss)
                0x000001c0        0x4 LONG 0xf0 SIZEOF (.bss)
                0x000001c4        0x4 LONG 0x1fff0000 ADDR (.bss_RAM2)
                0x000001c8        0x4 LONG 0x0 SIZEOF (.bss_RAM2)
                0x000001cc        0x4 LONG 0x14000000 ADDR (.bss_RAM3)
                0x000001d0        0x4 LONG 0x0 SIZEOF (.bss_RAM3)
                0x000001d4                __bss_section_table_end = .
                0x000001d4                __section_table_end = .
 *(.after_vectors*)
 .after_vectors.init_data
                0x000001d4       0x1e ./startup/startup_mk64f12.o
                0x000001d4                data_init
 .after_vectors.init_bss
                0x000001f2       0x12 ./startup/startup_mk64f12.o
                0x000001f2                bss_init
 .after_vectors.reset
                0x00000204       0x4c ./startup/startup_mk64f12.o
                0x00000204                ResetISR
 .after_vectors
                0x00000250       0x14 ./startup/startup_mk64f12.o
                0x00000250                NMI_Handler
                0x00000254                MemManage_Handler
                0x00000256                BusFault_Handler
                0x00000258                UsageFault_Handler
                0x0000025a                SVC_Handler
                0x0000025c                DebugMon_Handler
                0x0000025e                PendSV_Handler
                0x00000260                SysTick_Handler
                0x00000262                DMA_Error_DriverIRQHandler
                0x00000262                LPTMR0_DriverIRQHandler
                0x00000262                FTM1_DriverIRQHandler
                0x00000262                FTM2_DriverIRQHandler
                0x00000262                PIT2_DriverIRQHandler
                0x00000262                SDHC_DriverIRQHandler
                0x00000262                I2S0_Tx_DriverIRQHandler
                0x00000262                RTC_Seconds_DriverIRQHandler
                0x00000262                DMA6_DriverIRQHandler
                0x00000262                LLWU_DriverIRQHandler
                0x00000262                MCM_DriverIRQHandler
                0x00000262                MCG_DriverIRQHandler
                0x00000262                ENET_1588_Timer_DriverIRQHandler
                0x00000262                I2C2_DriverIRQHandler
                0x00000262                DAC1_DriverIRQHandler
                0x00000262                SPI1_DriverIRQHandler
                0x00000262                CMP1_DriverIRQHandler
                0x00000262                FTM0_DriverIRQHandler
                0x00000262                IntDefaultHandler
                0x00000262                USB0_DriverIRQHandler
                0x00000262                UART5_ERR_DriverIRQHandler
                0x00000262                PORTC_DriverIRQHandler
                0x00000262                DMA11_DriverIRQHandler
                0x00000262                DAC0_DriverIRQHandler
                0x00000262                DMA10_DriverIRQHandler
                0x00000262                CMP2_DriverIRQHandler
                0x00000262                UART2_ERR_DriverIRQHandler
                0x00000262                SPI2_DriverIRQHandler
                0x00000262                LVD_LVW_DriverIRQHandler
                0x00000262                PIT0_DriverIRQHandler
                0x00000262                DMA12_DriverIRQHandler
                0x00000262                DMA5_DriverIRQHandler
                0x00000262                DMA4_DriverIRQHandler
                0x00000262                USBDCD_DriverIRQHandler
                0x00000262                UART3_ERR_DriverIRQHandler
                0x00000262                DMA3_DriverIRQHandler
                0x00000262                DMA8_DriverIRQHandler
                0x00000262                DMA9_DriverIRQHandler
                0x00000262                UART0_ERR_DriverIRQHandler
                0x00000262                CMT_DriverIRQHandler
                0x00000262                Reserved71_DriverIRQHandler
                0x00000262                ADC1_DriverIRQHandler
                0x00000262                PORTA_DriverIRQHandler
                0x00000262                DMA14_DriverIRQHandler
                0x00000262                PIT3_DriverIRQHandler
                0x00000262                PIT1_DriverIRQHandler
                0x00000262                WDOG_EWM_DriverIRQHandler
                0x00000262                PDB0_DriverIRQHandler
                0x00000262                RTC_DriverIRQHandler
                0x00000262                I2S0_Rx_DriverIRQHandler
                0x00000262                Read_Collision_DriverIRQHandler
                0x00000262                SWI_DriverIRQHandler
                0x00000262                UART4_ERR_DriverIRQHandler
                0x00000262                PORTB_DriverIRQHandler
                0x00000262                UART0_LON_DriverIRQHandler
                0x00000262                DMA0_DriverIRQHandler
                0x00000262                DMA1_DriverIRQHandler
                0x00000262                I2C1_DriverIRQHandler
                0x00000262                ENET_Receive_DriverIRQHandler
                0x00000262                DMA13_DriverIRQHandler
                0x00000262                ENET_Error_DriverIRQHandler
                0x00000262                DMA15_DriverIRQHandler
                0x00000262                SPI0_DriverIRQHandler
                0x00000262                ADC0_DriverIRQHandler
                0x00000262                CMP0_DriverIRQHandler
                0x00000262                CAN0_DriverIRQHandler
                0x00000262                FTM3_DriverIRQHandler
                0x00000262                RNG_DriverIRQHandler
                0x00000262                UART1_ERR_DriverIRQHandler
                0x00000262                DMA2_DriverIRQHandler
                0x00000262                ENET_Transmit_DriverIRQHandler
                0x00000262                PORTD_DriverIRQHandler
                0x00000262                PORTE_DriverIRQHandler
                0x00000262                FTFE_DriverIRQHandler
                0x00000262                I2C0_DriverIRQHandler
                0x00000262                DMA7_DriverIRQHandler
                0x00000400                . = 0x400
 *fill*         0x00000264      0x19c ff
                0x00000400                PROVIDE (__FLASH_CONFIG_START__, .)
 *(.FlashConfig)
 .FlashConfig   0x00000400       0x10 ./startup/startup_mk64f12.o
                0x00000400                Flash_Config
                0x00000410                PROVIDE (__FLASH_CONFIG_END__, .)
                0x00000001                ASSERT (! ((__FLASH_CONFIG_START__ == __FLASH_CONFIG_END__)), Linker Flash Config Support Enabled, but no .FlashConfig section provided within application)
 *(.text*)
 .text.DbgConsole_Init
                0x00000410       0x38 ./utilities/fsl_debug_console.o
                0x00000410                DbgConsole_Init
 .text.UART_EnableTx
                0x00000448       0x40 ./utilities/fsl_io.o
 .text.UART_EnableRx
                0x00000488       0x40 ./utilities/fsl_io.o
 .text.IO_Init  0x000004c8       0x80 ./utilities/fsl_io.o
                0x000004c8                IO_Init
 .text.LOG_Init
                0x00000548       0x30 ./utilities/fsl_log.o
                0x00000548                LOG_Init
 .text.DMA0_IRQHandler
                0x00000578        0x8 ./startup/startup_mk64f12.o
                0x00000578                DMA0_IRQHandler
 .text.DMA1_IRQHandler
                0x00000580        0x8 ./startup/startup_mk64f12.o
                0x00000580                DMA1_IRQHandler
 .text.DMA2_IRQHandler
                0x00000588        0x8 ./startup/startup_mk64f12.o
                0x00000588                DMA2_IRQHandler
 .text.DMA3_IRQHandler
                0x00000590        0x8 ./startup/startup_mk64f12.o
                0x00000590                DMA3_IRQHandler
 .text.DMA4_IRQHandler
                0x00000598        0x8 ./startup/startup_mk64f12.o
                0x00000598                DMA4_IRQHandler
 .text.DMA5_IRQHandler
                0x000005a0        0x8 ./startup/startup_mk64f12.o
                0x000005a0                DMA5_IRQHandler
 .text.DMA6_IRQHandler
                0x000005a8        0x8 ./startup/startup_mk64f12.o
                0x000005a8                DMA6_IRQHandler
 .text.DMA7_IRQHandler
                0x000005b0        0x8 ./startup/startup_mk64f12.o
                0x000005b0                DMA7_IRQHandler
 .text.DMA8_IRQHandler
                0x000005b8        0x8 ./startup/startup_mk64f12.o
                0x000005b8                DMA8_IRQHandler
 .text.DMA9_IRQHandler
                0x000005c0        0x8 ./startup/startup_mk64f12.o
                0x000005c0                DMA9_IRQHandler
 .text.DMA10_IRQHandler
                0x000005c8        0x8 ./startup/startup_mk64f12.o
                0x000005c8                DMA10_IRQHandler
 .text.DMA11_IRQHandler
                0x000005d0        0x8 ./startup/startup_mk64f12.o
                0x000005d0                DMA11_IRQHandler
 .text.DMA12_IRQHandler
                0x000005d8        0x8 ./startup/startup_mk64f12.o
                0x000005d8                DMA12_IRQHandler
 .text.DMA13_IRQHandler
                0x000005e0        0x8 ./startup/startup_mk64f12.o
                0x000005e0                DMA13_IRQHandler
 .text.DMA14_IRQHandler
                0x000005e8        0x8 ./startup/startup_mk64f12.o
                0x000005e8                DMA14_IRQHandler
 .text.DMA15_IRQHandler
                0x000005f0        0x8 ./startup/startup_mk64f12.o
                0x000005f0                DMA15_IRQHandler
 .text.DMA_Error_IRQHandler
                0x000005f8        0x8 ./startup/startup_mk64f12.o
                0x000005f8                DMA_Error_IRQHandler
 .text.MCM_IRQHandler
                0x00000600        0x8 ./startup/startup_mk64f12.o
                0x00000600                MCM_IRQHandler
 .text.FTFE_IRQHandler
                0x00000608        0x8 ./startup/startup_mk64f12.o
                0x00000608                FTFE_IRQHandler
 .text.Read_Collision_IRQHandler
                0x00000610        0x8 ./startup/startup_mk64f12.o
                0x00000610                Read_Collision_IRQHandler
 .text.LVD_LVW_IRQHandler
                0x00000618        0x8 ./startup/startup_mk64f12.o
                0x00000618                LVD_LVW_IRQHandler
 .text.LLWU_IRQHandler
                0x00000620        0x8 ./startup/startup_mk64f12.o
                0x00000620                LLWU_IRQHandler
 .text.WDOG_EWM_IRQHandler
                0x00000628        0x8 ./startup/startup_mk64f12.o
                0x00000628                WDOG_EWM_IRQHandler
 .text.RNG_IRQHandler
                0x00000630        0x8 ./startup/startup_mk64f12.o
                0x00000630                RNG_IRQHandler
 .text.I2C0_IRQHandler
                0x00000638        0x8 ./startup/startup_mk64f12.o
                0x00000638                I2C0_IRQHandler
 .text.I2C1_IRQHandler
                0x00000640        0x8 ./startup/startup_mk64f12.o
                0x00000640                I2C1_IRQHandler
 .text.SPI0_IRQHandler
                0x00000648        0x8 ./startup/startup_mk64f12.o
                0x00000648                SPI0_IRQHandler
 .text.SPI1_IRQHandler
                0x00000650        0x8 ./startup/startup_mk64f12.o
                0x00000650                SPI1_IRQHandler
 .text.I2S0_Tx_IRQHandler
                0x00000658        0x8 ./startup/startup_mk64f12.o
                0x00000658                I2S0_Tx_IRQHandler
 .text.I2S0_Rx_IRQHandler
                0x00000660        0x8 ./startup/startup_mk64f12.o
                0x00000660                I2S0_Rx_IRQHandler
 .text.UART0_LON_IRQHandler
                0x00000668        0x8 ./startup/startup_mk64f12.o
                0x00000668                UART0_LON_IRQHandler
 .text.UART0_RX_TX_IRQHandler
                0x00000670        0x8 ./startup/startup_mk64f12.o
                0x00000670                UART0_RX_TX_IRQHandler
 .text.UART0_ERR_IRQHandler
                0x00000678        0x8 ./startup/startup_mk64f12.o
                0x00000678                UART0_ERR_IRQHandler
 .text.UART1_RX_TX_IRQHandler
                0x00000680        0x8 ./startup/startup_mk64f12.o
                0x00000680                UART1_RX_TX_IRQHandler
 .text.UART1_ERR_IRQHandler
                0x00000688        0x8 ./startup/startup_mk64f12.o
                0x00000688                UART1_ERR_IRQHandler
 .text.UART2_RX_TX_IRQHandler
                0x00000690        0x8 ./startup/startup_mk64f12.o
                0x00000690                UART2_RX_TX_IRQHandler
 .text.UART2_ERR_IRQHandler
                0x00000698        0x8 ./startup/startup_mk64f12.o
                0x00000698                UART2_ERR_IRQHandler
 .text.UART3_RX_TX_IRQHandler
                0x000006a0        0x8 ./startup/startup_mk64f12.o
                0x000006a0                UART3_RX_TX_IRQHandler
 .text.UART3_ERR_IRQHandler
                0x000006a8        0x8 ./startup/startup_mk64f12.o
                0x000006a8                UART3_ERR_IRQHandler
 .text.ADC0_IRQHandler
                0x000006b0        0x8 ./startup/startup_mk64f12.o
                0x000006b0                ADC0_IRQHandler
 .text.CMP0_IRQHandler
                0x000006b8        0x8 ./startup/startup_mk64f12.o
                0x000006b8                CMP0_IRQHandler
 .text.CMP1_IRQHandler
                0x000006c0        0x8 ./startup/startup_mk64f12.o
                0x000006c0                CMP1_IRQHandler
 .text.FTM0_IRQHandler
                0x000006c8        0x8 ./startup/startup_mk64f12.o
                0x000006c8                FTM0_IRQHandler
 .text.FTM1_IRQHandler
                0x000006d0        0x8 ./startup/startup_mk64f12.o
                0x000006d0                FTM1_IRQHandler
 .text.FTM2_IRQHandler
                0x000006d8        0x8 ./startup/startup_mk64f12.o
                0x000006d8                FTM2_IRQHandler
 .text.CMT_IRQHandler
                0x000006e0        0x8 ./startup/startup_mk64f12.o
                0x000006e0                CMT_IRQHandler
 .text.RTC_IRQHandler
                0x000006e8        0x8 ./startup/startup_mk64f12.o
                0x000006e8                RTC_IRQHandler
 .text.RTC_Seconds_IRQHandler
                0x000006f0        0x8 ./startup/startup_mk64f12.o
                0x000006f0                RTC_Seconds_IRQHandler
 .text.PIT1_IRQHandler
                0x000006f8        0x8 ./startup/startup_mk64f12.o
                0x000006f8                PIT1_IRQHandler
 .text.PIT2_IRQHandler
                0x00000700        0x8 ./startup/startup_mk64f12.o
                0x00000700                PIT2_IRQHandler
 .text.PIT3_IRQHandler
                0x00000708        0x8 ./startup/startup_mk64f12.o
                0x00000708                PIT3_IRQHandler
 .text.PDB0_IRQHandler
                0x00000710        0x8 ./startup/startup_mk64f12.o
                0x00000710                PDB0_IRQHandler
 .text.USB0_IRQHandler
                0x00000718        0x8 ./startup/startup_mk64f12.o
                0x00000718                USB0_IRQHandler
 .text.USBDCD_IRQHandler
                0x00000720        0x8 ./startup/startup_mk64f12.o
                0x00000720                USBDCD_IRQHandler
 .text.Reserved71_IRQHandler
                0x00000728        0x8 ./startup/startup_mk64f12.o
                0x00000728                Reserved71_IRQHandler
 .text.DAC0_IRQHandler
                0x00000730        0x8 ./startup/startup_mk64f12.o
                0x00000730                DAC0_IRQHandler
 .text.MCG_IRQHandler
                0x00000738        0x8 ./startup/startup_mk64f12.o
                0x00000738                MCG_IRQHandler
 .text.LPTMR0_IRQHandler
                0x00000740        0x8 ./startup/startup_mk64f12.o
                0x00000740                LPTMR0_IRQHandler
 .text.PORTA_IRQHandler
                0x00000748        0x8 ./startup/startup_mk64f12.o
                0x00000748                PORTA_IRQHandler
 .text.PORTB_IRQHandler
                0x00000750        0x8 ./startup/startup_mk64f12.o
                0x00000750                PORTB_IRQHandler
 .text.PORTC_IRQHandler
                0x00000758        0x8 ./startup/startup_mk64f12.o
                0x00000758                PORTC_IRQHandler
 .text.PORTD_IRQHandler
                0x00000760        0x8 ./startup/startup_mk64f12.o
                0x00000760                PORTD_IRQHandler
 .text.PORTE_IRQHandler
                0x00000768        0x8 ./startup/startup_mk64f12.o
                0x00000768                PORTE_IRQHandler
 .text.SWI_IRQHandler
                0x00000770        0x8 ./startup/startup_mk64f12.o
                0x00000770                SWI_IRQHandler
 .text.SPI2_IRQHandler
                0x00000778        0x8 ./startup/startup_mk64f12.o
                0x00000778                SPI2_IRQHandler
 .text.UART4_RX_TX_IRQHandler
                0x00000780        0x8 ./startup/startup_mk64f12.o
                0x00000780                UART4_RX_TX_IRQHandler
 .text.UART4_ERR_IRQHandler
                0x00000788        0x8 ./startup/startup_mk64f12.o
                0x00000788                UART4_ERR_IRQHandler
 .text.UART5_RX_TX_IRQHandler
                0x00000790        0x8 ./startup/startup_mk64f12.o
                0x00000790                UART5_RX_TX_IRQHandler
 .text.UART5_ERR_IRQHandler
                0x00000798        0x8 ./startup/startup_mk64f12.o
                0x00000798                UART5_ERR_IRQHandler
 .text.CMP2_IRQHandler
                0x000007a0        0x8 ./startup/startup_mk64f12.o
                0x000007a0                CMP2_IRQHandler
 .text.FTM3_IRQHandler
                0x000007a8        0x8 ./startup/startup_mk64f12.o
                0x000007a8                FTM3_IRQHandler
 .text.DAC1_IRQHandler
                0x000007b0        0x8 ./startup/startup_mk64f12.o
                0x000007b0                DAC1_IRQHandler
 .text.ADC1_IRQHandler
                0x000007b8        0x8 ./startup/startup_mk64f12.o
                0x000007b8                ADC1_IRQHandler
 .text.I2C2_IRQHandler
                0x000007c0        0x8 ./startup/startup_mk64f12.o
                0x000007c0                I2C2_IRQHandler
 .text.CAN0_ORed_Message_buffer_IRQHandler
                0x000007c8        0x8 ./startup/startup_mk64f12.o
                0x000007c8                CAN0_ORed_Message_buffer_IRQHandler
 .text.CAN0_Bus_Off_IRQHandler
                0x000007d0        0x8 ./startup/startup_mk64f12.o
                0x000007d0                CAN0_Bus_Off_IRQHandler
 .text.CAN0_Error_IRQHandler
                0x000007d8        0x8 ./startup/startup_mk64f12.o
                0x000007d8                CAN0_Error_IRQHandler
 .text.CAN0_Tx_Warning_IRQHandler
                0x000007e0        0x8 ./startup/startup_mk64f12.o
                0x000007e0                CAN0_Tx_Warning_IRQHandler
 .text.CAN0_Rx_Warning_IRQHandler
                0x000007e8        0x8 ./startup/startup_mk64f12.o
                0x000007e8                CAN0_Rx_Warning_IRQHandler
 .text.CAN0_Wake_Up_IRQHandler
                0x000007f0        0x8 ./startup/startup_mk64f12.o
                0x000007f0                CAN0_Wake_Up_IRQHandler
 .text.SDHC_IRQHandler
                0x000007f8        0x8 ./startup/startup_mk64f12.o
                0x000007f8                SDHC_IRQHandler
 .text.ENET_1588_Timer_IRQHandler
                0x00000800        0x8 ./startup/startup_mk64f12.o
                0x00000800                ENET_1588_Timer_IRQHandler
 .text.ENET_Transmit_IRQHandler
                0x00000808        0x8 ./startup/startup_mk64f12.o
                0x00000808                ENET_Transmit_IRQHandler
 .text.ENET_Receive_IRQHandler
                0x00000810        0x8 ./startup/startup_mk64f12.o
                0x00000810                ENET_Receive_IRQHandler
 .text.ENET_Error_IRQHandler
                0x00000818        0x8 ./startup/startup_mk64f12.o
                0x00000818                ENET_Error_IRQHandler
 .text.__NVIC_EnableIRQ
                0x00000820       0x3c ./source/pit.o
 .text.EnableIRQ
                0x0000085c       0x2c ./source/pit.o
 .text.GPIO_PinWrite
                0x00000888       0x36 ./source/pit.o
 .text.GPIO_PortToggle
                0x000008be       0x1c ./source/pit.o
 *fill*         0x000008da        0x2 ff
 .text.PIT_GetDefaultConfig
                0x000008dc       0x28 ./source/pit.o
 .text.PIT_EnableInterrupts
                0x00000904       0x3a ./source/pit.o
 .text.PIT_ClearStatusFlags
                0x0000093e       0x2a ./source/pit.o
 .text.PIT_SetTimerPeriod
                0x00000968       0x28 ./source/pit.o
 .text.PIT_StartTimer
                0x00000990       0x38 ./source/pit.o
 .text.PIT0_IRQHandler
                0x000009c8       0x20 ./source/pit.o
                0x000009c8                PIT0_IRQHandler
 .text.main     0x000009e8      0x104 ./source/pit.o
                0x000009e8                main
 .text.HardFault_Handler
                0x00000aec       0x2a ./source/semihost_hardfault.o
                0x00000aec                HardFault_Handler
 *fill*         0x00000b16        0x2 ff
 .text.CLOCK_SetEr32kClock
                0x00000b18       0x30 ./drivers/fsl_clock.o
 .text.CLOCK_SetPllFllSelClock
                0x00000b48       0x3c ./drivers/fsl_clock.o
 .text.OSC_SetExtRefClkConfig
                0x00000b84       0x34 ./drivers/fsl_clock.o
 .text.OSC_SetCapLoad
                0x00000bb8       0x34 ./drivers/fsl_clock.o
 .text.CLOCK_GetMcgExtClkFreq
                0x00000bec       0x78 ./drivers/fsl_clock.o
 .text.CLOCK_GetFllExtRefClkFreq
                0x00000c64       0xcc ./drivers/fsl_clock.o
 .text.CLOCK_GetInternalRefClkSelectFreq
                0x00000d30       0x44 ./drivers/fsl_clock.o
 .text.CLOCK_GetFllRefClkFreq
                0x00000d74       0x2c ./drivers/fsl_clock.o
 .text.CLOCK_GetPll0RefFreq
                0x00000da0        0xe ./drivers/fsl_clock.o
 *fill*         0x00000dae        0x2 ff
 .text.CLOCK_GetOscRangeFromFreq
                0x00000db0       0x3c ./drivers/fsl_clock.o
 .text.CLOCK_GetOsc0ErClkFreq
                0x00000dec       0x38 ./drivers/fsl_clock.o
                0x00000dec                CLOCK_GetOsc0ErClkFreq
 .text.CLOCK_GetEr32kClkFreq
                0x00000e24       0x70 ./drivers/fsl_clock.o
                0x00000e24                CLOCK_GetEr32kClkFreq
 .text.CLOCK_GetPllFllSelClkFreq
                0x00000e94       0x54 ./drivers/fsl_clock.o
                0x00000e94                CLOCK_GetPllFllSelClkFreq
 .text.CLOCK_GetCoreSysClkFreq
                0x00000ee8       0x28 ./drivers/fsl_clock.o
                0x00000ee8                CLOCK_GetCoreSysClkFreq
 .text.CLOCK_GetFreq
                0x00000f10      0x148 ./drivers/fsl_clock.o
                0x00000f10                CLOCK_GetFreq
 .text.CLOCK_SetSimConfig
                0x00001058       0x38 ./drivers/fsl_clock.o
                0x00001058                CLOCK_SetSimConfig
 .text.CLOCK_GetOutClkFreq
                0x00001090       0x64 ./drivers/fsl_clock.o
                0x00001090                CLOCK_GetOutClkFreq
 .text.CLOCK_GetFllFreq
                0x000010f4       0x7c ./drivers/fsl_clock.o
                0x000010f4                CLOCK_GetFllFreq
 .text.CLOCK_GetInternalRefClkFreq
                0x00001170       0x24 ./drivers/fsl_clock.o
                0x00001170                CLOCK_GetInternalRefClkFreq
 .text.CLOCK_GetFixedFreqClkFreq
                0x00001194       0x2e ./drivers/fsl_clock.o
                0x00001194                CLOCK_GetFixedFreqClkFreq
 *fill*         0x000011c2        0x2 ff
 .text.CLOCK_GetPll0Freq
                0x000011c4       0x68 ./drivers/fsl_clock.o
                0x000011c4                CLOCK_GetPll0Freq
 .text.CLOCK_SetExternalRefClkConfig
                0x0000122c       0x6c ./drivers/fsl_clock.o
                0x0000122c                CLOCK_SetExternalRefClkConfig
 .text.CLOCK_SetInternalRefClkConfig
                0x00001298      0x104 ./drivers/fsl_clock.o
                0x00001298                CLOCK_SetInternalRefClkConfig
 .text.CLOCK_EnablePll0
                0x0000139c       0x84 ./drivers/fsl_clock.o
                0x0000139c                CLOCK_EnablePll0
 .text.CLOCK_InitOsc0
                0x00001420       0x8c ./drivers/fsl_clock.o
                0x00001420                CLOCK_InitOsc0
 .text.CLOCK_SetPbeMode
                0x000014ac       0xa8 ./drivers/fsl_clock.o
                0x000014ac                CLOCK_SetPbeMode
 .text.CLOCK_BootToPeeMode
                0x00001554       0x64 ./drivers/fsl_clock.o
                0x00001554                CLOCK_BootToPeeMode
 .text.CLOCK_EnableClock
                0x000015b8       0x36 ./drivers/fsl_pit.o
 *fill*         0x000015ee        0x2 ff
 .text.PIT_GetInstance
                0x000015f0       0x44 ./drivers/fsl_pit.o
 .text.PIT_Init
                0x00001634       0x64 ./drivers/fsl_pit.o
                0x00001634                PIT_Init
 .text.CLOCK_EnableClock
                0x00001698       0x36 ./drivers/fsl_uart.o
 *fill*         0x000016ce        0x2 ff
 .text.UART_GetInstance
                0x000016d0       0x54 ./drivers/fsl_uart.o
                0x000016d0                UART_GetInstance
 .text.UART_Init
                0x00001724      0x2d8 ./drivers/fsl_uart.o
                0x00001724                UART_Init
 .text.UART_GetDefaultConfig
                0x000019fc       0x60 ./drivers/fsl_uart.o
                0x000019fc                UART_GetDefaultConfig
 .text.UART0_DriverIRQHandler
                0x00001a5c       0x28 ./drivers/fsl_uart.o
                0x00001a5c                UART0_DriverIRQHandler
 .text.UART0_RX_TX_DriverIRQHandler
                0x00001a84       0x10 ./drivers/fsl_uart.o
                0x00001a84                UART0_RX_TX_DriverIRQHandler
 .text.UART1_DriverIRQHandler
                0x00001a94       0x28 ./drivers/fsl_uart.o
                0x00001a94                UART1_DriverIRQHandler
 .text.UART1_RX_TX_DriverIRQHandler
                0x00001abc       0x10 ./drivers/fsl_uart.o
                0x00001abc                UART1_RX_TX_DriverIRQHandler
 .text.UART2_DriverIRQHandler
                0x00001acc       0x28 ./drivers/fsl_uart.o
                0x00001acc                UART2_DriverIRQHandler
 .text.UART2_RX_TX_DriverIRQHandler
                0x00001af4       0x10 ./drivers/fsl_uart.o
                0x00001af4                UART2_RX_TX_DriverIRQHandler
 .text.UART3_DriverIRQHandler
                0x00001b04       0x28 ./drivers/fsl_uart.o
                0x00001b04                UART3_DriverIRQHandler
 .text.UART3_RX_TX_DriverIRQHandler
                0x00001b2c       0x10 ./drivers/fsl_uart.o
                0x00001b2c                UART3_RX_TX_DriverIRQHandler
 .text.UART4_DriverIRQHandler
                0x00001b3c       0x28 ./drivers/fsl_uart.o
                0x00001b3c                UART4_DriverIRQHandler
 .text.UART4_RX_TX_DriverIRQHandler
                0x00001b64       0x10 ./drivers/fsl_uart.o
                0x00001b64                UART4_RX_TX_DriverIRQHandler
 .text.UART5_DriverIRQHandler
                0x00001b74       0x28 ./drivers/fsl_uart.o
                0x00001b74                UART5_DriverIRQHandler
 .text.UART5_RX_TX_DriverIRQHandler
                0x00001b9c       0x10 ./drivers/fsl_uart.o
                0x00001b9c                UART5_RX_TX_DriverIRQHandler
 .text.BOARD_InitDebugConsole
                0x00001bac       0x28 ./board/board.o
                0x00001bac                BOARD_InitDebugConsole
 .text.CLOCK_SetSimSafeDivs
                0x00001bd4       0x20 ./board/clock_config.o
 .text.CLOCK_SetXtal0Freq
                0x00001bf4       0x20 ./board/clock_config.o
 .text.CLOCK_CONFIG_SetFllExtRefDiv
                0x00001c14       0x3c ./board/clock_config.o
 .text.BOARD_BootClockRUN
                0x00001c50       0x60 ./board/clock_config.o
                0x00001c50                BOARD_BootClockRUN
 .text.CLOCK_EnableClock
                0x00001cb0       0x36 ./board/pin_mux.o
 .text.PORT_SetPinMux
                0x00001ce6       0x3a ./board/pin_mux.o
 .text.BOARD_InitPins
                0x00001d20       0x50 ./board/pin_mux.o
                0x00001d20                BOARD_InitPins
 .text.SystemInit
                0x00001d70       0x40 ./CMSIS/system_MK64F12.o
                0x00001d70                SystemInit
 .text.__main   0x00001db0        0xe c:/nxp/mcuxpressoide_10.1.1_606/ide/tools/bin/../lib/gcc/arm-none-eabi/6.3.1/../../../../arm-none-eabi/lib/thumb/v7e-m/fpv4-sp/hard\libcr_semihost_nf.a(_cr__main.o)
                0x00001db0                __CR_SEMIHOST
                0x00001db0                __main
 *fill*         0x00001dbe        0x2 ff
 .text.__assertion_failed
                0x00001dc0       0x4c c:/nxp/mcuxpressoide_10.1.1_606/ide/tools/bin/../lib/gcc/arm-none-eabi/6.3.1/../../../../arm-none-eabi/lib/thumb/v7e-m/fpv4-sp/hard\libcr_semihost_nf.a(_cr_assert.o)
                0x00001dc0                __assertion_failed
 .text.__sys_appexit
                0x00001e0c        0xc c:/nxp/mcuxpressoide_10.1.1_606/ide/tools/bin/../lib/gcc/arm-none-eabi/6.3.1/../../../../arm-none-eabi/lib/thumb/v7e-m/fpv4-sp/hard\libcr_semihost_nf.a(__sys_appexit.o)
                0x00001e0c                __sys_appexit
                0x00001e0c                __exit
 .text.memset   0x00001e18        0x4 c:/nxp/mcuxpressoide_10.1.1_606/ide/tools/bin/../lib/gcc/arm-none-eabi/6.3.1/../../../../arm-none-eabi/lib/thumb/v7e-m/fpv4-sp/hard\libcr_c.a(memset.o)
                0x00001e18                memset
 .text._deferredlazyseek
                0x00001e1c       0x40 c:/nxp/mcuxpressoide_10.1.1_606/ide/tools/bin/../lib/gcc/arm-none-eabi/6.3.1/../../../../arm-none-eabi/lib/thumb/v7e-m/fpv4-sp/hard\libcr_c.a(_deferredlazyseek.o)
                0x00001e1c                _deferredlazyseek
 .text.__flsbuf
                0x00001e5c      0x148 c:/nxp/mcuxpressoide_10.1.1_606/ide/tools/bin/../lib/gcc/arm-none-eabi/6.3.1/../../../../arm-none-eabi/lib/thumb/v7e-m/fpv4-sp/hard\libcr_c.a(_deferredlazyseek.o)
                0x00001e5c                __flsbuf
 .text._fflush  0x00001fa4       0x54 c:/nxp/mcuxpressoide_10.1.1_606/ide/tools/bin/../lib/gcc/arm-none-eabi/6.3.1/../../../../arm-none-eabi/lib/thumb/v7e-m/fpv4-sp/hard\libcr_c.a(_fflush.o)
                0x00001fa4                _fflush
 .text._Cwritebuf
                0x00001ff8       0x6c c:/nxp/mcuxpressoide_10.1.1_606/ide/tools/bin/../lib/gcc/arm-none-eabi/6.3.1/../../../../arm-none-eabi/lib/thumb/v7e-m/fpv4-sp/hard\libcr_c.a(_writebuf.o)
                0x00001ff8                _Cwritebuf
 .text.malloc   0x00002064       0xc4 c:/nxp/mcuxpressoide_10.1.1_606/ide/tools/bin/../lib/gcc/arm-none-eabi/6.3.1/../../../../arm-none-eabi/lib/thumb/v7e-m/fpv4-sp/hard\libcr_c.a(alloc.o)
                0x00002064                malloc
 .text.free     0x00002128       0x30 c:/nxp/mcuxpressoide_10.1.1_606/ide/tools/bin/../lib/gcc/arm-none-eabi/6.3.1/../../../../arm-none-eabi/lib/thumb/v7e-m/fpv4-sp/hard\libcr_c.a(alloc.o)
                0x00002128                free
 .text._Csys_alloc
                0x00002158       0x20 c:/nxp/mcuxpressoide_10.1.1_606/ide/tools/bin/../lib/gcc/arm-none-eabi/6.3.1/../../../../arm-none-eabi/lib/thumb/v7e-m/fpv4-sp/hard\libcr_c.a(alloc.o)
                0x00002158                _Csys_alloc
 .text.fputs    0x00002178       0x2c c:/nxp/mcuxpressoide_10.1.1_606/ide/tools/bin/../lib/gcc/arm-none-eabi/6.3.1/../../../../arm-none-eabi/lib/thumb/v7e-m/fpv4-sp/hard\libcr_c.a(fputs.o)
                0x00002178                fputs
 .text.fseek    0x000021a4      0x100 c:/nxp/mcuxpressoide_10.1.1_606/ide/tools/bin/../lib/gcc/arm-none-eabi/6.3.1/../../../../arm-none-eabi/lib/thumb/v7e-m/fpv4-sp/hard\libcr_c.a(fseek.o)
                0x000021a4                fseek
 .text.ftell    0x000022a4       0x48 c:/nxp/mcuxpressoide_10.1.1_606/ide/tools/bin/../lib/gcc/arm-none-eabi/6.3.1/../../../../arm-none-eabi/lib/thumb/v7e-m/fpv4-sp/hard\libcr_c.a(ftell.o)
                0x000022a4                ftell
 .text._initio  0x000022ec       0x78 c:/nxp/mcuxpressoide_10.1.1_606/ide/tools/bin/../lib/gcc/arm-none-eabi/6.3.1/../../../../arm-none-eabi/lib/thumb/v7e-m/fpv4-sp/hard\libcr_c.a(initio.o)
                0x000022ec                _initio
 .text.no_fp_display
                0x00002364        0x4 c:/nxp/mcuxpressoide_10.1.1_606/ide/tools/bin/../lib/gcc/arm-none-eabi/6.3.1/../../../../arm-none-eabi/lib/thumb/v7e-m/fpv4-sp/hard\libcr_c.a(printf.o)
 .text.__vfprintf
                0x00002368      0xb7c c:/nxp/mcuxpressoide_10.1.1_606/ide/tools/bin/../lib/gcc/arm-none-eabi/6.3.1/../../../../arm-none-eabi/lib/thumb/v7e-m/fpv4-sp/hard\libcr_c.a(printf.o)
                0x00002368                __vfprintf
 .text._vsnprintf
                0x00002ee4       0x5c c:/nxp/mcuxpressoide_10.1.1_606/ide/tools/bin/../lib/gcc/arm-none-eabi/6.3.1/../../../../arm-none-eabi/lib/thumb/v7e-m/fpv4-sp/hard\libcr_c.a(printf.o)
                0x00002ee4                _vsnprintf
 .text._printf  0x00002f40       0x54 c:/nxp/mcuxpressoide_10.1.1_606/ide/tools/bin/../lib/gcc/arm-none-eabi/6.3.1/../../../../arm-none-eabi/lib/thumb/v7e-m/fpv4-sp/hard\libcr_c.a(printf.o)
                0x00002f40                _printf
 .text.setvbuf  0x00002f94       0x40 c:/nxp/mcuxpressoide_10.1.1_606/ide/tools/bin/../lib/gcc/arm-none-eabi/6.3.1/../../../../arm-none-eabi/lib/thumb/v7e-m/fpv4-sp/hard\libcr_c.a(setvbuf.o)
                0x00002f94                setvbuf
 .text.strlen   0x00002fd4       0x4a c:/nxp/mcuxpressoide_10.1.1_606/ide/tools/bin/../lib/gcc/arm-none-eabi/6.3.1/../../../../arm-none-eabi/lib/thumb/v7e-m/fpv4-sp/hard\libcr_c.a(strlen.o)
                0x00002fd4                strlen
 *fill*         0x0000301e        0x2 ff
 .text._sbrk    0x00003020       0x3c c:/nxp/mcuxpressoide_10.1.1_606/ide/tools/bin/../lib/gcc/arm-none-eabi/6.3.1/../../../../arm-none-eabi/lib/thumb/v7e-m/fpv4-sp/hard\libcr_c.a(_cr_sbrk.o)
                0x00003020                _sbrk
 .text._fdopen  0x0000305c       0x68 c:/nxp/mcuxpressoide_10.1.1_606/ide/tools/bin/../lib/gcc/arm-none-eabi/6.3.1/../../../../arm-none-eabi/lib/thumb/v7e-m/fpv4-sp/hard\libcr_c.a(_fdopen.o)
                0x0000305c                _fdopen
 .text.fclose   0x000030c4       0x58 c:/nxp/mcuxpressoide_10.1.1_606/ide/tools/bin/../lib/gcc/arm-none-eabi/6.3.1/../../../../arm-none-eabi/lib/thumb/v7e-m/fpv4-sp/hard\libcr_c.a(fclose.o)
                0x000030c4                fclose
 .text.fflush   0x0000311c       0x44 c:/nxp/mcuxpressoide_10.1.1_606/ide/tools/bin/../lib/gcc/arm-none-eabi/6.3.1/../../../../arm-none-eabi/lib/thumb/v7e-m/fpv4-sp/hard\libcr_c.a(fflush.o)
                0x0000311c                fflush
 .text.remove   0x00003160       0x14 c:/nxp/mcuxpressoide_10.1.1_606/ide/tools/bin/../lib/gcc/arm-none-eabi/6.3.1/../../../../arm-none-eabi/lib/thumb/v7e-m/fpv4-sp/hard\libcr_c.a(remove.o)
                0x00003160                remove
 .text.__check_heap_overflow
                0x00003174       0x18 c:/nxp/mcuxpressoide_10.1.1_606/ide/tools/bin/../lib/gcc/arm-none-eabi/6.3.1/../../../../arm-none-eabi/lib/thumb/v7e-m/fpv4-sp/hard\libcr_c.a(_cr_check_heap.o)
                0x00003174                __check_heap_overflow
 .text._do_fflush
                0x0000318c       0x40 c:/nxp/mcuxpressoide_10.1.1_606/ide/tools/bin/../lib/gcc/arm-none-eabi/6.3.1/../../../../arm-none-eabi/lib/thumb/v7e-m/fpv4-sp/hard\libcr_c.a(_do_fflush.o)
                0x0000318c                _do_fflush
 .text.__aeabi_division_uldivmod
                0x000031cc      0x174 c:/nxp/mcuxpressoide_10.1.1_606/ide/tools/bin/../lib/gcc/arm-none-eabi/6.3.1/thumb/v7e-m/fpv4-sp/hard\libcr_eabihelpers.a(division_64.o)
                0x000031cc                __aeabi_uldivmod
                0x000031d0                __bhs_ldivmod1
 .text.__aeabi_division_idiv0
                0x00003340        0x2 c:/nxp/mcuxpressoide_10.1.1_606/ide/tools/bin/../lib/gcc/arm-none-eabi/6.3.1/thumb/v7e-m/fpv4-sp/hard\libcr_eabihelpers.a(division_idiv0.o)
                0x00003340                __aeabi_idiv0
 .text.__aeabi_memset_lowlevel
                0x00003342       0x32 c:/nxp/mcuxpressoide_10.1.1_606/ide/tools/bin/../lib/gcc/arm-none-eabi/6.3.1/thumb/v7e-m/fpv4-sp/hard\libcr_eabihelpers.a(memcpy.o)
                0x00003342                __aeabi_lowlevel_memset
 .text.__sys_close
                0x00003374        0xc c:/nxp/mcuxpressoide_10.1.1_606/ide/tools/bin/../lib/gcc/arm-none-eabi/6.3.1/../../../../arm-none-eabi/lib/thumb/v7e-m/fpv4-sp/hard\libcr_semihost_nf.a(__sys_close.o)
                0x00003374                __sys_close
 .text.__sys_flen
                0x00003380        0xc c:/nxp/mcuxpressoide_10.1.1_606/ide/tools/bin/../lib/gcc/arm-none-eabi/6.3.1/../../../../arm-none-eabi/lib/thumb/v7e-m/fpv4-sp/hard\libcr_semihost_nf.a(__sys_flen.o)
                0x00003380                __sys_flen
 .text.__sys_istty
                0x0000338c        0xc c:/nxp/mcuxpressoide_10.1.1_606/ide/tools/bin/../lib/gcc/arm-none-eabi/6.3.1/../../../../arm-none-eabi/lib/thumb/v7e-m/fpv4-sp/hard\libcr_semihost_nf.a(__sys_istty.o)
                0x0000338c                __sys_istty
 .text.__sys_remove
                0x00003398        0xc c:/nxp/mcuxpressoide_10.1.1_606/ide/tools/bin/../lib/gcc/arm-none-eabi/6.3.1/../../../../arm-none-eabi/lib/thumb/v7e-m/fpv4-sp/hard\libcr_semihost_nf.a(__sys_remove.o)
                0x00003398                __sys_remove
 .text.__sys_seek
                0x000033a4        0xc c:/nxp/mcuxpressoide_10.1.1_606/ide/tools/bin/../lib/gcc/arm-none-eabi/6.3.1/../../../../arm-none-eabi/lib/thumb/v7e-m/fpv4-sp/hard\libcr_semihost_nf.a(__sys_seek.o)
                0x000033a4                __sys_seek
 .text.__sys_tmpnam
                0x000033b0        0xc c:/nxp/mcuxpressoide_10.1.1_606/ide/tools/bin/../lib/gcc/arm-none-eabi/6.3.1/../../../../arm-none-eabi/lib/thumb/v7e-m/fpv4-sp/hard\libcr_semihost_nf.a(__sys_tmpnam.o)
                0x000033b0                __sys_tmpnam
 .text.__sys_write
                0x000033bc        0xc c:/nxp/mcuxpressoide_10.1.1_606/ide/tools/bin/../lib/gcc/arm-none-eabi/6.3.1/../../../../arm-none-eabi/lib/thumb/v7e-m/fpv4-sp/hard\libcr_semihost_nf.a(__sys_write.o)
                0x000033bc                __sys_write
 *(.rodata .rodata.* .constdata .constdata.*)
 .rodata        0x000033c8       0x50 ./utilities/fsl_debug_console.o
 .rodata        0x00003418       0x27 ./utilities/fsl_io.o
 *fill*         0x0000343f        0x1 ff
 .rodata        0x00003440       0xa3 ./source/pit.o
 *fill*         0x000034e3        0x1 ff
 .rodata        0x000034e4      0x149 ./drivers/fsl_clock.o
 *fill*         0x0000362d        0x3 ff
 .rodata.fllFactorTable.7491
                0x00003630       0x10 ./drivers/fsl_clock.o
 .rodata        0x00003640       0x5d ./drivers/fsl_pit.o
 *fill*         0x0000369d        0x3 ff
 .rodata.s_uartBases
                0x000036a0       0x18 ./drivers/fsl_uart.o
 .rodata.s_uartClock
                0x000036b8       0x18 ./drivers/fsl_uart.o
 .rodata        0x000036d0      0x513 ./drivers/fsl_uart.o
 *fill*         0x00003be3        0x1 ff
 .rodata.mcgConfig_BOARD_BootClockRUN
                0x00003be4        0xb ./board/clock_config.o
                0x00003be4                mcgConfig_BOARD_BootClockRUN
 *fill*         0x00003bef        0x1 ff
 .rodata.simConfig_BOARD_BootClockRUN
                0x00003bf0        0x8 ./board/clock_config.o
                0x00003bf0                simConfig_BOARD_BootClockRUN
 .rodata.oscConfig_BOARD_BootClockRUN
                0x00003bf8        0x8 ./board/clock_config.o
                0x00003bf8                oscConfig_BOARD_BootClockRUN
 .rodata.__assertion_failed.str1.1
                0x00003c00       0x15 c:/nxp/mcuxpressoide_10.1.1_606/ide/tools/bin/../lib/gcc/arm-none-eabi/6.3.1/../../../../arm-none-eabi/lib/thumb/v7e-m/fpv4-sp/hard\libcr_semihost_nf.a(_cr_assert.o)
 *fill*         0x00003c15        0x3 ff
 .rodata.__num_Ciob_streams
                0x00003c18        0x4 c:/nxp/mcuxpressoide_10.1.1_606/ide/tools/bin/../lib/gcc/arm-none-eabi/6.3.1/../../../../arm-none-eabi/lib/thumb/v7e-m/fpv4-sp/hard\libcr_semihost_nf.a(__ciob.o)
                0x00003c18                __num_Ciob_streams
 .rodata._Csys_alloc.str1.1
                0x00003c1c       0x18 c:/nxp/mcuxpressoide_10.1.1_606/ide/tools/bin/../lib/gcc/arm-none-eabi/6.3.1/../../../../arm-none-eabi/lib/thumb/v7e-m/fpv4-sp/hard\libcr_c.a(alloc.o)
 .rodata._initio.str1.1
                0x00003c34        0x4 c:/nxp/mcuxpressoide_10.1.1_606/ide/tools/bin/../lib/gcc/arm-none-eabi/6.3.1/../../../../arm-none-eabi/lib/thumb/v7e-m/fpv4-sp/hard\libcr_c.a(initio.o)
 .rodata.__vfprintf.str1.1
                0x00003c38       0x35 c:/nxp/mcuxpressoide_10.1.1_606/ide/tools/bin/../lib/gcc/arm-none-eabi/6.3.1/../../../../arm-none-eabi/lib/thumb/v7e-m/fpv4-sp/hard\libcr_c.a(printf.o)
                                 0x38 (size before relaxing)
                0x00003c70                . = ALIGN (0x4)
 *fill*         0x00003c6d        0x3 ff

.glue_7         0x00003c70        0x0
 .glue_7        0x00003c70        0x0 linker stubs

.glue_7t        0x00003c70        0x0
 .glue_7t       0x00003c70        0x0 linker stubs

.vfp11_veneer   0x00003c70        0x0
 .vfp11_veneer  0x00003c70        0x0 linker stubs

.v4_bx          0x00003c70        0x0
 .v4_bx         0x00003c70        0x0 linker stubs

.iplt           0x00003c70        0x0
 .iplt          0x00003c70        0x0 ./utilities/fsl_assert.o

.rel.dyn        0x00003c70        0x0
 .rel.iplt      0x00003c70        0x0 ./utilities/fsl_assert.o

.ARM.extab
 *(.ARM.extab* .gnu.linkonce.armextab.*)
                0x00003c70                __exidx_start = .

.ARM.exidx
 *(.ARM.exidx* .gnu.linkonce.armexidx.*)
                0x00003c70                __exidx_end = .
                0x00003c70                _etext = .

.m_usb_data
 *(m_usb_bdt)

.data_RAM2      0x1fff0000        0x0 load address 0x00003c70
 FILL mask 0xff
                [!provide]                PROVIDE (__start_data_RAM2, .)
 *(.ramfunc.$RAM2)
 *(.ramfunc.$SRAM_LOWER)
 *(.data.$RAM2*)
 *(.data.$SRAM_LOWER*)
                0x1fff0000                . = ALIGN (0x4)
                [!provide]                PROVIDE (__end_data_RAM2, .)

.data_RAM3      0x14000000        0x0 load address 0x00003c70
 FILL mask 0xff
                [!provide]                PROVIDE (__start_data_RAM3, .)
 *(.ramfunc.$RAM3)
 *(.ramfunc.$FLEX_RAM)
 *(.data.$RAM3*)
 *(.data.$FLEX_RAM*)
                0x14000000                . = ALIGN (0x4)
                [!provide]                PROVIDE (__end_data_RAM3, .)

.uninit_RESERVED
                0x20000000        0x0
 *(.bss.$RESERVED*)
                0x20000000                . = ALIGN (0x4)
                0x20000000                _end_uninit_RESERVED = .

.data           0x20000000        0xc load address 0x00003c70
 FILL mask 0xff
                0x20000000                _data = .
 *(vtable)
 *(.ramfunc*)
 *(.data*)
 .data.s_slowIrcFreq
                0x20000000        0x4 ./drivers/fsl_clock.o
 .data.s_fastIrcFreq
                0x20000004        0x4 ./drivers/fsl_clock.o
 .data.SystemCoreClock
                0x20000008        0x4 ./CMSIS/system_MK64F12.o
                0x20000008                SystemCoreClock
                0x2000000c                . = ALIGN (0x4)
                0x2000000c                _edata = .

.igot.plt       0x2000000c        0x0 load address 0x00003c7c
 .igot.plt      0x2000000c        0x0 ./utilities/fsl_assert.o

.bss_RAM2       0x1fff0000        0x0
                [!provide]                PROVIDE (__start_bss_RAM2, .)
 *(.bss.$RAM2*)
 *(.bss.$SRAM_LOWER*)
                0x1fff0000                . = ALIGN ((. != 0x0)?0x4:0x1)
                [!provide]                PROVIDE (__end_bss_RAM2, .)

.bss_RAM3       0x14000000        0x0
                [!provide]                PROVIDE (__start_bss_RAM3, .)
 *(.bss.$RAM3*)
 *(.bss.$FLEX_RAM*)
                0x14000000                . = ALIGN ((. != 0x0)?0x4:0x1)
                [!provide]                PROVIDE (__end_bss_RAM3, .)

.bss            0x2000000c       0xf0
                0x2000000c                _bss = .
 *(.bss*)
 .bss.s_debugConsoleIO
                0x2000000c        0x8 ./utilities/fsl_io.o
 .bss.pitIsrFlag
                0x20000014        0x1 ./source/pit.o
                0x20000014                pitIsrFlag
 *fill*         0x20000015        0x3 
 .bss.g_xtal0Freq
                0x20000018        0x4 ./drivers/fsl_clock.o
                0x20000018                g_xtal0Freq
 .bss.g_xtal32Freq
                0x2000001c        0x4 ./drivers/fsl_clock.o
                0x2000001c                g_xtal32Freq
 .bss.s_uartHandle
                0x20000020       0x18 ./drivers/fsl_uart.o
 .bss.s_uartIsr
                0x20000038        0x4 ./drivers/fsl_uart.o
 .bss.__Ciob    0x2000003c       0xb4 c:/nxp/mcuxpressoide_10.1.1_606/ide/tools/bin/../lib/gcc/arm-none-eabi/6.3.1/../../../../arm-none-eabi/lib/thumb/v7e-m/fpv4-sp/hard\libcr_semihost_nf.a(__ciob.o)
                0x2000003c                __Ciob
 .bss.__end_of_heap
                0x200000f0        0x4 c:/nxp/mcuxpressoide_10.1.1_606/ide/tools/bin/../lib/gcc/arm-none-eabi/6.3.1/../../../../arm-none-eabi/lib/thumb/v7e-m/fpv4-sp/hard\libcr_c.a(__init_alloc.o)
                0x200000f0                __end_of_heap
 .bss.__heaps   0x200000f4        0x4 c:/nxp/mcuxpressoide_10.1.1_606/ide/tools/bin/../lib/gcc/arm-none-eabi/6.3.1/../../../../arm-none-eabi/lib/thumb/v7e-m/fpv4-sp/hard\libcr_c.a(__init_alloc.o)
                0x200000f4                __heaps
 .bss.errno     0x200000f8        0x4 c:/nxp/mcuxpressoide_10.1.1_606/ide/tools/bin/../lib/gcc/arm-none-eabi/6.3.1/../../../../arm-none-eabi/lib/thumb/v7e-m/fpv4-sp/hard\libcr_c.a(errno.o)
                0x200000f8                errno
 *(COMMON)
                0x200000fc                . = ALIGN (0x4)
                0x200000fc                _ebss = .
                [!provide]                PROVIDE (end, .)

.noinit_RAM2    0x1fff0000        0x0
 *(.noinit.$RAM2*)
 *(.noinit.$SRAM_LOWER*)
                0x1fff0000                . = ALIGN (0x4)

.noinit_RAM3    0x14000000        0x0
 *(.noinit.$RAM3*)
 *(.noinit.$FLEX_RAM*)
                0x14000000                . = ALIGN (0x4)

.noinit         0x200000fc        0x0
                0x200000fc                _noinit = .
 *(.noinit*)
                0x200000fc                . = ALIGN (0x4)
                0x200000fc                _end_noinit = .
                0x00001000                _HeapSize = 0x1000

.heap           0x200000fc     0x1000
                0x200000fc                _pvHeapStart = .
                0x200010fc                . = (. + _HeapSize)
 *fill*         0x200000fc     0x1000 
                0x200010fc                . = ALIGN (0x4)
                0x200010fc                _pvHeapLimit = .
                0x00001000                _StackSize = 0x1000

.heap2stackfill
                0x200010fc     0x1000
                0x200020fc                . = (. + _StackSize)
 *fill*         0x200010fc     0x1000 

.stack          0x2002f000        0x0
                0x2002f000                _vStackBase = .
                0x2002f000                . = ALIGN (0x4)
                0x20030000                _vStackTop = (. + _StackSize)
                0x00000000                _image_start = LOADADDR (.text)
                0x00003c7c                _image_end = (LOADADDR (.data) + SIZEOF (.data))
                0x00003c7c                _image_size = (_image_end - _image_start)
OUTPUT(frdmk64f_driver_examples_pit.axf elf32-littlearm)

.debug_info     0x00000000     0x82f3
 .debug_info    0x00000000      0x2bf ./utilities/fsl_debug_console.o
 .debug_info    0x000002bf      0x81a ./utilities/fsl_io.o
 .debug_info    0x00000ad9      0x33c ./utilities/fsl_log.o
 .debug_info    0x00000e15      0x8b3 ./startup/startup_mk64f12.o
 .debug_info    0x000016c8      0xee7 ./source/pit.o
 .debug_info    0x000025af       0x37 ./source/semihost_hardfault.o
 .debug_info    0x000025e6     0x1e85 ./drivers/fsl_clock.o
 .debug_info    0x0000446b      0x69d ./drivers/fsl_pit.o
 .debug_info    0x00004b08     0x19d1 ./drivers/fsl_uart.o
 .debug_info    0x000064d9      0x70f ./board/board.o
 .debug_info    0x00006be8      0xa97 ./board/clock_config.o
 .debug_info    0x0000767f      0x652 ./board/pin_mux.o
 .debug_info    0x00007cd1      0x622 ./CMSIS/system_MK64F12.o

.debug_abbrev   0x00000000     0x1650
 .debug_abbrev  0x00000000      0x102 ./utilities/fsl_debug_console.o
 .debug_abbrev  0x00000102      0x21b ./utilities/fsl_io.o
 .debug_abbrev  0x0000031d      0x17b ./utilities/fsl_log.o
 .debug_abbrev  0x00000498      0x159 ./startup/startup_mk64f12.o
 .debug_abbrev  0x000005f1      0x254 ./source/pit.o
 .debug_abbrev  0x00000845       0x2c ./source/semihost_hardfault.o
 .debug_abbrev  0x00000871      0x302 ./drivers/fsl_clock.o
 .debug_abbrev  0x00000b73      0x1d2 ./drivers/fsl_pit.o
 .debug_abbrev  0x00000d45      0x2fc ./drivers/fsl_uart.o
 .debug_abbrev  0x00001041      0x157 ./board/board.o
 .debug_abbrev  0x00001198      0x1ed ./board/clock_config.o
 .debug_abbrev  0x00001385      0x192 ./board/pin_mux.o
 .debug_abbrev  0x00001517      0x139 ./CMSIS/system_MK64F12.o

.debug_aranges  0x00000000      0x8f0
 .debug_aranges
                0x00000000       0x30 ./utilities/fsl_debug_console.o
 .debug_aranges
                0x00000030       0x48 ./utilities/fsl_io.o
 .debug_aranges
                0x00000078       0x58 ./utilities/fsl_log.o
 .debug_aranges
                0x000000d0      0x330 ./startup/startup_mk64f12.o
 .debug_aranges
                0x00000400       0x70 ./source/pit.o
 .debug_aranges
                0x00000470       0x20 ./source/semihost_hardfault.o
 .debug_aranges
                0x00000490      0x1e8 ./drivers/fsl_clock.o
 .debug_aranges
                0x00000678       0x40 ./drivers/fsl_pit.o
 .debug_aranges
                0x000006b8      0x170 ./drivers/fsl_uart.o
 .debug_aranges
                0x00000828       0x20 ./board/board.o
 .debug_aranges
                0x00000848       0x50 ./board/clock_config.o
 .debug_aranges
                0x00000898       0x30 ./board/pin_mux.o
 .debug_aranges
                0x000008c8       0x28 ./CMSIS/system_MK64F12.o

.debug_ranges   0x00000000      0x820
 .debug_ranges  0x00000000       0x20 ./utilities/fsl_debug_console.o
 .debug_ranges  0x00000020       0x38 ./utilities/fsl_io.o
 .debug_ranges  0x00000058       0x48 ./utilities/fsl_log.o
 .debug_ranges  0x000000a0      0x320 ./startup/startup_mk64f12.o
 .debug_ranges  0x000003c0       0x60 ./source/pit.o
 .debug_ranges  0x00000420       0x10 ./source/semihost_hardfault.o
 .debug_ranges  0x00000430      0x1d8 ./drivers/fsl_clock.o
 .debug_ranges  0x00000608       0x30 ./drivers/fsl_pit.o
 .debug_ranges  0x00000638      0x160 ./drivers/fsl_uart.o
 .debug_ranges  0x00000798       0x10 ./board/board.o
 .debug_ranges  0x000007a8       0x40 ./board/clock_config.o
 .debug_ranges  0x000007e8       0x20 ./board/pin_mux.o
 .debug_ranges  0x00000808       0x18 ./CMSIS/system_MK64F12.o

.debug_line     0x00000000     0x2d3e
 .debug_line    0x00000000      0x1f1 ./utilities/fsl_debug_console.o
 .debug_line    0x000001f1      0x281 ./utilities/fsl_io.o
 .debug_line    0x00000472      0x28d ./utilities/fsl_log.o
 .debug_line    0x000006ff      0x67e ./startup/startup_mk64f12.o
 .debug_line    0x00000d7d      0x31e ./source/pit.o
 .debug_line    0x0000109b       0x54 ./source/semihost_hardfault.o
 .debug_line    0x000010ef      0x962 ./drivers/fsl_clock.o
 .debug_line    0x00001a51      0x1f2 ./drivers/fsl_pit.o
 .debug_line    0x00001c43      0x977 ./drivers/fsl_uart.o
 .debug_line    0x000025ba      0x1c3 ./board/board.o
 .debug_line    0x0000277d      0x266 ./board/clock_config.o
 .debug_line    0x000029e3      0x1e5 ./board/pin_mux.o
 .debug_line    0x00002bc8      0x176 ./CMSIS/system_MK64F12.o

.debug_str      0x00000000     0x4163
 .debug_str     0x00000000      0x3b5 ./utilities/fsl_debug_console.o
                                0x3f6 (size before relaxing)
 .debug_str     0x000003b5      0x9d0 ./utilities/fsl_io.o
                                0xcd8 (size before relaxing)
 .debug_str     0x00000d85       0x85 ./utilities/fsl_log.o
                                0x3ac (size before relaxing)
 .debug_str     0x00000e0a      0x7ed ./startup/startup_mk64f12.o
                                0x941 (size before relaxing)
 .debug_str     0x000015f7      0xc3f ./source/pit.o
                               0x1562 (size before relaxing)
 .debug_str     0x00002236       0x1f ./source/semihost_hardfault.o
                                0x15a (size before relaxing)
 .debug_str     0x00002255     0x1020 ./drivers/fsl_clock.o
                               0x1cfe (size before relaxing)
 .debug_str     0x00003275       0x59 ./drivers/fsl_pit.o
                                0xaff (size before relaxing)
 .debug_str     0x000032ce      0x9d7 ./drivers/fsl_uart.o
                               0x1e5a (size before relaxing)
 .debug_str     0x00003ca5       0x37 ./board/board.o
                                0x759 (size before relaxing)
 .debug_str     0x00003cdc      0x222 ./board/clock_config.o
                                0xec3 (size before relaxing)
 .debug_str     0x00003efe      0x164 ./board/pin_mux.o
                                0x709 (size before relaxing)
 .debug_str     0x00004062      0x101 ./CMSIS/system_MK64F12.o
                                0x3fd (size before relaxing)

.comment        0x00000000       0x7f
 .comment       0x00000000       0x7f ./utilities/fsl_debug_console.o
                                 0x80 (size before relaxing)
 .comment       0x0000007f       0x80 ./utilities/fsl_io.o
 .comment       0x0000007f       0x80 ./utilities/fsl_log.o
 .comment       0x0000007f       0x80 ./startup/startup_mk64f12.o
 .comment       0x0000007f       0x80 ./source/pit.o
 .comment       0x0000007f       0x80 ./source/semihost_hardfault.o
 .comment       0x0000007f       0x80 ./drivers/fsl_clock.o
 .comment       0x0000007f       0x80 ./drivers/fsl_pit.o
 .comment       0x0000007f       0x80 ./drivers/fsl_uart.o
 .comment       0x0000007f       0x80 ./board/board.o
 .comment       0x0000007f       0x80 ./board/clock_config.o
 .comment       0x0000007f       0x80 ./board/pin_mux.o
 .comment       0x0000007f       0x80 ./CMSIS/system_MK64F12.o
 .comment       0x0000007f       0x80 c:/nxp/mcuxpressoide_10.1.1_606/ide/tools/bin/../lib/gcc/arm-none-eabi/6.3.1/../../../../arm-none-eabi/lib/thumb/v7e-m/fpv4-sp/hard\libcr_semihost_nf.a(_cr__main.o)
 .comment       0x0000007f       0x80 c:/nxp/mcuxpressoide_10.1.1_606/ide/tools/bin/../lib/gcc/arm-none-eabi/6.3.1/../../../../arm-none-eabi/lib/thumb/v7e-m/fpv4-sp/hard\libcr_semihost_nf.a(_cr_assert.o)
 .comment       0x0000007f       0x80 c:/nxp/mcuxpressoide_10.1.1_606/ide/tools/bin/../lib/gcc/arm-none-eabi/6.3.1/../../../../arm-none-eabi/lib/thumb/v7e-m/fpv4-sp/hard\libcr_semihost_nf.a(__ciob.o)
 .comment       0x0000007f       0x80 c:/nxp/mcuxpressoide_10.1.1_606/ide/tools/bin/../lib/gcc/arm-none-eabi/6.3.1/../../../../arm-none-eabi/lib/thumb/v7e-m/fpv4-sp/hard\libcr_c.a(memset.o)
 .comment       0x0000007f       0x80 c:/nxp/mcuxpressoide_10.1.1_606/ide/tools/bin/../lib/gcc/arm-none-eabi/6.3.1/../../../../arm-none-eabi/lib/thumb/v7e-m/fpv4-sp/hard\libcr_c.a(_deferredlazyseek.o)
 .comment       0x0000007f       0x80 c:/nxp/mcuxpressoide_10.1.1_606/ide/tools/bin/../lib/gcc/arm-none-eabi/6.3.1/../../../../arm-none-eabi/lib/thumb/v7e-m/fpv4-sp/hard\libcr_c.a(_fflush.o)
 .comment       0x0000007f       0x80 c:/nxp/mcuxpressoide_10.1.1_606/ide/tools/bin/../lib/gcc/arm-none-eabi/6.3.1/../../../../arm-none-eabi/lib/thumb/v7e-m/fpv4-sp/hard\libcr_c.a(_writebuf.o)
 .comment       0x0000007f       0x80 c:/nxp/mcuxpressoide_10.1.1_606/ide/tools/bin/../lib/gcc/arm-none-eabi/6.3.1/../../../../arm-none-eabi/lib/thumb/v7e-m/fpv4-sp/hard\libcr_c.a(alloc.o)
 .comment       0x0000007f       0x80 c:/nxp/mcuxpressoide_10.1.1_606/ide/tools/bin/../lib/gcc/arm-none-eabi/6.3.1/../../../../arm-none-eabi/lib/thumb/v7e-m/fpv4-sp/hard\libcr_c.a(fputs.o)
 .comment       0x0000007f       0x80 c:/nxp/mcuxpressoide_10.1.1_606/ide/tools/bin/../lib/gcc/arm-none-eabi/6.3.1/../../../../arm-none-eabi/lib/thumb/v7e-m/fpv4-sp/hard\libcr_c.a(fseek.o)
 .comment       0x0000007f       0x80 c:/nxp/mcuxpressoide_10.1.1_606/ide/tools/bin/../lib/gcc/arm-none-eabi/6.3.1/../../../../arm-none-eabi/lib/thumb/v7e-m/fpv4-sp/hard\libcr_c.a(ftell.o)
 .comment       0x0000007f       0x80 c:/nxp/mcuxpressoide_10.1.1_606/ide/tools/bin/../lib/gcc/arm-none-eabi/6.3.1/../../../../arm-none-eabi/lib/thumb/v7e-m/fpv4-sp/hard\libcr_c.a(initio.o)
 .comment       0x0000007f       0x80 c:/nxp/mcuxpressoide_10.1.1_606/ide/tools/bin/../lib/gcc/arm-none-eabi/6.3.1/../../../../arm-none-eabi/lib/thumb/v7e-m/fpv4-sp/hard\libcr_c.a(printf.o)
 .comment       0x0000007f       0x80 c:/nxp/mcuxpressoide_10.1.1_606/ide/tools/bin/../lib/gcc/arm-none-eabi/6.3.1/../../../../arm-none-eabi/lib/thumb/v7e-m/fpv4-sp/hard\libcr_c.a(setvbuf.o)
 .comment       0x0000007f       0x80 c:/nxp/mcuxpressoide_10.1.1_606/ide/tools/bin/../lib/gcc/arm-none-eabi/6.3.1/../../../../arm-none-eabi/lib/thumb/v7e-m/fpv4-sp/hard\libcr_c.a(strlen.o)
 .comment       0x0000007f       0x80 c:/nxp/mcuxpressoide_10.1.1_606/ide/tools/bin/../lib/gcc/arm-none-eabi/6.3.1/../../../../arm-none-eabi/lib/thumb/v7e-m/fpv4-sp/hard\libcr_c.a(__init_alloc.o)
 .comment       0x0000007f       0x80 c:/nxp/mcuxpressoide_10.1.1_606/ide/tools/bin/../lib/gcc/arm-none-eabi/6.3.1/../../../../arm-none-eabi/lib/thumb/v7e-m/fpv4-sp/hard\libcr_c.a(_cr_sbrk.o)
 .comment       0x0000007f       0x80 c:/nxp/mcuxpressoide_10.1.1_606/ide/tools/bin/../lib/gcc/arm-none-eabi/6.3.1/../../../../arm-none-eabi/lib/thumb/v7e-m/fpv4-sp/hard\libcr_c.a(_fdopen.o)
 .comment       0x0000007f       0x80 c:/nxp/mcuxpressoide_10.1.1_606/ide/tools/bin/../lib/gcc/arm-none-eabi/6.3.1/../../../../arm-none-eabi/lib/thumb/v7e-m/fpv4-sp/hard\libcr_c.a(errno.o)
 .comment       0x0000007f       0x80 c:/nxp/mcuxpressoide_10.1.1_606/ide/tools/bin/../lib/gcc/arm-none-eabi/6.3.1/../../../../arm-none-eabi/lib/thumb/v7e-m/fpv4-sp/hard\libcr_c.a(fclose.o)
 .comment       0x0000007f       0x80 c:/nxp/mcuxpressoide_10.1.1_606/ide/tools/bin/../lib/gcc/arm-none-eabi/6.3.1/../../../../arm-none-eabi/lib/thumb/v7e-m/fpv4-sp/hard\libcr_c.a(fflush.o)
 .comment       0x0000007f       0x80 c:/nxp/mcuxpressoide_10.1.1_606/ide/tools/bin/../lib/gcc/arm-none-eabi/6.3.1/../../../../arm-none-eabi/lib/thumb/v7e-m/fpv4-sp/hard\libcr_c.a(remove.o)
 .comment       0x0000007f       0x80 c:/nxp/mcuxpressoide_10.1.1_606/ide/tools/bin/../lib/gcc/arm-none-eabi/6.3.1/../../../../arm-none-eabi/lib/thumb/v7e-m/fpv4-sp/hard\libcr_c.a(_cr_check_heap.o)
 .comment       0x0000007f       0x80 c:/nxp/mcuxpressoide_10.1.1_606/ide/tools/bin/../lib/gcc/arm-none-eabi/6.3.1/../../../../arm-none-eabi/lib/thumb/v7e-m/fpv4-sp/hard\libcr_c.a(_do_fflush.o)

.ARM.attributes
                0x00000000       0x37
 .ARM.attributes
                0x00000000       0x39 ./utilities/fsl_debug_console.o
 .ARM.attributes
                0x00000039       0x39 ./utilities/fsl_io.o
 .ARM.attributes
                0x00000072       0x39 ./utilities/fsl_log.o
 .ARM.attributes
                0x000000ab       0x39 ./startup/startup_mk64f12.o
 .ARM.attributes
                0x000000e4       0x39 ./source/pit.o
 .ARM.attributes
                0x0000011d       0x39 ./source/semihost_hardfault.o
 .ARM.attributes
                0x00000156       0x39 ./drivers/fsl_clock.o
 .ARM.attributes
                0x0000018f       0x39 ./drivers/fsl_pit.o
 .ARM.attributes
                0x000001c8       0x39 ./drivers/fsl_uart.o
 .ARM.attributes
                0x00000201       0x39 ./board/board.o
 .ARM.attributes
                0x0000023a       0x39 ./board/clock_config.o
 .ARM.attributes
                0x00000273       0x39 ./board/pin_mux.o
 .ARM.attributes
                0x000002ac       0x39 ./CMSIS/system_MK64F12.o
 .ARM.attributes
                0x000002e5       0x39 c:/nxp/mcuxpressoide_10.1.1_606/ide/tools/bin/../lib/gcc/arm-none-eabi/6.3.1/../../../../arm-none-eabi/lib/thumb/v7e-m/fpv4-sp/hard\libcr_semihost_nf.a(_cr__main.o)
 .ARM.attributes
                0x0000031e       0x39 c:/nxp/mcuxpressoide_10.1.1_606/ide/tools/bin/../lib/gcc/arm-none-eabi/6.3.1/../../../../arm-none-eabi/lib/thumb/v7e-m/fpv4-sp/hard\libcr_semihost_nf.a(_cr_assert.o)
 .ARM.attributes
                0x00000357       0x39 c:/nxp/mcuxpressoide_10.1.1_606/ide/tools/bin/../lib/gcc/arm-none-eabi/6.3.1/../../../../arm-none-eabi/lib/thumb/v7e-m/fpv4-sp/hard\libcr_semihost_nf.a(__ciob.o)
 .ARM.attributes
                0x00000390       0x25 c:/nxp/mcuxpressoide_10.1.1_606/ide/tools/bin/../lib/gcc/arm-none-eabi/6.3.1/../../../../arm-none-eabi/lib/thumb/v7e-m/fpv4-sp/hard\libcr_semihost_nf.a(__sys_appexit.o)
 .ARM.attributes
                0x000003b5       0x39 c:/nxp/mcuxpressoide_10.1.1_606/ide/tools/bin/../lib/gcc/arm-none-eabi/6.3.1/../../../../arm-none-eabi/lib/thumb/v7e-m/fpv4-sp/hard\libcr_c.a(memset.o)
 .ARM.attributes
                0x000003ee       0x39 c:/nxp/mcuxpressoide_10.1.1_606/ide/tools/bin/../lib/gcc/arm-none-eabi/6.3.1/../../../../arm-none-eabi/lib/thumb/v7e-m/fpv4-sp/hard\libcr_c.a(_deferredlazyseek.o)
 .ARM.attributes
                0x00000427       0x39 c:/nxp/mcuxpressoide_10.1.1_606/ide/tools/bin/../lib/gcc/arm-none-eabi/6.3.1/../../../../arm-none-eabi/lib/thumb/v7e-m/fpv4-sp/hard\libcr_c.a(_fflush.o)
 .ARM.attributes
                0x00000460       0x39 c:/nxp/mcuxpressoide_10.1.1_606/ide/tools/bin/../lib/gcc/arm-none-eabi/6.3.1/../../../../arm-none-eabi/lib/thumb/v7e-m/fpv4-sp/hard\libcr_c.a(_writebuf.o)
 .ARM.attributes
                0x00000499       0x39 c:/nxp/mcuxpressoide_10.1.1_606/ide/tools/bin/../lib/gcc/arm-none-eabi/6.3.1/../../../../arm-none-eabi/lib/thumb/v7e-m/fpv4-sp/hard\libcr_c.a(alloc.o)
 .ARM.attributes
                0x000004d2       0x39 c:/nxp/mcuxpressoide_10.1.1_606/ide/tools/bin/../lib/gcc/arm-none-eabi/6.3.1/../../../../arm-none-eabi/lib/thumb/v7e-m/fpv4-sp/hard\libcr_c.a(fputs.o)
 .ARM.attributes
                0x0000050b       0x39 c:/nxp/mcuxpressoide_10.1.1_606/ide/tools/bin/../lib/gcc/arm-none-eabi/6.3.1/../../../../arm-none-eabi/lib/thumb/v7e-m/fpv4-sp/hard\libcr_c.a(fseek.o)
 .ARM.attributes
                0x00000544       0x39 c:/nxp/mcuxpressoide_10.1.1_606/ide/tools/bin/../lib/gcc/arm-none-eabi/6.3.1/../../../../arm-none-eabi/lib/thumb/v7e-m/fpv4-sp/hard\libcr_c.a(ftell.o)
 .ARM.attributes
                0x0000057d       0x39 c:/nxp/mcuxpressoide_10.1.1_606/ide/tools/bin/../lib/gcc/arm-none-eabi/6.3.1/../../../../arm-none-eabi/lib/thumb/v7e-m/fpv4-sp/hard\libcr_c.a(initio.o)
 .ARM.attributes
                0x000005b6       0x39 c:/nxp/mcuxpressoide_10.1.1_606/ide/tools/bin/../lib/gcc/arm-none-eabi/6.3.1/../../../../arm-none-eabi/lib/thumb/v7e-m/fpv4-sp/hard\libcr_c.a(printf.o)
 .ARM.attributes
                0x000005ef       0x39 c:/nxp/mcuxpressoide_10.1.1_606/ide/tools/bin/../lib/gcc/arm-none-eabi/6.3.1/../../../../arm-none-eabi/lib/thumb/v7e-m/fpv4-sp/hard\libcr_c.a(setvbuf.o)
 .ARM.attributes
                0x00000628       0x39 c:/nxp/mcuxpressoide_10.1.1_606/ide/tools/bin/../lib/gcc/arm-none-eabi/6.3.1/../../../../arm-none-eabi/lib/thumb/v7e-m/fpv4-sp/hard\libcr_c.a(strlen.o)
 .ARM.attributes
                0x00000661       0x39 c:/nxp/mcuxpressoide_10.1.1_606/ide/tools/bin/../lib/gcc/arm-none-eabi/6.3.1/../../../../arm-none-eabi/lib/thumb/v7e-m/fpv4-sp/hard\libcr_c.a(__init_alloc.o)
 .ARM.attributes
                0x0000069a       0x39 c:/nxp/mcuxpressoide_10.1.1_606/ide/tools/bin/../lib/gcc/arm-none-eabi/6.3.1/../../../../arm-none-eabi/lib/thumb/v7e-m/fpv4-sp/hard\libcr_c.a(_cr_sbrk.o)
 .ARM.attributes
                0x000006d3       0x39 c:/nxp/mcuxpressoide_10.1.1_606/ide/tools/bin/../lib/gcc/arm-none-eabi/6.3.1/../../../../arm-none-eabi/lib/thumb/v7e-m/fpv4-sp/hard\libcr_c.a(_fdopen.o)
 .ARM.attributes
                0x0000070c       0x39 c:/nxp/mcuxpressoide_10.1.1_606/ide/tools/bin/../lib/gcc/arm-none-eabi/6.3.1/../../../../arm-none-eabi/lib/thumb/v7e-m/fpv4-sp/hard\libcr_c.a(errno.o)
 .ARM.attributes
                0x00000745       0x39 c:/nxp/mcuxpressoide_10.1.1_606/ide/tools/bin/../lib/gcc/arm-none-eabi/6.3.1/../../../../arm-none-eabi/lib/thumb/v7e-m/fpv4-sp/hard\libcr_c.a(fclose.o)
 .ARM.attributes
                0x0000077e       0x39 c:/nxp/mcuxpressoide_10.1.1_606/ide/tools/bin/../lib/gcc/arm-none-eabi/6.3.1/../../../../arm-none-eabi/lib/thumb/v7e-m/fpv4-sp/hard\libcr_c.a(fflush.o)
 .ARM.attributes
                0x000007b7       0x39 c:/nxp/mcuxpressoide_10.1.1_606/ide/tools/bin/../lib/gcc/arm-none-eabi/6.3.1/../../../../arm-none-eabi/lib/thumb/v7e-m/fpv4-sp/hard\libcr_c.a(remove.o)
 .ARM.attributes
                0x000007f0       0x39 c:/nxp/mcuxpressoide_10.1.1_606/ide/tools/bin/../lib/gcc/arm-none-eabi/6.3.1/../../../../arm-none-eabi/lib/thumb/v7e-m/fpv4-sp/hard\libcr_c.a(_cr_check_heap.o)
 .ARM.attributes
                0x00000829       0x39 c:/nxp/mcuxpressoide_10.1.1_606/ide/tools/bin/../lib/gcc/arm-none-eabi/6.3.1/../../../../arm-none-eabi/lib/thumb/v7e-m/fpv4-sp/hard\libcr_c.a(_do_fflush.o)
 .ARM.attributes
                0x00000862       0x25 c:/nxp/mcuxpressoide_10.1.1_606/ide/tools/bin/../lib/gcc/arm-none-eabi/6.3.1/thumb/v7e-m/fpv4-sp/hard\libcr_eabihelpers.a(division_64.o)
 .ARM.attributes
                0x00000887       0x25 c:/nxp/mcuxpressoide_10.1.1_606/ide/tools/bin/../lib/gcc/arm-none-eabi/6.3.1/thumb/v7e-m/fpv4-sp/hard\libcr_eabihelpers.a(division_idiv0.o)
 .ARM.attributes
                0x000008ac       0x25 c:/nxp/mcuxpressoide_10.1.1_606/ide/tools/bin/../lib/gcc/arm-none-eabi/6.3.1/thumb/v7e-m/fpv4-sp/hard\libcr_eabihelpers.a(memcpy.o)
 .ARM.attributes
                0x000008d1       0x25 c:/nxp/mcuxpressoide_10.1.1_606/ide/tools/bin/../lib/gcc/arm-none-eabi/6.3.1/../../../../arm-none-eabi/lib/thumb/v7e-m/fpv4-sp/hard\libcr_semihost_nf.a(__sys_close.o)
 .ARM.attributes
                0x000008f6       0x25 c:/nxp/mcuxpressoide_10.1.1_606/ide/tools/bin/../lib/gcc/arm-none-eabi/6.3.1/../../../../arm-none-eabi/lib/thumb/v7e-m/fpv4-sp/hard\libcr_semihost_nf.a(__sys_flen.o)
 .ARM.attributes
                0x0000091b       0x25 c:/nxp/mcuxpressoide_10.1.1_606/ide/tools/bin/../lib/gcc/arm-none-eabi/6.3.1/../../../../arm-none-eabi/lib/thumb/v7e-m/fpv4-sp/hard\libcr_semihost_nf.a(__sys_istty.o)
 .ARM.attributes
                0x00000940       0x25 c:/nxp/mcuxpressoide_10.1.1_606/ide/tools/bin/../lib/gcc/arm-none-eabi/6.3.1/../../../../arm-none-eabi/lib/thumb/v7e-m/fpv4-sp/hard\libcr_semihost_nf.a(__sys_remove.o)
 .ARM.attributes
                0x00000965       0x25 c:/nxp/mcuxpressoide_10.1.1_606/ide/tools/bin/../lib/gcc/arm-none-eabi/6.3.1/../../../../arm-none-eabi/lib/thumb/v7e-m/fpv4-sp/hard\libcr_semihost_nf.a(__sys_seek.o)
 .ARM.attributes
                0x0000098a       0x25 c:/nxp/mcuxpressoide_10.1.1_606/ide/tools/bin/../lib/gcc/arm-none-eabi/6.3.1/../../../../arm-none-eabi/lib/thumb/v7e-m/fpv4-sp/hard\libcr_semihost_nf.a(__sys_tmpnam.o)
 .ARM.attributes
                0x000009af       0x25 c:/nxp/mcuxpressoide_10.1.1_606/ide/tools/bin/../lib/gcc/arm-none-eabi/6.3.1/../../../../arm-none-eabi/lib/thumb/v7e-m/fpv4-sp/hard\libcr_semihost_nf.a(__sys_write.o)

.debug_frame    0x00000000     0x1e30
 .debug_frame   0x00000000       0x6c ./utilities/fsl_debug_console.o
 .debug_frame   0x0000006c       0xe0 ./utilities/fsl_io.o
 .debug_frame   0x0000014c      0x120 ./utilities/fsl_log.o
 .debug_frame   0x0000026c      0x904 ./startup/startup_mk64f12.o
 .debug_frame   0x00000b70      0x1b8 ./source/pit.o
 .debug_frame   0x00000d28       0x20 ./source/semihost_hardfault.o
 .debug_frame   0x00000d48      0x820 ./drivers/fsl_clock.o
 .debug_frame   0x00001568       0xcc ./drivers/fsl_pit.o
 .debug_frame   0x00001634      0x5ec ./drivers/fsl_uart.o
 .debug_frame   0x00001c20       0x34 ./board/board.o
 .debug_frame   0x00001c54      0x108 ./board/clock_config.o
 .debug_frame   0x00001d5c       0x7c ./board/pin_mux.o
 .debug_frame   0x00001dd8       0x58 ./CMSIS/system_MK64F12.o
