Archive member included to satisfy reference by file (symbol)

c:/nxp/mcuxpressoide_10.1.1_606/ide/tools/bin/../lib/gcc/arm-none-eabi/6.3.1/../../../../arm-none-eabi/lib/thumb/v7e-m/fpv4-sp/hard\libcr_semihost_nf.a(_cr__main.o)
                              ./startup/startup_mk64f12.o (__main)
c:/nxp/mcuxpressoide_10.1.1_606/ide/tools/bin/../lib/gcc/arm-none-eabi/6.3.1/../../../../arm-none-eabi/lib/thumb/v7e-m/fpv4-sp/hard\libcr_semihost_nf.a(_cr_assert.o)
                              ./utilities/fsl_debug_console.o (__assertion_failed)
c:/nxp/mcuxpressoide_10.1.1_606/ide/tools/bin/../lib/gcc/arm-none-eabi/6.3.1/../../../../arm-none-eabi/lib/thumb/v7e-m/fpv4-sp/hard\libcr_semihost_nf.a(__ciob.o)
                              c:/nxp/mcuxpressoide_10.1.1_606/ide/tools/bin/../lib/gcc/arm-none-eabi/6.3.1/../../../../arm-none-eabi/lib/thumb/v7e-m/fpv4-sp/hard\libcr_semihost_nf.a(_cr_assert.o) (__Ciob)
c:/nxp/mcuxpressoide_10.1.1_606/ide/tools/bin/../lib/gcc/arm-none-eabi/6.3.1/../../../../arm-none-eabi/lib/thumb/v7e-m/fpv4-sp/hard\libcr_semihost_nf.a(__sys_appexit.o)
                              c:/nxp/mcuxpressoide_10.1.1_606/ide/tools/bin/../lib/gcc/arm-none-eabi/6.3.1/../../../../arm-none-eabi/lib/thumb/v7e-m/fpv4-sp/hard\libcr_semihost_nf.a(_cr_assert.o) (__sys_appexit)
c:/nxp/mcuxpressoide_10.1.1_606/ide/tools/bin/../lib/gcc/arm-none-eabi/6.3.1/../../../../arm-none-eabi/lib/thumb/v7e-m/fpv4-sp/hard\libcr_c.a(memcpy.o)
                              ./lwip/src/netif/ethernet.o (memcpy)
c:/nxp/mcuxpressoide_10.1.1_606/ide/tools/bin/../lib/gcc/arm-none-eabi/6.3.1/../../../../arm-none-eabi/lib/thumb/v7e-m/fpv4-sp/hard\libcr_c.a(memset.o)
                              ./lwip/src/core/ipv4/dhcp.o (memset)
c:/nxp/mcuxpressoide_10.1.1_606/ide/tools/bin/../lib/gcc/arm-none-eabi/6.3.1/../../../../arm-none-eabi/lib/thumb/v7e-m/fpv4-sp/hard\libcr_c.a(_deferredlazyseek.o)
                              c:/nxp/mcuxpressoide_10.1.1_606/ide/tools/bin/../lib/gcc/arm-none-eabi/6.3.1/../../../../arm-none-eabi/lib/thumb/v7e-m/fpv4-sp/hard\libcr_semihost_nf.a(_cr_assert.o) (__flsbuf)
c:/nxp/mcuxpressoide_10.1.1_606/ide/tools/bin/../lib/gcc/arm-none-eabi/6.3.1/../../../../arm-none-eabi/lib/thumb/v7e-m/fpv4-sp/hard\libcr_c.a(_fflush.o)
                              c:/nxp/mcuxpressoide_10.1.1_606/ide/tools/bin/../lib/gcc/arm-none-eabi/6.3.1/../../../../arm-none-eabi/lib/thumb/v7e-m/fpv4-sp/hard\libcr_c.a(_deferredlazyseek.o) (_fflush)
c:/nxp/mcuxpressoide_10.1.1_606/ide/tools/bin/../lib/gcc/arm-none-eabi/6.3.1/../../../../arm-none-eabi/lib/thumb/v7e-m/fpv4-sp/hard\libcr_c.a(_writebuf.o)
                              c:/nxp/mcuxpressoide_10.1.1_606/ide/tools/bin/../lib/gcc/arm-none-eabi/6.3.1/../../../../arm-none-eabi/lib/thumb/v7e-m/fpv4-sp/hard\libcr_c.a(_deferredlazyseek.o) (_Cwritebuf)
c:/nxp/mcuxpressoide_10.1.1_606/ide/tools/bin/../lib/gcc/arm-none-eabi/6.3.1/../../../../arm-none-eabi/lib/thumb/v7e-m/fpv4-sp/hard\libcr_c.a(alloc.o)
                              ./freertos/portable/heap_3.o (malloc)
c:/nxp/mcuxpressoide_10.1.1_606/ide/tools/bin/../lib/gcc/arm-none-eabi/6.3.1/../../../../arm-none-eabi/lib/thumb/v7e-m/fpv4-sp/hard\libcr_c.a(fputs.o)
                              c:/nxp/mcuxpressoide_10.1.1_606/ide/tools/bin/../lib/gcc/arm-none-eabi/6.3.1/../../../../arm-none-eabi/lib/thumb/v7e-m/fpv4-sp/hard\libcr_semihost_nf.a(_cr_assert.o) (fputs)
c:/nxp/mcuxpressoide_10.1.1_606/ide/tools/bin/../lib/gcc/arm-none-eabi/6.3.1/../../../../arm-none-eabi/lib/thumb/v7e-m/fpv4-sp/hard\libcr_c.a(fseek.o)
                              c:/nxp/mcuxpressoide_10.1.1_606/ide/tools/bin/../lib/gcc/arm-none-eabi/6.3.1/../../../../arm-none-eabi/lib/thumb/v7e-m/fpv4-sp/hard\libcr_c.a(_deferredlazyseek.o) (fseek)
c:/nxp/mcuxpressoide_10.1.1_606/ide/tools/bin/../lib/gcc/arm-none-eabi/6.3.1/../../../../arm-none-eabi/lib/thumb/v7e-m/fpv4-sp/hard\libcr_c.a(ftell.o)
                              c:/nxp/mcuxpressoide_10.1.1_606/ide/tools/bin/../lib/gcc/arm-none-eabi/6.3.1/../../../../arm-none-eabi/lib/thumb/v7e-m/fpv4-sp/hard\libcr_c.a(fseek.o) (ftell)
c:/nxp/mcuxpressoide_10.1.1_606/ide/tools/bin/../lib/gcc/arm-none-eabi/6.3.1/../../../../arm-none-eabi/lib/thumb/v7e-m/fpv4-sp/hard\libcr_c.a(initio.o)
                              c:/nxp/mcuxpressoide_10.1.1_606/ide/tools/bin/../lib/gcc/arm-none-eabi/6.3.1/../../../../arm-none-eabi/lib/thumb/v7e-m/fpv4-sp/hard\libcr_semihost_nf.a(_cr__main.o) (_initio)
c:/nxp/mcuxpressoide_10.1.1_606/ide/tools/bin/../lib/gcc/arm-none-eabi/6.3.1/../../../../arm-none-eabi/lib/thumb/v7e-m/fpv4-sp/hard\libcr_c.a(memcmp.o)
                              ./lwip/src/netif/ethernet.o (memcmp)
c:/nxp/mcuxpressoide_10.1.1_606/ide/tools/bin/../lib/gcc/arm-none-eabi/6.3.1/../../../../arm-none-eabi/lib/thumb/v7e-m/fpv4-sp/hard\libcr_c.a(printf.o)
                              ./freertos/source/tasks.o (_sprintf)
[...]
Memory Configuration

Name             Origin             Length             Attributes
PROGRAM_FLASH    0x00000000         0x00100000         xr
SRAM_UPPER       0x20000000         0x00030000         xrw
SRAM_LOWER       0x1fff0000         0x00010000         xrw
FLEX_RAM         0x14000000         0x00001000         xrw
*default*        0x00000000         0xffffffff

Linker script and memory map

LOAD ./utilities/fsl_assert.o
LOAD ./utilities/fsl_debug_console.o
LOAD ./utilities/fsl_io.o
LOAD ./utilities/fsl_log.o
LOAD ./utilities/fsl_str.o
LOAD ./startup/startup_mk64f12.o
LOAD ./source/lwip_udpecho_freertos.o
LOAD ./source/semihost_hardfault.o
LOAD ./lwip/src/netif/ppp/auth.o
LOAD ./lwip/src/netif/ppp/ccp.o
LOAD ./lwip/src/netif/ppp/chap-md5.o
LOAD ./lwip/src/netif/ppp/chap-new.o
LOAD ./lwip/src/netif/ppp/chap_ms.o
LOAD ./lwip/src/netif/ppp/demand.o
LOAD ./lwip/src/netif/ppp/eap.o
LOAD ./lwip/src/netif/ppp/eui64.o
LOAD ./lwip/src/netif/ppp/fsm.o
LOAD ./lwip/src/netif/ppp/ipcp.o
LOAD ./lwip/src/netif/ppp/ipv6cp.o
LOAD ./lwip/src/netif/ppp/lcp.o
LOAD ./lwip/src/netif/ppp/lwip_ecp.o
LOAD ./lwip/src/netif/ppp/magic.o
LOAD ./lwip/src/netif/ppp/mppe.o
LOAD ./lwip/src/netif/ppp/multilink.o
LOAD ./lwip/src/netif/ppp/ppp.o
LOAD ./lwip/src/netif/ppp/pppapi.o
LOAD ./lwip/src/netif/ppp/pppcrypt.o
LOAD ./lwip/src/netif/ppp/pppoe.o
LOAD ./lwip/src/netif/ppp/pppol2tp.o
LOAD ./lwip/src/netif/ppp/pppos.o
LOAD ./lwip/src/netif/ppp/upap.o
LOAD ./lwip/src/netif/ppp/utils.o
LOAD ./lwip/src/netif/ppp/vj.o
LOAD ./lwip/src/netif/ethernet.o
LOAD ./lwip/src/netif/lowpan6.o
LOAD ./lwip/src/netif/slipif.o
LOAD ./lwip/src/core/ipv6/dhcp6.o
LOAD ./lwip/src/core/ipv6/ethip6.o
LOAD ./lwip/src/core/ipv6/icmp6.o
LOAD ./lwip/src/core/ipv6/inet6.o
LOAD ./lwip/src/core/ipv6/ip6.o
LOAD ./lwip/src/core/ipv6/ip6_addr.o
LOAD ./lwip/src/core/ipv6/ip6_frag.o
LOAD ./lwip/src/core/ipv6/mld6.o
LOAD ./lwip/src/core/ipv6/nd6.o
LOAD ./lwip/src/core/ipv4/autoip.o
LOAD ./lwip/src/core/ipv4/dhcp.o
LOAD ./lwip/src/core/ipv4/etharp.o
LOAD ./lwip/src/core/ipv4/icmp.o
LOAD ./lwip/src/core/ipv4/igmp.o
LOAD ./lwip/src/core/ipv4/ip4.o
LOAD ./lwip/src/core/ipv4/ip4_addr.o
LOAD ./lwip/src/core/ipv4/ip4_frag.o
LOAD ./lwip/src/core/def.o
LOAD ./lwip/src/core/dns.o
LOAD ./lwip/src/core/inet_chksum.o
LOAD ./lwip/src/core/init.o
LOAD ./lwip/src/core/ip.o
LOAD ./lwip/src/core/mem.o
LOAD ./lwip/src/core/memp.o
LOAD ./lwip/src/core/netif.o
LOAD ./lwip/src/core/pbuf.o
LOAD ./lwip/src/core/raw.o
LOAD ./lwip/src/core/stats.o
LOAD ./lwip/src/core/sys.o
LOAD ./lwip/src/core/tcp.o
LOAD ./lwip/src/core/tcp_in.o
LOAD ./lwip/src/core/tcp_out.o
LOAD ./lwip/src/core/timeouts.o
LOAD ./lwip/src/core/udp.o
LOAD ./lwip/src/api/api_lib.o
LOAD ./lwip/src/api/api_msg.o
LOAD ./lwip/src/api/err.o
LOAD ./lwip/src/api/netbuf.o
LOAD ./lwip/src/api/netdb.o
LOAD ./lwip/src/api/netifapi.o
LOAD ./lwip/src/api/sockets.o
LOAD ./lwip/src/api/tcpip.o
LOAD ./lwip/port/ethernetif.o
LOAD ./lwip/port/sys_arch.o
LOAD ./lwip/contrib/apps/udpecho/udpecho.o
LOAD ./freertos/source/croutine.o
LOAD ./freertos/source/event_groups.o
LOAD ./freertos/source/list.o
LOAD ./freertos/source/queue.o
LOAD ./freertos/source/tasks.o
LOAD ./freertos/source/timers.o
LOAD ./freertos/portable/fsl_tickless_systick.o
LOAD ./freertos/portable/heap_3.o
LOAD ./freertos/portable/port.o
LOAD ./drivers/fsl_clock.o
LOAD ./drivers/fsl_common.o
LOAD ./drivers/fsl_dac.o
LOAD ./drivers/fsl_enet.o
LOAD ./drivers/fsl_flash.o
LOAD ./drivers/fsl_gpio.o
LOAD ./drivers/fsl_pit.o
LOAD ./drivers/fsl_sim.o
LOAD ./drivers/fsl_smc.o
LOAD ./drivers/fsl_uart.o
LOAD ./board/board.o
LOAD ./board/clock_config.o
LOAD ./board/fsl_phy.o
LOAD ./board/pin_mux.o
LOAD ./CMSIS/system_MK64F12.o
START GROUP
LOAD c:/nxp/mcuxpressoide_10.1.1_606/ide/tools/bin/../lib/gcc/arm-none-eabi/6.3.1/../../../../arm-none-eabi/lib/thumb/v7e-m/fpv4-sp/hard\libcr_semihost_nf.a
LOAD c:/nxp/mcuxpressoide_10.1.1_606/ide/tools/bin/../lib/gcc/arm-none-eabi/6.3.1/../../../../arm-none-eabi/lib/thumb/v7e-m/fpv4-sp/hard\libcr_c.a
LOAD c:/nxp/mcuxpressoide_10.1.1_606/ide/tools/bin/../lib/gcc/arm-none-eabi/6.3.1/thumb/v7e-m/fpv4-sp/hard\libcr_eabihelpers.a
END GROUP
                0x00000000                __base_PROGRAM_FLASH = 0x0
                0x00000000                __base_Flash = 0x0
                0x00100000                __top_PROGRAM_FLASH = 0x100000
                0x00100000                __top_Flash = 0x100000
                0x20000000                __base_SRAM_UPPER = 0x20000000
                0x20000000                __base_RAM = 0x20000000
                0x20030000                __top_SRAM_UPPER = 0x20030000
                0x20030000                __top_RAM = 0x20030000
                0x1fff0000                __base_SRAM_LOWER = 0x1fff0000
                0x1fff0000                __base_RAM2 = 0x1fff0000
                0x20000000                __top_SRAM_LOWER = 0x20000000
                0x20000000                __top_RAM2 = 0x20000000
                0x14000000                __base_FLEX_RAM = 0x14000000
                0x14000000                __base_RAM3 = 0x14000000
                0x14001000                __top_FLEX_RAM = 0x14001000
                0x14001000                __top_RAM3 = 0x14001000

.text           0x00000000    0x17118
 FILL mask 0xff
                0x00000000                __vectors_start__ = ABSOLUTE (.)
 *(.isr_vector)
 .isr_vector    0x00000000      0x198 ./startup/startup_mk64f12.o
                0x00000000                g_pfnVectors
                0x00000000                __Vectors
                0x00000198                . = ALIGN (0x4)
                0x00000198                __section_table_start = .
                0x00000198                __data_section_table = .
                0x00000198        0x4 LONG 0x17118 LOADADDR (.data)
                0x0000019c        0x4 LONG 0x20000000 ADDR (.data)
                0x000001a0        0x4 LONG 0x24 SIZEOF (.data)
                0x000001a4        0x4 LONG 0x17118 LOADADDR (.data_RAM2)
                0x000001a8        0x4 LONG 0x1fff0000 ADDR (.data_RAM2)
                0x000001ac        0x4 LONG 0x0 SIZEOF (.data_RAM2)
                0x000001b0        0x4 LONG 0x17118 LOADADDR (.data_RAM3)
                0x000001b4        0x4 LONG 0x14000000 ADDR (.data_RAM3)
                0x000001b8        0x4 LONG 0x0 SIZEOF (.data_RAM3)
                0x000001bc                __data_section_table_end = .
                0x000001bc                __bss_section_table = .
                0x000001bc        0x4 LONG 0x20000030 ADDR (.bss)
                0x000001c0        0x4 LONG 0xda58 SIZEOF (.bss)
                0x000001c4        0x4 LONG 0x1fff0000 ADDR (.bss_RAM2)
                0x000001c8        0x4 LONG 0x0 SIZEOF (.bss_RAM2)
                0x000001cc        0x4 LONG 0x14000000 ADDR (.bss_RAM3)
                0x000001d0        0x4 LONG 0x0 SIZEOF (.bss_RAM3)
                0x000001d4                __bss_section_table_end = .
                0x000001d4                __section_table_end = .
 *(.after_vectors*)
 .after_vectors.init_data
                0x000001d4       0x1e ./startup/startup_mk64f12.o
                0x000001d4                data_init
 .after_vectors.init_bss
                0x000001f2       0x12 ./startup/startup_mk64f12.o
                0x000001f2                bss_init
 .after_vectors.reset
                0x00000204       0x4c ./startup/startup_mk64f12.o
                0x00000204                ResetISR
 .after_vectors
                0x00000250       0x14 ./startup/startup_mk64f12.o
                0x00000250                NMI_Handler
                0x00000254                MemManage_Handler
                0x00000256                BusFault_Handler
                0x00000258                UsageFault_Handler
                0x0000025c                DebugMon_Handler
                0x00000262                LPTMR0_DriverIRQHandler
                0x00000262                DMA_Error_DriverIRQHandler
                0x00000262                SPI1_DriverIRQHandler
                0x00000262                FTM1_DriverIRQHandler
                0x00000262                FTM2_DriverIRQHandler
                0x00000262                PIT2_DriverIRQHandler
                0x00000262                SDHC_DriverIRQHandler
                0x00000262                I2S0_Tx_DriverIRQHandler
                0x00000262                RTC_Seconds_DriverIRQHandler
                0x00000262                DMA6_DriverIRQHandler
                0x00000262                LLWU_DriverIRQHandler
                0x00000262                MCM_DriverIRQHandler
                0x00000262                MCG_DriverIRQHandler
                0x00000262                ENET_1588_Timer_DriverIRQHandler
                0x00000262                I2C2_DriverIRQHandler
                0x00000262                DAC1_DriverIRQHandler
                0x00000262                DMA12_DriverIRQHandler
                0x00000262                CMP1_DriverIRQHandler
                0x00000262                FTM0_DriverIRQHandler
                0x00000262                IntDefaultHandler
                0x00000262                USB0_DriverIRQHandler
                0x00000262                UART5_ERR_DriverIRQHandler
                0x00000262                PORTC_DriverIRQHandler
                0x00000262                DMA11_DriverIRQHandler
                0x00000262                DAC0_DriverIRQHandler
                0x00000262                DMA10_DriverIRQHandler
                0x00000262                CMP2_DriverIRQHandler
                0x00000262                UART2_ERR_DriverIRQHandler
                0x00000262                SPI2_DriverIRQHandler
                0x00000262                LVD_LVW_DriverIRQHandler
                0x00000262                PIT0_DriverIRQHandler
                0x00000262                PORTB_DriverIRQHandler
                0x00000262                DMA5_DriverIRQHandler
                0x00000262                DMA4_DriverIRQHandler
                0x00000262                USBDCD_DriverIRQHandler
                0x00000262                UART3_ERR_DriverIRQHandler
                0x00000262                DMA3_DriverIRQHandler
                0x00000262                DMA8_DriverIRQHandler
                0x00000262                DMA9_DriverIRQHandler
                0x00000262                UART0_ERR_DriverIRQHandler
                0x00000262                CMT_DriverIRQHandler
                0x00000262                Reserved71_DriverIRQHandler
                0x00000262                ADC1_DriverIRQHandler
                0x00000262                PORTA_DriverIRQHandler
                0x00000262                DMA14_DriverIRQHandler
                0x00000262                PIT3_DriverIRQHandler
                0x00000262                PIT1_DriverIRQHandler
                0x00000262                WDOG_EWM_DriverIRQHandler
                0x00000262                PDB0_DriverIRQHandler
                0x00000262                RTC_DriverIRQHandler
                0x00000262                I2S0_Rx_DriverIRQHandler
                0x00000262                Read_Collision_DriverIRQHandler
                0x00000262                SWI_DriverIRQHandler
                0x00000262                UART4_ERR_DriverIRQHandler
                0x00000262                DMA0_DriverIRQHandler
                0x00000262                UART0_LON_DriverIRQHandler
                0x00000262                DMA1_DriverIRQHandler
                0x00000262                I2C1_DriverIRQHandler
                0x00000262                ENET_Receive_DriverIRQHandler
                0x00000262                DMA13_DriverIRQHandler
                0x00000262                ENET_Error_DriverIRQHandler
                0x00000262                DMA15_DriverIRQHandler
                0x00000262                SPI0_DriverIRQHandler
                0x00000262                ADC0_DriverIRQHandler
                0x00000262                CMP0_DriverIRQHandler
                0x00000262                CAN0_DriverIRQHandler
                0x00000262                FTM3_DriverIRQHandler
                0x00000262                RNG_DriverIRQHandler
                0x00000262                UART1_ERR_DriverIRQHandler
                0x00000262                DMA2_DriverIRQHandler
                0x00000262                ENET_Transmit_DriverIRQHandler
                0x00000262                PORTD_DriverIRQHandler
                0x00000262                PORTE_DriverIRQHandler
                0x00000262                FTFE_DriverIRQHandler
                0x00000262                I2C0_DriverIRQHandler
                0x00000262                DMA7_DriverIRQHandler
                0x00000400                . = 0x400
 *fill*         0x00000264      0x19c ff
                0x00000400                PROVIDE (__FLASH_CONFIG_START__, .)
 *(.FlashConfig)
 .FlashConfig   0x00000400       0x10 ./startup/startup_mk64f12.o
                0x00000400                Flash_Config
                0x00000410                PROVIDE (__FLASH_CONFIG_END__, .)
                0x00000001                ASSERT (! ((__FLASH_CONFIG_START__ == __FLASH_CONFIG_END__)), Linker Flash Config Support Enabled, but no .FlashConfig section provided within application)
 *(.text*)
 .text.DbgConsole_Init
                0x00000410       0x38 ./utilities/fsl_debug_console.o
                0x00000410                DbgConsole_Init
 .text.UART_EnableTx
                0x00000448       0x40 ./utilities/fsl_io.o
 .text.UART_EnableRx
                0x00000488       0x40 ./utilities/fsl_io.o
 .text.IO_Init  0x000004c8       0x80 ./utilities/fsl_io.o
                0x000004c8                IO_Init
 .text.LOG_Init
                0x00000548       0x30 ./utilities/fsl_log.o
                0x00000548                LOG_Init
 .text.DMA0_IRQHandler
                0x00000578        0x8 ./startup/startup_mk64f12.o
                0x00000578                DMA0_IRQHandler
 .text.DMA1_IRQHandler
                0x00000580        0x8 ./startup/startup_mk64f12.o
                0x00000580                DMA1_IRQHandler
 .text.DMA2_IRQHandler
                0x00000588        0x8 ./startup/startup_mk64f12.o
                0x00000588                DMA2_IRQHandler
 .text.DMA3_IRQHandler
                0x00000590        0x8 ./startup/startup_mk64f12.o
                0x00000590                DMA3_IRQHandler
 .text.DMA4_IRQHandler
                0x00000598        0x8 ./startup/startup_mk64f12.o
                0x00000598                DMA4_IRQHandler
 .text.DMA5_IRQHandler
                0x000005a0        0x8 ./startup/startup_mk64f12.o
                0x000005a0                DMA5_IRQHandler
 .text.DMA6_IRQHandler
                0x000005a8        0x8 ./startup/startup_mk64f12.o
                0x000005a8                DMA6_IRQHandler
 .text.DMA7_IRQHandler
                0x000005b0        0x8 ./startup/startup_mk64f12.o
                0x000005b0                DMA7_IRQHandler
 .text.DMA8_IRQHandler
                0x000005b8        0x8 ./startup/startup_mk64f12.o
                0x000005b8                DMA8_IRQHandler
 .text.DMA9_IRQHandler
                0x000005c0        0x8 ./startup/startup_mk64f12.o
                0x000005c0                DMA9_IRQHandler
 .text.DMA10_IRQHandler
                0x000005c8        0x8 ./startup/startup_mk64f12.o
                0x000005c8                DMA10_IRQHandler
 .text.DMA11_IRQHandler
                0x000005d0        0x8 ./startup/startup_mk64f12.o
                0x000005d0                DMA11_IRQHandler
 .text.DMA12_IRQHandler
                0x000005d8        0x8 ./startup/startup_mk64f12.o
                0x000005d8                DMA12_IRQHandler
 .text.DMA13_IRQHandler
                0x000005e0        0x8 ./startup/startup_mk64f12.o
                0x000005e0                DMA13_IRQHandler
 .text.DMA14_IRQHandler
                0x000005e8        0x8 ./startup/startup_mk64f12.o
                0x000005e8                DMA14_IRQHandler
 .text.DMA15_IRQHandler
                0x000005f0        0x8 ./startup/startup_mk64f12.o
                0x000005f0                DMA15_IRQHandler
 .text.DMA_Error_IRQHandler
                0x000005f8        0x8 ./startup/startup_mk64f12.o
                0x000005f8                DMA_Error_IRQHandler
 .text.MCM_IRQHandler
                0x00000600        0x8 ./startup/startup_mk64f12.o
                0x00000600                MCM_IRQHandler
 .text.FTFE_IRQHandler
                0x00000608        0x8 ./startup/startup_mk64f12.o
                0x00000608                FTFE_IRQHandler
 .text.Read_Collision_IRQHandler
                0x00000610        0x8 ./startup/startup_mk64f12.o
                0x00000610                Read_Collision_IRQHandler
 .text.LVD_LVW_IRQHandler
                0x00000618        0x8 ./startup/startup_mk64f12.o
                0x00000618                LVD_LVW_IRQHandler
 .text.LLWU_IRQHandler
                0x00000620        0x8 ./startup/startup_mk64f12.o
                0x00000620                LLWU_IRQHandler
 .text.WDOG_EWM_IRQHandler
                0x00000628        0x8 ./startup/startup_mk64f12.o
                0x00000628                WDOG_EWM_IRQHandler
 .text.RNG_IRQHandler
                0x00000630        0x8 ./startup/startup_mk64f12.o
                0x00000630                RNG_IRQHandler
 .text.I2C0_IRQHandler
                0x00000638        0x8 ./startup/startup_mk64f12.o
                0x00000638                I2C0_IRQHandler
 .text.I2C1_IRQHandler
                0x00000640        0x8 ./startup/startup_mk64f12.o
                0x00000640                I2C1_IRQHandler
 .text.SPI0_IRQHandler
                0x00000648        0x8 ./startup/startup_mk64f12.o
                0x00000648                SPI0_IRQHandler
 .text.SPI1_IRQHandler
                0x00000650        0x8 ./startup/startup_mk64f12.o
                0x00000650                SPI1_IRQHandler
 .text.I2S0_Tx_IRQHandler
                0x00000658        0x8 ./startup/startup_mk64f12.o
                0x00000658                I2S0_Tx_IRQHandler
 .text.I2S0_Rx_IRQHandler
                0x00000660        0x8 ./startup/startup_mk64f12.o
                0x00000660                I2S0_Rx_IRQHandler
 .text.UART0_LON_IRQHandler
                0x00000668        0x8 ./startup/startup_mk64f12.o
                0x00000668                UART0_LON_IRQHandler
 .text.UART0_RX_TX_IRQHandler
                0x00000670        0x8 ./startup/startup_mk64f12.o
                0x00000670                UART0_RX_TX_IRQHandler
 .text.UART0_ERR_IRQHandler
                0x00000678        0x8 ./startup/startup_mk64f12.o
                0x00000678                UART0_ERR_IRQHandler
 .text.UART1_RX_TX_IRQHandler
                0x00000680        0x8 ./startup/startup_mk64f12.o
                0x00000680                UART1_RX_TX_IRQHandler
 .text.UART1_ERR_IRQHandler
                0x00000688        0x8 ./startup/startup_mk64f12.o
                0x00000688                UART1_ERR_IRQHandler
 .text.UART2_RX_TX_IRQHandler
                0x00000690        0x8 ./startup/startup_mk64f12.o
                0x00000690                UART2_RX_TX_IRQHandler
 .text.UART2_ERR_IRQHandler
                0x00000698        0x8 ./startup/startup_mk64f12.o
                0x00000698                UART2_ERR_IRQHandler
 .text.UART3_RX_TX_IRQHandler
                0x000006a0        0x8 ./startup/startup_mk64f12.o
                0x000006a0                UART3_RX_TX_IRQHandler
 .text.UART3_ERR_IRQHandler
                0x000006a8        0x8 ./startup/startup_mk64f12.o
                0x000006a8                UART3_ERR_IRQHandler
 .text.ADC0_IRQHandler
                0x000006b0        0x8 ./startup/startup_mk64f12.o
                0x000006b0                ADC0_IRQHandler
 .text.CMP0_IRQHandler
                0x000006b8        0x8 ./startup/startup_mk64f12.o
                0x000006b8                CMP0_IRQHandler
 .text.CMP1_IRQHandler
                0x000006c0        0x8 ./startup/startup_mk64f12.o
                0x000006c0                CMP1_IRQHandler
 .text.FTM0_IRQHandler
                0x000006c8        0x8 ./startup/startup_mk64f12.o
                0x000006c8                FTM0_IRQHandler
 .text.FTM1_IRQHandler
                0x000006d0        0x8 ./startup/startup_mk64f12.o
                0x000006d0                FTM1_IRQHandler
 .text.FTM2_IRQHandler
                0x000006d8        0x8 ./startup/startup_mk64f12.o
                0x000006d8                FTM2_IRQHandler
 .text.CMT_IRQHandler
                0x000006e0        0x8 ./startup/startup_mk64f12.o
                0x000006e0                CMT_IRQHandler
 .text.RTC_IRQHandler
                0x000006e8        0x8 ./startup/startup_mk64f12.o
                0x000006e8                RTC_IRQHandler
 .text.RTC_Seconds_IRQHandler
                0x000006f0        0x8 ./startup/startup_mk64f12.o
                0x000006f0                RTC_Seconds_IRQHandler
 .text.PIT1_IRQHandler
                0x000006f8        0x8 ./startup/startup_mk64f12.o
                0x000006f8                PIT1_IRQHandler
 .text.PIT2_IRQHandler
                0x00000700        0x8 ./startup/startup_mk64f12.o
                0x00000700                PIT2_IRQHandler
 .text.PIT3_IRQHandler
                0x00000708        0x8 ./startup/startup_mk64f12.o
                0x00000708                PIT3_IRQHandler
 .text.PDB0_IRQHandler
                0x00000710        0x8 ./startup/startup_mk64f12.o
                0x00000710                PDB0_IRQHandler
 .text.USB0_IRQHandler
                0x00000718        0x8 ./startup/startup_mk64f12.o
                0x00000718                USB0_IRQHandler
 .text.USBDCD_IRQHandler
                0x00000720        0x8 ./startup/startup_mk64f12.o
                0x00000720                USBDCD_IRQHandler
 .text.Reserved71_IRQHandler
                0x00000728        0x8 ./startup/startup_mk64f12.o
                0x00000728                Reserved71_IRQHandler
 .text.DAC0_IRQHandler
                0x00000730        0x8 ./startup/startup_mk64f12.o
                0x00000730                DAC0_IRQHandler
 .text.MCG_IRQHandler
                0x00000738        0x8 ./startup/startup_mk64f12.o
                0x00000738                MCG_IRQHandler
 .text.LPTMR0_IRQHandler
                0x00000740        0x8 ./startup/startup_mk64f12.o
                0x00000740                LPTMR0_IRQHandler
 .text.PORTA_IRQHandler
                0x00000748        0x8 ./startup/startup_mk64f12.o
                0x00000748                PORTA_IRQHandler
 .text.PORTB_IRQHandler
                0x00000750        0x8 ./startup/startup_mk64f12.o
                0x00000750                PORTB_IRQHandler
 .text.PORTC_IRQHandler
                0x00000758        0x8 ./startup/startup_mk64f12.o
                0x00000758                PORTC_IRQHandler
 .text.PORTD_IRQHandler
                0x00000760        0x8 ./startup/startup_mk64f12.o
                0x00000760                PORTD_IRQHandler
 .text.PORTE_IRQHandler
                0x00000768        0x8 ./startup/startup_mk64f12.o
                0x00000768                PORTE_IRQHandler
 .text.SWI_IRQHandler
                0x00000770        0x8 ./startup/startup_mk64f12.o
                0x00000770                SWI_IRQHandler
 .text.SPI2_IRQHandler
                0x00000778        0x8 ./startup/startup_mk64f12.o
                0x00000778                SPI2_IRQHandler
 .text.UART4_RX_TX_IRQHandler
                0x00000780        0x8 ./startup/startup_mk64f12.o
                0x00000780                UART4_RX_TX_IRQHandler
 .text.UART4_ERR_IRQHandler
                0x00000788        0x8 ./startup/startup_mk64f12.o
                0x00000788                UART4_ERR_IRQHandler
 .text.UART5_RX_TX_IRQHandler
                0x00000790        0x8 ./startup/startup_mk64f12.o
                0x00000790                UART5_RX_TX_IRQHandler
 .text.UART5_ERR_IRQHandler
                0x00000798        0x8 ./startup/startup_mk64f12.o
                0x00000798                UART5_ERR_IRQHandler
 .text.CMP2_IRQHandler
                0x000007a0        0x8 ./startup/startup_mk64f12.o
                0x000007a0                CMP2_IRQHandler
 .text.FTM3_IRQHandler
                0x000007a8        0x8 ./startup/startup_mk64f12.o
                0x000007a8                FTM3_IRQHandler
 .text.DAC1_IRQHandler
                0x000007b0        0x8 ./startup/startup_mk64f12.o
                0x000007b0                DAC1_IRQHandler
 .text.ADC1_IRQHandler
                0x000007b8        0x8 ./startup/startup_mk64f12.o
                0x000007b8                ADC1_IRQHandler
 .text.I2C2_IRQHandler
                0x000007c0        0x8 ./startup/startup_mk64f12.o
                0x000007c0                I2C2_IRQHandler
 .text.CAN0_ORed_Message_buffer_IRQHandler
                0x000007c8        0x8 ./startup/startup_mk64f12.o
                0x000007c8                CAN0_ORed_Message_buffer_IRQHandler
 .text.CAN0_Bus_Off_IRQHandler
                0x000007d0        0x8 ./startup/startup_mk64f12.o
                0x000007d0                CAN0_Bus_Off_IRQHandler
 .text.CAN0_Error_IRQHandler
                0x000007d8        0x8 ./startup/startup_mk64f12.o
                0x000007d8                CAN0_Error_IRQHandler
 .text.CAN0_Tx_Warning_IRQHandler
                0x000007e0        0x8 ./startup/startup_mk64f12.o
                0x000007e0                CAN0_Tx_Warning_IRQHandler
 .text.CAN0_Rx_Warning_IRQHandler
                0x000007e8        0x8 ./startup/startup_mk64f12.o
                0x000007e8                CAN0_Rx_Warning_IRQHandler
 .text.CAN0_Wake_Up_IRQHandler
                0x000007f0        0x8 ./startup/startup_mk64f12.o
                0x000007f0                CAN0_Wake_Up_IRQHandler
 .text.SDHC_IRQHandler
                0x000007f8        0x8 ./startup/startup_mk64f12.o
                0x000007f8                SDHC_IRQHandler
 .text.__NVIC_EnableIRQ
                0x00000800       0x3c ./source/lwip_udpecho_freertos.o
 .text.PIT_GetDefaultConfig
                0x0000083c       0x28 ./source/lwip_udpecho_freertos.o
 .text.PIT_EnableInterrupts
                0x00000864       0x3a ./source/lwip_udpecho_freertos.o
 .text.PIT_GetStatusFlags
                0x0000089e       0x2a ./source/lwip_udpecho_freertos.o
 .text.PIT_ClearStatusFlags
                0x000008c8       0x2a ./source/lwip_udpecho_freertos.o
 .text.PIT_SetTimerPeriod
                0x000008f2       0x28 ./source/lwip_udpecho_freertos.o
 .text.PIT_StartTimer
                0x0000091a       0x38 ./source/lwip_udpecho_freertos.o
 *fill*         0x00000952        0x2 ff
 .text.PIT_init
                0x00000954       0x50 ./source/lwip_udpecho_freertos.o
 .text.stack_init
                0x000009a4      0x13c ./source/lwip_udpecho_freertos.o
 .text.PIT0_IRQHandler
                0x00000ae0       0x20 ./source/lwip_udpecho_freertos.o
                0x00000ae0                PIT0_IRQHandler
 .text.main     0x00000b00       0x64 ./source/lwip_udpecho_freertos.o
                0x00000b00                main
 .text.HardFault_Handler
                0x00000b64       0x2a ./source/semihost_hardfault.o
                0x00000b64                HardFault_Handler
 *fill*         0x00000b8e        0x2 ff
 .text.ethernet_input
                0x00000b90      0x12c ./lwip/src/netif/ethernet.o
                0x00000b90                ethernet_input
 .text.ethernet_output
                0x00000cbc       0x80 ./lwip/src/netif/ethernet.o
                0x00000cbc                ethernet_output
 .text.dhcp_check
                0x00000d3c       0x68 ./lwip/src/core/ipv4/dhcp.o
 .text.dhcp_select
                0x00000da4      0x14c ./lwip/src/core/ipv4/dhcp.o
 .text.dhcp_coarse_tmr
                0x00000ef0       0xa8 ./lwip/src/core/ipv4/dhcp.o
                0x00000ef0                dhcp_coarse_tmr
 .text.dhcp_fine_tmr
                0x00000f98       0x64 ./lwip/src/core/ipv4/dhcp.o
                0x00000f98                dhcp_fine_tmr
 .text.dhcp_timeout
                0x00000ffc       0x92 ./lwip/src/core/ipv4/dhcp.o
 .text.dhcp_t1_timeout
                0x0000108e       0x5c ./lwip/src/core/ipv4/dhcp.o
 .text.dhcp_t2_timeout
                0x000010ea       0x64 ./lwip/src/core/ipv4/dhcp.o
 *fill*         0x0000114e        0x2 ff
 .text.dhcp_arp_reply
                0x00001150       0x48 ./lwip/src/core/ipv4/dhcp.o
                0x00001150                dhcp_arp_reply
 .text.dhcp_decline
                0x00001198       0xd4 ./lwip/src/core/ipv4/dhcp.o
 .text.dhcp_discover
                0x0000126c      0x118 ./lwip/src/core/ipv4/dhcp.o
 .text.dhcp_bind
                0x00001384      0x19c ./lwip/src/core/ipv4/dhcp.o
 .text.dhcp_renew
                0x00001520      0x10c ./lwip/src/core/ipv4/dhcp.o
                0x00001520                dhcp_renew
 .text.dhcp_rebind
                0x0000162c      0x10c ./lwip/src/core/ipv4/dhcp.o
 .text.dhcp_reboot
                0x00001738      0x128 ./lwip/src/core/ipv4/dhcp.o
 .text.dhcp_release
                0x00001860      0x110 ./lwip/src/core/ipv4/dhcp.o
                0x00001860                dhcp_release
 .text.dhcp_set_state
                0x00001970       0x34 ./lwip/src/core/ipv4/dhcp.o
 .text.dhcp_option
                0x000019a4       0x64 ./lwip/src/core/ipv4/dhcp.o
 .text.dhcp_option_byte
                0x00001a08       0x40 ./lwip/src/core/ipv4/dhcp.o
 .text.dhcp_option_short
                0x00001a48       0x68 ./lwip/src/core/ipv4/dhcp.o
 .text.dhcp_option_long
                0x00001ab0       0xa4 ./lwip/src/core/ipv4/dhcp.o
 .text.dhcp_create_msg
                0x00001b54      0x288 ./lwip/src/core/ipv4/dhcp.o
 .text.dhcp_delete_msg
                0x00001ddc       0x64 ./lwip/src/core/ipv4/dhcp.o
 .text.dhcp_option_trailer
                0x00001e40       0x94 ./lwip/src/core/ipv4/dhcp.o
 .text.dhcp_supplied_address
                0x00001ed4       0x44 ./lwip/src/core/ipv4/dhcp.o
                0x00001ed4                dhcp_supplied_address
 .text.etharp_free_entry
                0x00001f18       0xc0 ./lwip/src/core/ipv4/etharp.o
 .text.etharp_tmr
                0x00001fd8      0x150 ./lwip/src/core/ipv4/etharp.o
                0x00001fd8                etharp_tmr
 .text.etharp_find_entry
                0x00002128      0x264 ./lwip/src/core/ipv4/etharp.o
 .text.etharp_update_arp_entry
                0x0000238c      0x13c ./lwip/src/core/ipv4/etharp.o
 .text.etharp_input
                0x000024c8      0x120 ./lwip/src/core/ipv4/etharp.o
                0x000024c8                etharp_input
 .text.etharp_output_to_arp_index
                0x000025e8      0x124 ./lwip/src/core/ipv4/etharp.o
 .text.etharp_output
                0x0000270c      0x1bc ./lwip/src/core/ipv4/etharp.o
                0x0000270c                etharp_output
 .text.etharp_query
                0x000028c8      0x274 ./lwip/src/core/ipv4/etharp.o
                0x000028c8                etharp_query
 .text.etharp_raw
                0x00002b3c      0x100 ./lwip/src/core/ipv4/etharp.o
 .text.etharp_request_dst
                0x00002c3c       0x44 ./lwip/src/core/ipv4/etharp.o
 .text.etharp_request
                0x00002c80       0x24 ./lwip/src/core/ipv4/etharp.o
                0x00002c80                etharp_request
 .text.icmp_input
                0x00002ca4      0x24c ./lwip/src/core/ipv4/icmp.o
                0x00002ca4                icmp_input
 .text.icmp_dest_unreach
                0x00002ef0       0x20 ./lwip/src/core/ipv4/icmp.o
                0x00002ef0                icmp_dest_unreach
 .text.icmp_time_exceeded
                0x00002f10       0x20 ./lwip/src/core/ipv4/icmp.o
                0x00002f10                icmp_time_exceeded
 .text.icmp_send_response
                0x00002f30       0xd4 ./lwip/src/core/ipv4/icmp.o
 .text.ip4_route
                0x00003004       0xd0 ./lwip/src/core/ipv4/ip4.o
                0x00003004                ip4_route
 .text.ip4_input
                0x000030d4      0x2d4 ./lwip/src/core/ipv4/ip4.o
                0x000030d4                ip4_input
 .text.ip4_output_if
                0x000033a8       0x54 ./lwip/src/core/ipv4/ip4.o
                0x000033a8                ip4_output_if
 .text.ip4_output_if_src
                0x000033fc      0x1f0 ./lwip/src/core/ipv4/ip4.o
                0x000033fc                ip4_output_if_src
 .text.ip4_addr_isbroadcast_u32
                0x000035ec       0x82 ./lwip/src/core/ipv4/ip4_addr.o
                0x000035ec                ip4_addr_isbroadcast_u32
 *fill*         0x0000366e        0x2 ff
 .text.ip_reass_tmr
                0x00003670       0x58 ./lwip/src/core/ipv4/ip4_frag.o
                0x00003670                ip_reass_tmr
 .text.ip_reass_free_complete_datagram
                0x000036c8      0x120 ./lwip/src/core/ipv4/ip4_frag.o
 .text.ip_reass_remove_oldest_datagram
                0x000037e8       0xc4 ./lwip/src/core/ipv4/ip4_frag.o
 .text.ip_reass_enqueue_new_datagram
                0x000038ac       0x74 ./lwip/src/core/ipv4/ip4_frag.o
 .text.ip_reass_dequeue_datagram
                0x00003920       0x4c ./lwip/src/core/ipv4/ip4_frag.o
 .text.ip_reass_chain_frag_into_datagram_and_validate
                0x0000396c      0x278 ./lwip/src/core/ipv4/ip4_frag.o
 .text.ip4_reass
                0x00003be4      0x26c ./lwip/src/core/ipv4/ip4_frag.o
                0x00003be4                ip4_reass
 .text.ip_frag_alloc_pbuf_custom_ref
                0x00003e50       0x10 ./lwip/src/core/ipv4/ip4_frag.o
 .text.ip_frag_free_pbuf_custom_ref
                0x00003e60       0x28 ./lwip/src/core/ipv4/ip4_frag.o
 .text.ipfrag_free_pbuf_custom
                0x00003e88       0x50 ./lwip/src/core/ipv4/ip4_frag.o
 .text.ip4_frag
                0x00003ed8      0x22c ./lwip/src/core/ipv4/ip4_frag.o
                0x00003ed8                ip4_frag
 .text.lwip_htons
                0x00004104       0x1c ./lwip/src/core/def.o
                0x00004104                lwip_htons
 .text.lwip_htonl
                0x00004120       0x32 ./lwip/src/core/def.o
                0x00004120                lwip_htonl
 .text.lwip_standard_chksum
                0x00004152       0xba ./lwip/src/core/inet_chksum.o
                0x00004152                lwip_standard_chksum
 .text.inet_cksum_pseudo_base
                0x0000420c       0xd8 ./lwip/src/core/inet_chksum.o
 .text.inet_chksum_pseudo
                0x000042e4       0x70 ./lwip/src/core/inet_chksum.o
                0x000042e4                inet_chksum_pseudo
 .text.ip_chksum_pseudo
                0x00004354       0x2c ./lwip/src/core/inet_chksum.o
                0x00004354                ip_chksum_pseudo
 .text.inet_chksum
                0x00004380       0x24 ./lwip/src/core/inet_chksum.o
                0x00004380                inet_chksum
 .text.inet_chksum_pbuf
                0x000043a4       0x94 ./lwip/src/core/inet_chksum.o
                0x000043a4                inet_chksum_pbuf
 .text.lwip_init
                0x00004438       0x2e ./lwip/src/core/init.o
                0x00004438                lwip_init
 *fill*         0x00004466        0x2 ff
 .text.plug_holes
                0x00004468      0x108 ./lwip/src/core/mem.o
 .text.mem_init
                0x00004570       0x90 ./lwip/src/core/mem.o
                0x00004570                mem_init
 .text.mem_free
                0x00004600       0xbc ./lwip/src/core/mem.o
                0x00004600                mem_free
 .text.mem_trim
                0x000046bc      0x1bc ./lwip/src/core/mem.o
                0x000046bc                mem_trim
 .text.mem_malloc
                0x00004878      0x1c0 ./lwip/src/core/mem.o
                0x00004878                mem_malloc
 .text.memp_init_pool
                0x00004a38       0x5e ./lwip/src/core/memp.o
                0x00004a38                memp_init_pool
 *fill*         0x00004a96        0x2 ff
 .text.memp_init
                0x00004a98       0x34 ./lwip/src/core/memp.o
                0x00004a98                memp_init
 .text.do_memp_malloc_pool
                0x00004acc       0x54 ./lwip/src/core/memp.o
 .text.memp_malloc
                0x00004b20       0x3c ./lwip/src/core/memp.o
                0x00004b20                memp_malloc
 .text.do_memp_free_pool
                0x00004b5c       0x48 ./lwip/src/core/memp.o
 .text.memp_free
                0x00004ba4       0x44 ./lwip/src/core/memp.o
                0x00004ba4                memp_free
 .text.netif_init
                0x00004be8        0xe ./lwip/src/core/netif.o
                0x00004be8                netif_init
 *fill*         0x00004bf6        0x2 ff
 .text.netif_add
                0x00004bf8       0xa8 ./lwip/src/core/netif.o
                0x00004bf8                netif_add
 .text.netif_set_addr
                0x00004ca0       0x56 ./lwip/src/core/netif.o
                0x00004ca0                netif_set_addr
 *fill*         0x00004cf6        0x2 ff
 .text.netif_set_ipaddr
                0x00004cf8       0x70 ./lwip/src/core/netif.o
                0x00004cf8                netif_set_ipaddr
 .text.netif_set_gw
                0x00004d68       0x28 ./lwip/src/core/netif.o
                0x00004d68                netif_set_gw
 .text.netif_set_netmask
                0x00004d90       0x28 ./lwip/src/core/netif.o
                0x00004d90                netif_set_netmask
 .text.netif_set_default
                0x00004db8       0x20 ./lwip/src/core/netif.o
                0x00004db8                netif_set_default
 .text.netif_set_up
                0x00004dd8       0x46 ./lwip/src/core/netif.o
                0x00004dd8                netif_set_up
 .text.netif_issue_reports
                0x00004e1e       0x42 ./lwip/src/core/netif.o
 .text.pbuf_alloc
                0x00004e60      0x2d4 ./lwip/src/core/pbuf.o
                0x00004e60                pbuf_alloc
 .text.pbuf_alloced_custom
                0x00005134       0xc4 ./lwip/src/core/pbuf.o
                0x00005134                pbuf_alloced_custom
 .text.pbuf_realloc
                0x000051f8      0x12c ./lwip/src/core/pbuf.o
                0x000051f8                pbuf_realloc
 .text.pbuf_header_impl
                0x00005324      0x124 ./lwip/src/core/pbuf.o
 .text.pbuf_header
                0x00005448       0x24 ./lwip/src/core/pbuf.o
                0x00005448                pbuf_header
 .text.pbuf_header_force
                0x0000546c       0x24 ./lwip/src/core/pbuf.o
                0x0000546c                pbuf_header_force
 .text.pbuf_free
                0x00005490      0x10c ./lwip/src/core/pbuf.o
                0x00005490                pbuf_free
 .text.pbuf_clen
                0x0000559c       0x2e ./lwip/src/core/pbuf.o
                0x0000559c                pbuf_clen
 *fill*         0x000055ca        0x2 ff
 .text.pbuf_ref
                0x000055cc       0x40 ./lwip/src/core/pbuf.o
                0x000055cc                pbuf_ref
 .text.pbuf_cat
                0x0000560c       0x8c ./lwip/src/core/pbuf.o
                0x0000560c                pbuf_cat
 .text.pbuf_chain
                0x00005698       0x20 ./lwip/src/core/pbuf.o
                0x00005698                pbuf_chain
 .text.pbuf_copy
                0x000056b8      0x160 ./lwip/src/core/pbuf.o
                0x000056b8                pbuf_copy
 .text.pbuf_copy_partial
                0x00005818       0xdc ./lwip/src/core/pbuf.o
                0x00005818                pbuf_copy_partial
 .text.tcp_init
                0x000058f4        0xe ./lwip/src/core/tcp.o
                0x000058f4                tcp_init
 *fill*         0x00005902        0x2 ff
 .text.tcp_tmr  0x00005904       0x2c ./lwip/src/core/tcp.o
                0x00005904                tcp_tmr
 .text.tcp_remove_listener
                0x00005930       0x38 ./lwip/src/core/tcp.o
 .text.tcp_listen_closed
                0x00005968       0x5c ./lwip/src/core/tcp.o
 .text.tcp_backlog_accepted
                0x000059c4       0x64 ./lwip/src/core/tcp.o
                0x000059c4                tcp_backlog_accepted
 .text.tcp_close_shutdown
                0x00005a28      0x1c0 ./lwip/src/core/tcp.o
 .text.tcp_close_shutdown_fin
                0x00005be8       0xc0 ./lwip/src/core/tcp.o
 .text.tcp_close
                0x00005ca8       0x30 ./lwip/src/core/tcp.o
                0x00005ca8                tcp_close
 .text.tcp_shutdown
                0x00005cd8       0x8e ./lwip/src/core/tcp.o
                0x00005cd8                tcp_shutdown
 *fill*         0x00005d66        0x2 ff
 .text.tcp_abandon
                0x00005d68      0x148 ./lwip/src/core/tcp.o
                0x00005d68                tcp_abandon
 .text.tcp_abort
                0x00005eb0       0x18 ./lwip/src/core/tcp.o
                0x00005eb0                tcp_abort
 .text.tcp_bind
                0x00005ec8      0x114 ./lwip/src/core/tcp.o
                0x00005ec8                tcp_bind
 .text.tcp_update_rcv_ann_wnd
                0x00005fdc       0x90 ./lwip/src/core/tcp.o
                0x00005fdc                tcp_update_rcv_ann_wnd
 .text.tcp_recved
                0x0000606c       0xa0 ./lwip/src/core/tcp.o
                0x0000606c                tcp_recved
 .text.tcp_new_port
                0x0000610c       0x88 ./lwip/src/core/tcp.o
 .text.tcp_slowtmr
                0x00006194      0x4ec ./lwip/src/core/tcp.o
                0x00006194                tcp_slowtmr
 .text.tcp_fasttmr
                0x00006680       0xc8 ./lwip/src/core/tcp.o
                0x00006680                tcp_fasttmr
 .text.tcp_process_refused_data
                0x00006748       0xcc ./lwip/src/core/tcp.o
                0x00006748                tcp_process_refused_data
 .text.tcp_segs_free
                0x00006814       0x28 ./lwip/src/core/tcp.o
                0x00006814                tcp_segs_free
 .text.tcp_seg_free
                0x0000683c       0x30 ./lwip/src/core/tcp.o
                0x0000683c                tcp_seg_free
 .text.tcp_recv_null
                0x0000686c       0x44 ./lwip/src/core/tcp.o
                0x0000686c                tcp_recv_null
 .text.tcp_kill_prio
                0x000068b0       0x84 ./lwip/src/core/tcp.o
 .text.tcp_kill_state
                0x00006934       0x84 ./lwip/src/core/tcp.o
 .text.tcp_kill_timewait
                0x000069b8       0x60 ./lwip/src/core/tcp.o
 .text.tcp_alloc
                0x00006a18      0x100 ./lwip/src/core/tcp.o
                0x00006a18                tcp_alloc
 .text.tcp_new_ip_type
                0x00006b18       0x1c ./lwip/src/core/tcp.o
                0x00006b18                tcp_new_ip_type
 .text.tcp_arg  0x00006b34       0x22 ./lwip/src/core/tcp.o
                0x00006b34                tcp_arg
 *fill*         0x00006b56        0x2 ff
 .text.tcp_recv
                0x00006b58       0x30 ./lwip/src/core/tcp.o
                0x00006b58                tcp_recv
 .text.tcp_sent
                0x00006b88       0x30 ./lwip/src/core/tcp.o
                0x00006b88                tcp_sent
 .text.tcp_err  0x00006bb8       0x34 ./lwip/src/core/tcp.o
                0x00006bb8                tcp_err
 .text.tcp_accept
                0x00006bec       0x2e ./lwip/src/core/tcp.o
                0x00006bec                tcp_accept
 *fill*         0x00006c1a        0x2 ff
 .text.tcp_poll
                0x00006c1c       0x38 ./lwip/src/core/tcp.o
                0x00006c1c                tcp_poll
 .text.tcp_pcb_purge
                0x00006c54       0x78 ./lwip/src/core/tcp.o
                0x00006c54                tcp_pcb_purge
 .text.tcp_pcb_remove
                0x00006ccc       0xc4 ./lwip/src/core/tcp.o
                0x00006ccc                tcp_pcb_remove
 .text.tcp_next_iss
                0x00006d90       0x30 ./lwip/src/core/tcp.o
                0x00006d90                tcp_next_iss
 .text.tcp_eff_send_mss_impl
                0x00006dc0       0x48 ./lwip/src/core/tcp.o
                0x00006dc0                tcp_eff_send_mss_impl
 .text.tcp_netif_ip_addr_changed_pcblist
                0x00006e08       0x42 ./lwip/src/core/tcp.o
 *fill*         0x00006e4a        0x2 ff
 .text.tcp_netif_ip_addr_changed
                0x00006e4c       0x80 ./lwip/src/core/tcp.o
                0x00006e4c                tcp_netif_ip_addr_changed
 .text.tcp_input
                0x00006ecc      0x774 ./lwip/src/core/tcp_in.o
                0x00006ecc                tcp_input
 .text.tcp_listen_input
                0x00007640      0x1f0 ./lwip/src/core/tcp_in.o
 .text.tcp_timewait_input
                0x00007830       0xd0 ./lwip/src/core/tcp_in.o
 .text.tcp_process
                0x00007900      0x74c ./lwip/src/core/tcp_in.o
 .text.tcp_receive
                0x0000804c      0x960 ./lwip/src/core/tcp_in.o
 .text.tcp_getoptbyte
                0x000089ac       0x78 ./lwip/src/core/tcp_in.o
 .text.tcp_parseopt
                0x00008a24       0xc8 ./lwip/src/core/tcp_in.o
 .text.tcp_trigger_input_pcb_close
                0x00008aec       0x20 ./lwip/src/core/tcp_in.o
                0x00008aec                tcp_trigger_input_pcb_close
 .text.tcp_output_alloc_header
                0x00008b0c       0xe8 ./lwip/src/core/tcp_out.o
 .text.tcp_send_fin
                0x00008bf4       0x7c ./lwip/src/core/tcp_out.o
                0x00008bf4                tcp_send_fin
 .text.tcp_create_segment
                0x00008c70      0x10c ./lwip/src/core/tcp_out.o
 .text.tcp_pbuf_prealloc
                0x00008d7c       0xb4 ./lwip/src/core/tcp_out.o
 .text.tcp_write_checks
                0x00008e30       0xd4 ./lwip/src/core/tcp_out.o
 .text.tcp_write
                0x00008f04      0x698 ./lwip/src/core/tcp_out.o
                0x00008f04                tcp_write
 .text.tcp_enqueue_flags
                0x0000959c      0x1cc ./lwip/src/core/tcp_out.o
                0x0000959c                tcp_enqueue_flags
 .text.tcp_send_empty_ack
                0x00009768       0xdc ./lwip/src/core/tcp_out.o
                0x00009768                tcp_send_empty_ack
 .text.tcp_output
                0x00009844      0x3bc ./lwip/src/core/tcp_out.o
                0x00009844                tcp_output
 .text.tcp_output_segment
                0x00009c00      0x160 ./lwip/src/core/tcp_out.o
 .text.tcp_rst  0x00009d60       0xf8 ./lwip/src/core/tcp_out.o
                0x00009d60                tcp_rst
 .text.tcp_rexmit_rto
                0x00009e58       0x7e ./lwip/src/core/tcp_out.o
                0x00009e58                tcp_rexmit_rto
 .text.tcp_rexmit
                0x00009ed6       0xa0 ./lwip/src/core/tcp_out.o
                0x00009ed6                tcp_rexmit
 .text.tcp_rexmit_fast
                0x00009f76       0xae ./lwip/src/core/tcp_out.o
                0x00009f76                tcp_rexmit_fast
 .text.tcp_keepalive
                0x0000a024       0x9e ./lwip/src/core/tcp_out.o
                0x0000a024                tcp_keepalive
 .text.tcp_zero_window_probe
                0x0000a0c2      0x156 ./lwip/src/core/tcp_out.o
                0x0000a0c2                tcp_zero_window_probe
 .text.tcpip_tcp_timer
                0x0000a218       0x48 ./lwip/src/core/timeouts.o
 .text.tcp_timer_needed
                0x0000a260       0x40 ./lwip/src/core/timeouts.o
                0x0000a260                tcp_timer_needed
 .text.cyclic_timer
                0x0000a2a0       0x2c ./lwip/src/core/timeouts.o
 .text.sys_timeouts_init
                0x0000a2cc       0x50 ./lwip/src/core/timeouts.o
                0x0000a2cc                sys_timeouts_init
 .text.sys_timeout
                0x0000a31c      0x138 ./lwip/src/core/timeouts.o
                0x0000a31c                sys_timeout
 .text.sys_check_timeouts
                0x0000a454       0xa4 ./lwip/src/core/timeouts.o
 .text.sys_timeouts_sleeptime
                0x0000a4f8       0x4c ./lwip/src/core/timeouts.o
 .text.sys_timeouts_mbox_fetch
                0x0000a544       0x4c ./lwip/src/core/timeouts.o
                0x0000a544                sys_timeouts_mbox_fetch
 .text.udp_init
                0x0000a590        0xe ./lwip/src/core/udp.o
                0x0000a590                udp_init
 *fill*         0x0000a59e        0x2 ff
 .text.udp_new_port
                0x0000a5a0       0x70 ./lwip/src/core/udp.o
 .text.udp_input_local_match
                0x0000a610       0x78 ./lwip/src/core/udp.o
 .text.udp_input
                0x0000a688      0x1ec ./lwip/src/core/udp.o
                0x0000a688                udp_input
 .text.udp_sendto_if
                0x0000a874       0x7a ./lwip/src/core/udp.o
                0x0000a874                udp_sendto_if
 *fill*         0x0000a8ee        0x2 ff
 .text.udp_sendto_if_src
                0x0000a8f0      0x158 ./lwip/src/core/udp.o
                0x0000a8f0                udp_sendto_if_src
 .text.udp_bind
                0x0000aa48       0xe0 ./lwip/src/core/udp.o
                0x0000aa48                udp_bind
 .text.udp_recv
                0x0000ab28       0x24 ./lwip/src/core/udp.o
                0x0000ab28                udp_recv
 .text.udp_new  0x0000ab4c       0x2e ./lwip/src/core/udp.o
                0x0000ab4c                udp_new
 .text.udp_new_ip_type
                0x0000ab7a       0x1a ./lwip/src/core/udp.o
                0x0000ab7a                udp_new_ip_type
 .text.udp_netif_ip_addr_changed
                0x0000ab94       0x60 ./lwip/src/core/udp.o
                0x0000ab94                udp_netif_ip_addr_changed
 .text.netconn_apimsg
                0x0000abf4       0x40 ./lwip/src/api/api_lib.o
 .text.netconn_new_with_proto_and_callback
                0x0000ac34       0xbc ./lwip/src/api/api_lib.o
                0x0000ac34                netconn_new_with_proto_and_callback
 .text.netconn_bind
                0x0000acf0       0x60 ./lwip/src/api/api_lib.o
                0x0000acf0                netconn_bind
 .text.netconn_recv_data
                0x0000ad50      0x178 ./lwip/src/api/api_lib.o
 .text.netconn_recv
                0x0000aec8       0xd0 ./lwip/src/api/api_lib.o
                0x0000aec8                netconn_recv
 .text.netconn_close_shutdown
                0x0000af98       0x50 ./lwip/src/api/api_lib.o
 .text.recv_udp
                0x0000afe8       0xd0 ./lwip/src/api/api_msg.o
 .text.recv_tcp
                0x0000b0b8       0xec ./lwip/src/api/api_msg.o
 .text.poll_tcp
                0x0000b1a4       0xc0 ./lwip/src/api/api_msg.o
 .text.sent_tcp
                0x0000b264       0xa0 ./lwip/src/api/api_msg.o
 .text.err_tcp  0x0000b304      0x1a8 ./lwip/src/api/api_msg.o
 .text.setup_tcp
                0x0000b4ac       0x50 ./lwip/src/api/api_msg.o
 .text.pcb_new  0x0000b4fc       0xc4 ./lwip/src/api/api_msg.o
 .text.lwip_netconn_do_newconn
                0x0000b5c0       0x58 ./lwip/src/api/api_msg.o
                0x0000b5c0                lwip_netconn_do_newconn
 .text.netconn_alloc
                0x0000b618       0xd4 ./lwip/src/api/api_msg.o
                0x0000b618                netconn_alloc
 .text.netconn_free
                0x0000b6ec       0x60 ./lwip/src/api/api_msg.o
                0x0000b6ec                netconn_free
 .text.netconn_drain
                0x0000b74c       0xe8 ./lwip/src/api/api_msg.o
 .text.lwip_netconn_do_close_internal
                0x0000b834      0x2b0 ./lwip/src/api/api_msg.o
 .text.lwip_netconn_do_bind
                0x0000bae4       0xbe ./lwip/src/api/api_msg.o
                0x0000bae4                lwip_netconn_do_bind
 .text.lwip_netconn_do_recv
                0x0000bba2       0x98 ./lwip/src/api/api_msg.o
                0x0000bba2                lwip_netconn_do_recv
 *fill*         0x0000bc3a        0x2 ff
 .text.lwip_netconn_do_writemore
                0x0000bc3c      0x314 ./lwip/src/api/api_msg.o
 .text.lwip_netconn_do_close
                0x0000bf50      0x130 ./lwip/src/api/api_msg.o
                0x0000bf50                lwip_netconn_do_close
 .text.netbuf_delete
                0x0000c080       0x3e ./lwip/src/api/netbuf.o
                0x0000c080                netbuf_delete
 *fill*         0x0000c0be        0x2 ff
 .text.netbuf_data
                0x0000c0c0       0x7c ./lwip/src/api/netbuf.o
                0x0000c0c0                netbuf_data
 .text.tcpip_thread
                0x0000c13c       0xb8 ./lwip/src/api/tcpip.o
 .text.tcpip_inpkt
                0x0000c1f4       0x74 ./lwip/src/api/tcpip.o
                0x0000c1f4                tcpip_inpkt
 .text.tcpip_input
                0x0000c268       0x44 ./lwip/src/api/tcpip.o
                0x0000c268                tcpip_input
 .text.tcpip_send_msg_wait_sem
                0x0000c2ac       0x2c ./lwip/src/api/tcpip.o
                0x0000c2ac                tcpip_send_msg_wait_sem
 .text.tcpip_init
                0x0000c2d8       0x7c ./lwip/src/api/tcpip.o
                0x0000c2d8                tcpip_init
 .text.__NVIC_SetPriority
                0x0000c354       0x54 ./lwip/port/ethernetif.o
 .text.ENET_ActiveRead
                0x0000c3a8       0x1c ./lwip/port/ethernetif.o
 .text.ethernet_callback
                0x0000c3c4       0x94 ./lwip/port/ethernetif.o
 .text.enet_init
                0x0000c458      0x1a0 ./lwip/port/ethernetif.o
 .text.low_level_init
                0x0000c5f8       0x5a ./lwip/port/ethernetif.o
 *fill*         0x0000c652        0x2 ff
 .text.enet_get_tx_buffer
                0x0000c654       0x1c ./lwip/port/ethernetif.o
 .text.enet_send_frame
                0x0000c670       0x52 ./lwip/port/ethernetif.o
 *fill*         0x0000c6c2        0x2 ff
 .text.low_level_output
                0x0000c6c4       0xac ./lwip/port/ethernetif.o
 .text.enet_get_rx_frame_size
                0x0000c770       0x20 ./lwip/port/ethernetif.o
 .text.enet_read_frame
                0x0000c790       0x24 ./lwip/port/ethernetif.o
 .text.low_level_input
                0x0000c7b4      0x130 ./lwip/port/ethernetif.o
 .text.ethernetif_input
                0x0000c8e4       0x4c ./lwip/port/ethernetif.o
                0x0000c8e4                ethernetif_input
 .text.get_enet_base
                0x0000c930       0x68 ./lwip/port/ethernetif.o
 .text.ethernetif_init
                0x0000c998       0x90 ./lwip/port/ethernetif.o
 .text.ethernetif0_init
                0x0000ca28       0x4c ./lwip/port/ethernetif.o
                0x0000ca28                ethernetif0_init
 .text.sys_assert
                0x0000ca74       0x20 ./lwip/port/sys_arch.o
                0x0000ca74                sys_assert
 .text.sys_mbox_new
                0x0000ca94       0x38 ./lwip/port/sys_arch.o
                0x0000ca94                sys_mbox_new
 .text.sys_mbox_free
                0x0000cacc       0x40 ./lwip/port/sys_arch.o
                0x0000cacc                sys_mbox_free
 .text.sys_mbox_trypost
                0x0000cb0c       0x94 ./lwip/port/sys_arch.o
                0x0000cb0c                sys_mbox_trypost
 .text.sys_arch_mbox_fetch
                0x0000cba0       0x98 ./lwip/port/sys_arch.o
                0x0000cba0                sys_arch_mbox_fetch
 .text.sys_arch_mbox_tryfetch
                0x0000cc38       0x40 ./lwip/port/sys_arch.o
                0x0000cc38                sys_arch_mbox_tryfetch
 .text.sys_sem_new
                0x0000cc78       0x62 ./lwip/port/sys_arch.o
                0x0000cc78                sys_sem_new
 .text.sys_arch_sem_wait
                0x0000ccda       0x84 ./lwip/port/sys_arch.o
                0x0000ccda                sys_arch_sem_wait
 .text.sys_mutex_new
                0x0000cd5e       0x30 ./lwip/port/sys_arch.o
                0x0000cd5e                sys_mutex_new
 .text.sys_mutex_lock
                0x0000cd8e       0x28 ./lwip/port/sys_arch.o
                0x0000cd8e                sys_mutex_lock
 .text.sys_mutex_unlock
                0x0000cdb6       0x1e ./lwip/port/sys_arch.o
                0x0000cdb6                sys_mutex_unlock
 .text.sys_sem_signal
                0x0000cdd4       0x1e ./lwip/port/sys_arch.o
                0x0000cdd4                sys_sem_signal
 .text.sys_sem_free
                0x0000cdf2       0x1a ./lwip/port/sys_arch.o
                0x0000cdf2                sys_sem_free
 .text.sys_init
                0x0000ce0c        0xe ./lwip/port/sys_arch.o
                0x0000ce0c                sys_init
 .text.sys_now  0x0000ce1a        0xe ./lwip/port/sys_arch.o
                0x0000ce1a                sys_now
 .text.sys_thread_new
                0x0000ce28       0x44 ./lwip/port/sys_arch.o
                0x0000ce28                sys_thread_new
 .text.sys_arch_protect
                0x0000ce6c       0x42 ./lwip/port/sys_arch.o
                0x0000ce6c                sys_arch_protect
 .text.sys_arch_unprotect
                0x0000ceae       0x2c ./lwip/port/sys_arch.o
                0x0000ceae                sys_arch_unprotect
 *fill*         0x0000ceda        0x2 ff
 .text.server_thread
                0x0000cedc      0x14c ./lwip/contrib/apps/udpecho/udpecho.o
 .text.udpecho_init
                0x0000d028       0x34 ./lwip/contrib/apps/udpecho/udpecho.o
                0x0000d028                udpecho_init
 .text.xEventGroupCreate
                0x0000d05c       0x2e ./freertos/source/event_groups.o
                0x0000d05c                xEventGroupCreate
 *fill*         0x0000d08a        0x2 ff
 .text.xEventGroupWaitBits
                0x0000d08c      0x190 ./freertos/source/event_groups.o
                0x0000d08c                xEventGroupWaitBits
 .text.xEventGroupClearBits
                0x0000d21c       0x6c ./freertos/source/event_groups.o
                0x0000d21c                xEventGroupClearBits
 .text.xEventGroupSetBits
                0x0000d288      0x112 ./freertos/source/event_groups.o
                0x0000d288                xEventGroupSetBits
 .text.vEventGroupSetBitsCallback
                0x0000d39a       0x1a ./freertos/source/event_groups.o
                0x0000d39a                vEventGroupSetBitsCallback
 .text.prvTestWaitCondition
                0x0000d3b4       0x44 ./freertos/source/event_groups.o
 .text.xEventGroupSetBitsFromISR
                0x0000d3f8       0x28 ./freertos/source/event_groups.o
                0x0000d3f8                xEventGroupSetBitsFromISR
 .text.vListInitialise
                0x0000d420       0x40 ./freertos/source/list.o
                0x0000d420                vListInitialise
 .text.vListInitialiseItem
                0x0000d460       0x1a ./freertos/source/list.o
                0x0000d460                vListInitialiseItem
 .text.vListInsertEnd
                0x0000d47a       0x48 ./freertos/source/list.o
                0x0000d47a                vListInsertEnd
 .text.vListInsert
                0x0000d4c2       0x72 ./freertos/source/list.o
                0x0000d4c2                vListInsert
 .text.uxListRemove
                0x0000d534       0x54 ./freertos/source/list.o
                0x0000d534                uxListRemove
 .text.xQueueGenericReset
                0x0000d588       0xd0 ./freertos/source/queue.o
                0x0000d588                xQueueGenericReset
 .text.xQueueGenericCreate
                0x0000d658       0x72 ./freertos/source/queue.o
                0x0000d658                xQueueGenericCreate
 .text.prvInitialiseNewQueue
                0x0000d6ca       0x46 ./freertos/source/queue.o
 .text.prvInitialiseMutex
                0x0000d710       0x34 ./freertos/source/queue.o
 .text.xQueueCreateMutex
                0x0000d744       0x30 ./freertos/source/queue.o
                0x0000d744                xQueueCreateMutex
 .text.xQueueGenericSend
                0x0000d774      0x1f4 ./freertos/source/queue.o
                0x0000d774                xQueueGenericSend
 .text.xQueueGenericSendFromISR
                0x0000d968      0x128 ./freertos/source/queue.o
                0x0000d968                xQueueGenericSendFromISR
 .text.xQueueGenericReceive
                0x0000da90      0x224 ./freertos/source/queue.o
                0x0000da90                xQueueGenericReceive
 .text.uxQueueMessagesWaiting
                0x0000dcb4       0x3a ./freertos/source/queue.o
                0x0000dcb4                uxQueueMessagesWaiting
 .text.vQueueDelete
                0x0000dcee       0x3a ./freertos/source/queue.o
                0x0000dcee                vQueueDelete
 .text.prvCopyDataToQueue
                0x0000dd28       0xd4 ./freertos/source/queue.o
 .text.prvCopyDataFromQueue
                0x0000ddfc       0x4c ./freertos/source/queue.o
 .text.prvUnlockQueue
                0x0000de48       0xa4 ./freertos/source/queue.o
 .text.prvIsQueueEmpty
                0x0000deec       0x2c ./freertos/source/queue.o
 .text.prvIsQueueFull
                0x0000df18       0x30 ./freertos/source/queue.o
 .text.xQueueIsQueueFullFromISR
                0x0000df48       0x46 ./freertos/source/queue.o
                0x0000df48                xQueueIsQueueFullFromISR
 *fill*         0x0000df8e        0x2 ff
 .text.vQueueAddToRegistry
                0x0000df90       0x50 ./freertos/source/queue.o
                0x0000df90                vQueueAddToRegistry
 .text.vQueueUnregisterQueue
                0x0000dfe0       0x54 ./freertos/source/queue.o
                0x0000dfe0                vQueueUnregisterQueue
 .text.vQueueWaitForMessageRestricted
                0x0000e034       0x68 ./freertos/source/queue.o
                0x0000e034                vQueueWaitForMessageRestricted
 .text.xTaskCreate
                0x0000e09c       0x82 ./freertos/source/tasks.o
                0x0000e09c                xTaskCreate
 .text.prvInitialiseNewTask
                0x0000e11e      0x12a ./freertos/source/tasks.o
 .text.prvAddNewTaskToReadyList
                0x0000e248       0xdc ./freertos/source/tasks.o
 .text.vTaskDelete
                0x0000e324      0x11c ./freertos/source/tasks.o
                0x0000e324                vTaskDelete
 .text.vTaskStartScheduler
                0x0000e440       0x98 ./freertos/source/tasks.o
                0x0000e440                vTaskStartScheduler
 .text.vTaskSuspendAll
                0x0000e4d8       0x1c ./freertos/source/tasks.o
                0x0000e4d8                vTaskSuspendAll
 .text.xTaskResumeAll
                0x0000e4f4      0x138 ./freertos/source/tasks.o
                0x0000e4f4                xTaskResumeAll
 .text.xTaskGetTickCount
                0x0000e62c       0x20 ./freertos/source/tasks.o
                0x0000e62c                xTaskGetTickCount
 .text.xTaskIncrementTick
                0x0000e64c      0x158 ./freertos/source/tasks.o
                0x0000e64c                xTaskIncrementTick
 .text.vTaskSwitchContext
                0x0000e7a4       0xb4 ./freertos/source/tasks.o
                0x0000e7a4                vTaskSwitchContext
 .text.vTaskPlaceOnEventList
                0x0000e858       0x48 ./freertos/source/tasks.o
                0x0000e858                vTaskPlaceOnEventList
 .text.vTaskPlaceOnUnorderedEventList
                0x0000e8a0       0x74 ./freertos/source/tasks.o
                0x0000e8a0                vTaskPlaceOnUnorderedEventList
 .text.vTaskPlaceOnEventListRestricted
                0x0000e914       0x54 ./freertos/source/tasks.o
                0x0000e914                vTaskPlaceOnEventListRestricted
 .text.xTaskRemoveFromEventList
                0x0000e968       0xc4 ./freertos/source/tasks.o
                0x0000e968                xTaskRemoveFromEventList
 .text.xTaskRemoveFromUnorderedEventList
                0x0000ea2c       0xcc ./freertos/source/tasks.o
                0x0000ea2c                xTaskRemoveFromUnorderedEventList
 .text.vTaskSetTimeOutState
                0x0000eaf8       0x48 ./freertos/source/tasks.o
                0x0000eaf8                vTaskSetTimeOutState
 .text.xTaskCheckForTimeOut
                0x0000eb40       0xbc ./freertos/source/tasks.o
                0x0000eb40                xTaskCheckForTimeOut
 .text.vTaskMissedYield
                0x0000ebfc       0x18 ./freertos/source/tasks.o
                0x0000ebfc                vTaskMissedYield
 .text.prvIdleTask
                0x0000ec14       0x30 ./freertos/source/tasks.o
 .text.prvInitialiseTaskLists
                0x0000ec44       0x80 ./freertos/source/tasks.o
 .text.prvCheckTasksWaitingTermination
                0x0000ecc4       0x78 ./freertos/source/tasks.o
 .text.prvDeleteTCB
                0x0000ed3c       0x20 ./freertos/source/tasks.o
 .text.prvResetNextTaskUnblockTime
                0x0000ed5c       0x4c ./freertos/source/tasks.o
 .text.xTaskGetSchedulerState
                0x0000eda8       0x3c ./freertos/source/tasks.o
                0x0000eda8                xTaskGetSchedulerState
 .text.vTaskPriorityInherit
                0x0000ede4       0xec ./freertos/source/tasks.o
                0x0000ede4                vTaskPriorityInherit
 .text.xTaskPriorityDisinherit
                0x0000eed0      0x108 ./freertos/source/tasks.o
                0x0000eed0                xTaskPriorityDisinherit
 .text.uxTaskResetEventItemValue
                0x0000efd8       0x30 ./freertos/source/tasks.o
                0x0000efd8                uxTaskResetEventItemValue
 .text.pvTaskIncrementMutexHeldCount
                0x0000f008       0x28 ./freertos/source/tasks.o
                0x0000f008                pvTaskIncrementMutexHeldCount
 .text.prvAddCurrentTaskToDelayedList
                0x0000f030       0xcc ./freertos/source/tasks.o
 .text.xTimerCreateTimerTask
                0x0000f0fc       0x60 ./freertos/source/timers.o
                0x0000f0fc                xTimerCreateTimerTask
 .text.xTimerGenericCommand
                0x0000f15c       0x98 ./freertos/source/timers.o
                0x0000f15c                xTimerGenericCommand
 .text.prvProcessExpiredTimer
                0x0000f1f4       0x80 ./freertos/source/timers.o
 .text.prvTimerTask
                0x0000f274       0x24 ./freertos/source/timers.o
 .text.prvProcessTimerOrBlockTask
                0x0000f298       0x9c ./freertos/source/timers.o
 .text.prvGetNextExpireTime
                0x0000f334       0x48 ./freertos/source/timers.o
 .text.prvSampleTimeNow
                0x0000f37c       0x40 ./freertos/source/timers.o
 .text.prvInsertTimerInActiveList
                0x0000f3bc       0x84 ./freertos/source/timers.o
 .text.prvProcessReceivedCommands
                0x0000f440      0x154 ./freertos/source/timers.o
 .text.prvSwitchTimerLists
                0x0000f594       0xc0 ./freertos/source/timers.o
 .text.prvCheckForValidListAndQueue
                0x0000f654       0x6c ./freertos/source/timers.o
 .text.xTimerPendFunctionCallFromISR
                0x0000f6c0       0x40 ./freertos/source/timers.o
                0x0000f6c0                xTimerPendFunctionCallFromISR
 .text.vPortSetupTimerInterrupt
                0x0000f700       0x40 ./freertos/portable/fsl_tickless_systick.o
                0x0000f700                vPortSetupTimerInterrupt
 .text.pvPortMalloc
                0x0000f740       0x22 ./freertos/portable/heap_3.o
                0x0000f740                pvPortMalloc
 .text.vPortFree
                0x0000f762       0x24 ./freertos/portable/heap_3.o
                0x0000f762                vPortFree
 *fill*         0x0000f786        0x2 ff
 .text.pxPortInitialiseStack
                0x0000f788       0x68 ./freertos/portable/port.o
                0x0000f788                pxPortInitialiseStack
 .text.prvTaskExitError
                0x0000f7f0       0x3c ./freertos/portable/port.o
 *fill*         0x0000f82c        0x4 ff
 .text.SVC_Handler
                0x0000f830       0x28 ./freertos/portable/port.o
                0x0000f830                SVC_Handler
 .text.prvPortStartFirstTask
                0x0000f858       0x20 ./freertos/portable/port.o
 .text.xPortStartScheduler
                0x0000f878      0x118 ./freertos/portable/port.o
                0x0000f878                xPortStartScheduler
 .text.vPortEnterCritical
                0x0000f990       0x5c ./freertos/portable/port.o
                0x0000f990                vPortEnterCritical
 .text.vPortExitCritical
                0x0000f9ec       0x50 ./freertos/portable/port.o
                0x0000f9ec                vPortExitCritical
 *fill*         0x0000fa3c        0x4 ff
 .text.PendSV_Handler
                0x0000fa40       0x68 ./freertos/portable/port.o
                0x0000fa40                PendSV_Handler
 .text.SysTick_Handler
                0x0000faa8       0x40 ./freertos/portable/port.o
                0x0000faa8                SysTick_Handler
 .text.vPortEnableVFP
                0x0000fae8       0x14 ./freertos/portable/port.o
 .text.vPortValidateInterruptPriority
                0x0000fafc       0x7c ./freertos/portable/port.o
                0x0000fafc                vPortValidateInterruptPriority
 .text.CLOCK_SetEr32kClock
                0x0000fb78       0x30 ./drivers/fsl_clock.o
 .text.CLOCK_SetPllFllSelClock
                0x0000fba8       0x3c ./drivers/fsl_clock.o
 .text.OSC_SetExtRefClkConfig
                0x0000fbe4       0x34 ./drivers/fsl_clock.o
 .text.OSC_SetCapLoad
                0x0000fc18       0x34 ./drivers/fsl_clock.o
 .text.CLOCK_GetMcgExtClkFreq
                0x0000fc4c       0x78 ./drivers/fsl_clock.o
 .text.CLOCK_GetFllExtRefClkFreq
                0x0000fcc4       0xcc ./drivers/fsl_clock.o
 .text.CLOCK_GetInternalRefClkSelectFreq
                0x0000fd90       0x44 ./drivers/fsl_clock.o
 .text.CLOCK_GetFllRefClkFreq
                0x0000fdd4       0x2c ./drivers/fsl_clock.o
 .text.CLOCK_GetPll0RefFreq
                0x0000fe00        0xe ./drivers/fsl_clock.o
 *fill*         0x0000fe0e        0x2 ff
 .text.CLOCK_GetOscRangeFromFreq
                0x0000fe10       0x3c ./drivers/fsl_clock.o
 .text.CLOCK_GetOsc0ErClkFreq
                0x0000fe4c       0x38 ./drivers/fsl_clock.o
                0x0000fe4c                CLOCK_GetOsc0ErClkFreq
 .text.CLOCK_GetEr32kClkFreq
                0x0000fe84       0x70 ./drivers/fsl_clock.o
                0x0000fe84                CLOCK_GetEr32kClkFreq
 .text.CLOCK_GetPllFllSelClkFreq
                0x0000fef4       0x54 ./drivers/fsl_clock.o
                0x0000fef4                CLOCK_GetPllFllSelClkFreq
 .text.CLOCK_GetCoreSysClkFreq
                0x0000ff48       0x28 ./drivers/fsl_clock.o
                0x0000ff48                CLOCK_GetCoreSysClkFreq
 .text.CLOCK_GetFreq
                0x0000ff70      0x148 ./drivers/fsl_clock.o
                0x0000ff70                CLOCK_GetFreq
 .text.CLOCK_SetSimConfig
                0x000100b8       0x38 ./drivers/fsl_clock.o
                0x000100b8                CLOCK_SetSimConfig
 .text.CLOCK_GetOutClkFreq
                0x000100f0       0x64 ./drivers/fsl_clock.o
                0x000100f0                CLOCK_GetOutClkFreq
 .text.CLOCK_GetFllFreq
                0x00010154       0x7c ./drivers/fsl_clock.o
                0x00010154                CLOCK_GetFllFreq
 .text.CLOCK_GetInternalRefClkFreq
                0x000101d0       0x24 ./drivers/fsl_clock.o
                0x000101d0                CLOCK_GetInternalRefClkFreq
 .text.CLOCK_GetFixedFreqClkFreq
                0x000101f4       0x2e ./drivers/fsl_clock.o
                0x000101f4                CLOCK_GetFixedFreqClkFreq
 *fill*         0x00010222        0x2 ff
 .text.CLOCK_GetPll0Freq
                0x00010224       0x68 ./drivers/fsl_clock.o
                0x00010224                CLOCK_GetPll0Freq
 .text.CLOCK_SetExternalRefClkConfig
                0x0001028c       0x6c ./drivers/fsl_clock.o
                0x0001028c                CLOCK_SetExternalRefClkConfig
 .text.CLOCK_SetInternalRefClkConfig
                0x000102f8      0x104 ./drivers/fsl_clock.o
                0x000102f8                CLOCK_SetInternalRefClkConfig
 .text.CLOCK_EnablePll0
                0x000103fc       0x84 ./drivers/fsl_clock.o
                0x000103fc                CLOCK_EnablePll0
 .text.CLOCK_InitOsc0
                0x00010480       0x8c ./drivers/fsl_clock.o
                0x00010480                CLOCK_InitOsc0
 .text.CLOCK_SetPbeMode
                0x0001050c       0xa8 ./drivers/fsl_clock.o
                0x0001050c                CLOCK_SetPbeMode
 .text.CLOCK_BootToPeeMode
                0x000105b4       0x64 ./drivers/fsl_clock.o
                0x000105b4                CLOCK_BootToPeeMode
 .text.__NVIC_EnableIRQ
                0x00010618       0x3c ./drivers/fsl_enet.o
 .text.CLOCK_EnableClock
                0x00010654       0x36 ./drivers/fsl_enet.o
 .text.EnableIRQ
                0x0001068a       0x2c ./drivers/fsl_enet.o
 .text.ENET_Reset
                0x000106b6       0x20 ./drivers/fsl_enet.o
 .text.ENET_GetSMI
                0x000106d6       0x26 ./drivers/fsl_enet.o
 .text.ENET_EnableSleepMode
                0x000106fc       0x38 ./drivers/fsl_enet.o
 .text.ENET_EnableInterrupts
                0x00010734       0x22 ./drivers/fsl_enet.o
 *fill*         0x00010756        0x2 ff
 .text.ENET_GetInstance
                0x00010758       0x44 ./drivers/fsl_enet.o
                0x00010758                ENET_GetInstance
 .text.ENET_GetDefaultConfig
                0x0001079c       0x4c ./drivers/fsl_enet.o
                0x0001079c                ENET_GetDefaultConfig
 .text.ENET_Init
                0x000107e8      0x104 ./drivers/fsl_enet.o
                0x000107e8                ENET_Init
 .text.ENET_SetCallback
                0x000108ec       0x30 ./drivers/fsl_enet.o
                0x000108ec                ENET_SetCallback
 .text.ENET_SetHandler
                0x0001091c      0x128 ./drivers/fsl_enet.o
 .text.ENET_SetMacController
                0x00010a44      0x290 ./drivers/fsl_enet.o
 .text.ENET_SetTxBufferDescriptors
                0x00010cd4       0xd8 ./drivers/fsl_enet.o
 .text.ENET_SetRxBufferDescriptors
                0x00010dac       0xec ./drivers/fsl_enet.o
 .text.ENET_ActiveSend
                0x00010e98       0x3c ./drivers/fsl_enet.o
 .text.ENET_SetMacAddr
                0x00010ed4       0x5e ./drivers/fsl_enet.o
                0x00010ed4                ENET_SetMacAddr
 *fill*         0x00010f32        0x2 ff
 .text.ENET_SetSMI
                0x00010f34       0x8c ./drivers/fsl_enet.o
                0x00010f34                ENET_SetSMI
 .text.ENET_StartSMIWrite
                0x00010fc0       0x50 ./drivers/fsl_enet.o
                0x00010fc0                ENET_StartSMIWrite
 .text.ENET_StartSMIRead
                0x00011010       0x4a ./drivers/fsl_enet.o
                0x00011010                ENET_StartSMIRead
 *fill*         0x0001105a        0x2 ff
 .text.ENET_GetRxFrameSize
                0x0001105c       0xe4 ./drivers/fsl_enet.o
                0x0001105c                ENET_GetRxFrameSize
 .text.ENET_ReadFrame
                0x00011140      0x13c ./drivers/fsl_enet.o
                0x00011140                ENET_ReadFrame
 .text.ENET_UpdateReadBuffers
                0x0001127c       0xd4 ./drivers/fsl_enet.o
 .text.ENET_SendFrame
                0x00011350      0x1b0 ./drivers/fsl_enet.o
                0x00011350                ENET_SendFrame
 .text.ENET_TransmitIRQHandler
                0x00011500       0x54 ./drivers/fsl_enet.o
                0x00011500                ENET_TransmitIRQHandler
 .text.ENET_ReceiveIRQHandler
                0x00011554       0x54 ./drivers/fsl_enet.o
                0x00011554                ENET_ReceiveIRQHandler
 .text.ENET_ErrorIRQHandler
                0x000115a8       0x8c ./drivers/fsl_enet.o
                0x000115a8                ENET_ErrorIRQHandler
 .text.ENET_Transmit_IRQHandler
                0x00011634       0x28 ./drivers/fsl_enet.o
                0x00011634                ENET_Transmit_IRQHandler
 .text.ENET_Receive_IRQHandler
                0x0001165c       0x28 ./drivers/fsl_enet.o
                0x0001165c                ENET_Receive_IRQHandler
 .text.ENET_Error_IRQHandler
                0x00011684       0x28 ./drivers/fsl_enet.o
                0x00011684                ENET_Error_IRQHandler
 .text.ENET_1588_Timer_IRQHandler
                0x000116ac       0x28 ./drivers/fsl_enet.o
                0x000116ac                ENET_1588_Timer_IRQHandler
 .text.CLOCK_EnableClock
                0x000116d4       0x36 ./drivers/fsl_pit.o
 *fill*         0x0001170a        0x2 ff
 .text.PIT_GetInstance
                0x0001170c       0x44 ./drivers/fsl_pit.o
 .text.PIT_Init
                0x00011750       0x64 ./drivers/fsl_pit.o
                0x00011750                PIT_Init
 .text.CLOCK_EnableClock
                0x000117b4       0x36 ./drivers/fsl_uart.o
 *fill*         0x000117ea        0x2 ff
 .text.UART_GetInstance
                0x000117ec       0x54 ./drivers/fsl_uart.o
                0x000117ec                UART_GetInstance
 .text.UART_Init
                0x00011840      0x2d8 ./drivers/fsl_uart.o
                0x00011840                UART_Init
 .text.UART_GetDefaultConfig
                0x00011b18       0x60 ./drivers/fsl_uart.o
                0x00011b18                UART_GetDefaultConfig
 .text.UART0_DriverIRQHandler
                0x00011b78       0x28 ./drivers/fsl_uart.o
                0x00011b78                UART0_DriverIRQHandler
 .text.UART0_RX_TX_DriverIRQHandler
                0x00011ba0       0x10 ./drivers/fsl_uart.o
                0x00011ba0                UART0_RX_TX_DriverIRQHandler
 .text.UART1_DriverIRQHandler
                0x00011bb0       0x28 ./drivers/fsl_uart.o
                0x00011bb0                UART1_DriverIRQHandler
 .text.UART1_RX_TX_DriverIRQHandler
                0x00011bd8       0x10 ./drivers/fsl_uart.o
                0x00011bd8                UART1_RX_TX_DriverIRQHandler
 .text.UART2_DriverIRQHandler
                0x00011be8       0x28 ./drivers/fsl_uart.o
                0x00011be8                UART2_DriverIRQHandler
 .text.UART2_RX_TX_DriverIRQHandler
                0x00011c10       0x10 ./drivers/fsl_uart.o
                0x00011c10                UART2_RX_TX_DriverIRQHandler
 .text.UART3_DriverIRQHandler
                0x00011c20       0x28 ./drivers/fsl_uart.o
                0x00011c20                UART3_DriverIRQHandler
 .text.UART3_RX_TX_DriverIRQHandler
                0x00011c48       0x10 ./drivers/fsl_uart.o
                0x00011c48                UART3_RX_TX_DriverIRQHandler
 .text.UART4_DriverIRQHandler
                0x00011c58       0x28 ./drivers/fsl_uart.o
                0x00011c58                UART4_DriverIRQHandler
 .text.UART4_RX_TX_DriverIRQHandler
                0x00011c80       0x10 ./drivers/fsl_uart.o
                0x00011c80                UART4_RX_TX_DriverIRQHandler
 .text.UART5_DriverIRQHandler
                0x00011c90       0x28 ./drivers/fsl_uart.o
                0x00011c90                UART5_DriverIRQHandler
 .text.UART5_RX_TX_DriverIRQHandler
                0x00011cb8       0x10 ./drivers/fsl_uart.o
                0x00011cb8                UART5_RX_TX_DriverIRQHandler
 .text.BOARD_InitDebugConsole
                0x00011cc8       0x28 ./board/board.o
                0x00011cc8                BOARD_InitDebugConsole
 .text.CLOCK_SetSimSafeDivs
                0x00011cf0       0x20 ./board/clock_config.o
 .text.CLOCK_SetXtal0Freq
                0x00011d10       0x20 ./board/clock_config.o
 .text.CLOCK_CONFIG_SetFllExtRefDiv
                0x00011d30       0x3c ./board/clock_config.o
 .text.BOARD_BootClockRUN
                0x00011d6c       0x60 ./board/clock_config.o
                0x00011d6c                BOARD_BootClockRUN
 .text.CLOCK_EnableClock
                0x00011dcc       0x36 ./board/fsl_phy.o
 .text.ENET_ReadSMIData
                0x00011e02       0x1a ./board/fsl_phy.o
 .text.ENET_GetInterruptStatus
                0x00011e1c       0x18 ./board/fsl_phy.o
 .text.ENET_ClearInterruptStatus
                0x00011e34       0x1c ./board/fsl_phy.o
 .text.PHY_Init
                0x00011e50      0x12c ./board/fsl_phy.o
                0x00011e50                PHY_Init
 .text.PHY_Write
                0x00011f7c       0x70 ./board/fsl_phy.o
                0x00011f7c                PHY_Write
 .text.PHY_Read
                0x00011fec       0x88 ./board/fsl_phy.o
                0x00011fec                PHY_Read
 .text.PHY_GetLinkStatus
                0x00012074       0x58 ./board/fsl_phy.o
                0x00012074                PHY_GetLinkStatus
 .text.PHY_GetLinkSpeedDuplex
                0x000120cc       0x88 ./board/fsl_phy.o
                0x000120cc                PHY_GetLinkSpeedDuplex
 .text.CLOCK_EnableClock
                0x00012154       0x36 ./board/pin_mux.o
 *fill*         0x0001218a        0x2 ff
 .text.PORT_SetPinConfig
                0x0001218c       0x38 ./board/pin_mux.o
 .text.PORT_SetPinMux
                0x000121c4       0x3a ./board/pin_mux.o
 *fill*         0x000121fe        0x2 ff
 .text.BOARD_InitPins
                0x00012200      0x100 ./board/pin_mux.o
                0x00012200                BOARD_InitPins
 .text.SystemInit
                0x00012300       0x40 ./CMSIS/system_MK64F12.o
                0x00012300                SystemInit
 .text.__main   0x00012340        0xe c:/nxp/mcuxpressoide_10.1.1_606/ide/tools/bin/../lib/gcc/arm-none-eabi/6.3.1/../../../../arm-none-eabi/lib/thumb/v7e-m/fpv4-sp/hard\libcr_semihost_nf.a(_cr__main.o)
                0x00012340                __CR_SEMIHOST
                0x00012340                __main
 *fill*         0x0001234e        0x2 ff
 .text.__assertion_failed
                0x00012350       0x4c c:/nxp/mcuxpressoide_10.1.1_606/ide/tools/bin/../lib/gcc/arm-none-eabi/6.3.1/../../../../arm-none-eabi/lib/thumb/v7e-m/fpv4-sp/hard\libcr_semihost_nf.a(_cr_assert.o)
                0x00012350                __assertion_failed
 .text.__sys_appexit
                0x0001239c        0xc c:/nxp/mcuxpressoide_10.1.1_606/ide/tools/bin/../lib/gcc/arm-none-eabi/6.3.1/../../../../arm-none-eabi/lib/thumb/v7e-m/fpv4-sp/hard\libcr_semihost_nf.a(__sys_appexit.o)
                0x0001239c                __sys_appexit
                0x0001239c                __exit
 .text.memcpy   0x000123a8        0x4 c:/nxp/mcuxpressoide_10.1.1_606/ide/tools/bin/../lib/gcc/arm-none-eabi/6.3.1/../../../../arm-none-eabi/lib/thumb/v7e-m/fpv4-sp/hard\libcr_c.a(memcpy.o)
                0x000123a8                memcpy
 .text.memset   0x000123ac        0x4 c:/nxp/mcuxpressoide_10.1.1_606/ide/tools/bin/../lib/gcc/arm-none-eabi/6.3.1/../../../../arm-none-eabi/lib/thumb/v7e-m/fpv4-sp/hard\libcr_c.a(memset.o)
                0x000123ac                memset
 .text._deferredlazyseek
                0x000123b0       0x40 c:/nxp/mcuxpressoide_10.1.1_606/ide/tools/bin/../lib/gcc/arm-none-eabi/6.3.1/../../../../arm-none-eabi/lib/thumb/v7e-m/fpv4-sp/hard\libcr_c.a(_deferredlazyseek.o)
                0x000123b0                _deferredlazyseek
 .text.__flsbuf
                0x000123f0      0x148 c:/nxp/mcuxpressoide_10.1.1_606/ide/tools/bin/../lib/gcc/arm-none-eabi/6.3.1/../../../../arm-none-eabi/lib/thumb/v7e-m/fpv4-sp/hard\libcr_c.a(_deferredlazyseek.o)
                0x000123f0                __flsbuf
 .text._fflush  0x00012538       0x54 c:/nxp/mcuxpressoide_10.1.1_606/ide/tools/bin/../lib/gcc/arm-none-eabi/6.3.1/../../../../arm-none-eabi/lib/thumb/v7e-m/fpv4-sp/hard\libcr_c.a(_fflush.o)
                0x00012538                _fflush
 .text._Cwritebuf
                0x0001258c       0x6c c:/nxp/mcuxpressoide_10.1.1_606/ide/tools/bin/../lib/gcc/arm-none-eabi/6.3.1/../../../../arm-none-eabi/lib/thumb/v7e-m/fpv4-sp/hard\libcr_c.a(_writebuf.o)
                0x0001258c                _Cwritebuf
 .text.malloc   0x000125f8       0xc4 c:/nxp/mcuxpressoide_10.1.1_606/ide/tools/bin/../lib/gcc/arm-none-eabi/6.3.1/../../../../arm-none-eabi/lib/thumb/v7e-m/fpv4-sp/hard\libcr_c.a(alloc.o)
                0x000125f8                malloc
 .text.free     0x000126bc       0x30 c:/nxp/mcuxpressoide_10.1.1_606/ide/tools/bin/../lib/gcc/arm-none-eabi/6.3.1/../../../../arm-none-eabi/lib/thumb/v7e-m/fpv4-sp/hard\libcr_c.a(alloc.o)
                0x000126bc                free
 .text._Csys_alloc
                0x000126ec       0x20 c:/nxp/mcuxpressoide_10.1.1_606/ide/tools/bin/../lib/gcc/arm-none-eabi/6.3.1/../../../../arm-none-eabi/lib/thumb/v7e-m/fpv4-sp/hard\libcr_c.a(alloc.o)
                0x000126ec                _Csys_alloc
 .text.fputs    0x0001270c       0x2c c:/nxp/mcuxpressoide_10.1.1_606/ide/tools/bin/../lib/gcc/arm-none-eabi/6.3.1/../../../../arm-none-eabi/lib/thumb/v7e-m/fpv4-sp/hard\libcr_c.a(fputs.o)
                0x0001270c                fputs
 .text.fseek    0x00012738      0x100 c:/nxp/mcuxpressoide_10.1.1_606/ide/tools/bin/../lib/gcc/arm-none-eabi/6.3.1/../../../../arm-none-eabi/lib/thumb/v7e-m/fpv4-sp/hard\libcr_c.a(fseek.o)
                0x00012738                fseek
 .text.ftell    0x00012838       0x48 c:/nxp/mcuxpressoide_10.1.1_606/ide/tools/bin/../lib/gcc/arm-none-eabi/6.3.1/../../../../arm-none-eabi/lib/thumb/v7e-m/fpv4-sp/hard\libcr_c.a(ftell.o)
                0x00012838                ftell
 .text._initio  0x00012880       0x78 c:/nxp/mcuxpressoide_10.1.1_606/ide/tools/bin/../lib/gcc/arm-none-eabi/6.3.1/../../../../arm-none-eabi/lib/thumb/v7e-m/fpv4-sp/hard\libcr_c.a(initio.o)
                0x00012880                _initio
 .text.memcmp   0x000128f8       0x44 c:/nxp/mcuxpressoide_10.1.1_606/ide/tools/bin/../lib/gcc/arm-none-eabi/6.3.1/../../../../arm-none-eabi/lib/thumb/v7e-m/fpv4-sp/hard\libcr_c.a(memcmp.o)
                0x000128f8                memcmp
 .text.no_fp_display
                0x0001293c        0x4 c:/nxp/mcuxpressoide_10.1.1_606/ide/tools/bin/../lib/gcc/arm-none-eabi/6.3.1/../../../../arm-none-eabi/lib/thumb/v7e-m/fpv4-sp/hard\libcr_c.a(printf.o)
 .text.__vfprintf
                0x00012940      0xb7c c:/nxp/mcuxpressoide_10.1.1_606/ide/tools/bin/../lib/gcc/arm-none-eabi/6.3.1/../../../../arm-none-eabi/lib/thumb/v7e-m/fpv4-sp/hard\libcr_c.a(printf.o)
                0x00012940                __vfprintf
 .text._vsnprintf
                0x000134bc       0x5c c:/nxp/mcuxpressoide_10.1.1_606/ide/tools/bin/../lib/gcc/arm-none-eabi/6.3.1/../../../../arm-none-eabi/lib/thumb/v7e-m/fpv4-sp/hard\libcr_c.a(printf.o)
                0x000134bc                _vsnprintf
 .text._printf  0x00013518       0x54 c:/nxp/mcuxpressoide_10.1.1_606/ide/tools/bin/../lib/gcc/arm-none-eabi/6.3.1/../../../../arm-none-eabi/lib/thumb/v7e-m/fpv4-sp/hard\libcr_c.a(printf.o)
                0x00013518                _printf
 .text.setvbuf  0x0001356c       0x40 c:/nxp/mcuxpressoide_10.1.1_606/ide/tools/bin/../lib/gcc/arm-none-eabi/6.3.1/../../../../arm-none-eabi/lib/thumb/v7e-m/fpv4-sp/hard\libcr_c.a(setvbuf.o)
                0x0001356c                setvbuf
 .text.strlen   0x000135ac       0x4a c:/nxp/mcuxpressoide_10.1.1_606/ide/tools/bin/../lib/gcc/arm-none-eabi/6.3.1/../../../../arm-none-eabi/lib/thumb/v7e-m/fpv4-sp/hard\libcr_c.a(strlen.o)
                0x000135ac                strlen
 *fill*         0x000135f6        0x2 ff
 .text._sbrk    0x000135f8       0x3c c:/nxp/mcuxpressoide_10.1.1_606/ide/tools/bin/../lib/gcc/arm-none-eabi/6.3.1/../../../../arm-none-eabi/lib/thumb/v7e-m/fpv4-sp/hard\libcr_c.a(_cr_sbrk.o)
                0x000135f8                _sbrk
 .text._fdopen  0x00013634       0x68 c:/nxp/mcuxpressoide_10.1.1_606/ide/tools/bin/../lib/gcc/arm-none-eabi/6.3.1/../../../../arm-none-eabi/lib/thumb/v7e-m/fpv4-sp/hard\libcr_c.a(_fdopen.o)
                0x00013634                _fdopen
 .text.fclose   0x0001369c       0x58 c:/nxp/mcuxpressoide_10.1.1_606/ide/tools/bin/../lib/gcc/arm-none-eabi/6.3.1/../../../../arm-none-eabi/lib/thumb/v7e-m/fpv4-sp/hard\libcr_c.a(fclose.o)
                0x0001369c                fclose
 .text.fflush   0x000136f4       0x44 c:/nxp/mcuxpressoide_10.1.1_606/ide/tools/bin/../lib/gcc/arm-none-eabi/6.3.1/../../../../arm-none-eabi/lib/thumb/v7e-m/fpv4-sp/hard\libcr_c.a(fflush.o)
                0x000136f4                fflush
 .text.remove   0x00013738       0x14 c:/nxp/mcuxpressoide_10.1.1_606/ide/tools/bin/../lib/gcc/arm-none-eabi/6.3.1/../../../../arm-none-eabi/lib/thumb/v7e-m/fpv4-sp/hard\libcr_c.a(remove.o)
                0x00013738                remove
 .text.__check_heap_overflow
                0x0001374c       0x18 c:/nxp/mcuxpressoide_10.1.1_606/ide/tools/bin/../lib/gcc/arm-none-eabi/6.3.1/../../../../arm-none-eabi/lib/thumb/v7e-m/fpv4-sp/hard\libcr_c.a(_cr_check_heap.o)
                0x0001374c                __check_heap_overflow
 .text._do_fflush
                0x00013764       0x40 c:/nxp/mcuxpressoide_10.1.1_606/ide/tools/bin/../lib/gcc/arm-none-eabi/6.3.1/../../../../arm-none-eabi/lib/thumb/v7e-m/fpv4-sp/hard\libcr_c.a(_do_fflush.o)
                0x00013764                _do_fflush
 .text.__aeabi_memcpy
                0x000137a4       0x34 c:/nxp/mcuxpressoide_10.1.1_606/ide/tools/bin/../lib/gcc/arm-none-eabi/6.3.1/thumb/v7e-m/fpv4-sp/hard\libcr_eabihelpers.a(memcpy.o)
                0x000137a4                __aeabi_memcpy
                0x000137ae                __aeabi_memcpy8
                0x000137ae                __aeabi_memcpy4
 .text.__aeabi_memset_lowlevel
                0x000137d8       0x32 c:/nxp/mcuxpressoide_10.1.1_606/ide/tools/bin/../lib/gcc/arm-none-eabi/6.3.1/thumb/v7e-m/fpv4-sp/hard\libcr_eabihelpers.a(memcpy.o)
                0x000137d8                __aeabi_lowlevel_memset
 .text.__sys_close
                0x0001380a        0xc c:/nxp/mcuxpressoide_10.1.1_606/ide/tools/bin/../lib/gcc/arm-none-eabi/6.3.1/../../../../arm-none-eabi/lib/thumb/v7e-m/fpv4-sp/hard\libcr_semihost_nf.a(__sys_close.o)
                0x0001380a                __sys_close
 .text.__sys_flen
                0x00013816        0xc c:/nxp/mcuxpressoide_10.1.1_606/ide/tools/bin/../lib/gcc/arm-none-eabi/6.3.1/../../../../arm-none-eabi/lib/thumb/v7e-m/fpv4-sp/hard\libcr_semihost_nf.a(__sys_flen.o)
                0x00013816                __sys_flen
 .text.__sys_istty
                0x00013822        0xc c:/nxp/mcuxpressoide_10.1.1_606/ide/tools/bin/../lib/gcc/arm-none-eabi/6.3.1/../../../../arm-none-eabi/lib/thumb/v7e-m/fpv4-sp/hard\libcr_semihost_nf.a(__sys_istty.o)
                0x00013822                __sys_istty
 .text.__sys_remove
                0x0001382e        0xc c:/nxp/mcuxpressoide_10.1.1_606/ide/tools/bin/../lib/gcc/arm-none-eabi/6.3.1/../../../../arm-none-eabi/lib/thumb/v7e-m/fpv4-sp/hard\libcr_semihost_nf.a(__sys_remove.o)
                0x0001382e                __sys_remove
 .text.__sys_seek
                0x0001383a        0xc c:/nxp/mcuxpressoide_10.1.1_606/ide/tools/bin/../lib/gcc/arm-none-eabi/6.3.1/../../../../arm-none-eabi/lib/thumb/v7e-m/fpv4-sp/hard\libcr_semihost_nf.a(__sys_seek.o)
                0x0001383a                __sys_seek
 .text.__sys_tmpnam
                0x00013846        0xc c:/nxp/mcuxpressoide_10.1.1_606/ide/tools/bin/../lib/gcc/arm-none-eabi/6.3.1/../../../../arm-none-eabi/lib/thumb/v7e-m/fpv4-sp/hard\libcr_semihost_nf.a(__sys_tmpnam.o)
                0x00013846                __sys_tmpnam
 .text.__sys_write
                0x00013852        0xc c:/nxp/mcuxpressoide_10.1.1_606/ide/tools/bin/../lib/gcc/arm-none-eabi/6.3.1/../../../../arm-none-eabi/lib/thumb/v7e-m/fpv4-sp/hard\libcr_semihost_nf.a(__sys_write.o)
                0x00013852                __sys_write
 *(.rodata .rodata.* .constdata .constdata.*)
 *fill*         0x0001385e        0x2 ff
 .rodata        0x00013860       0x50 ./utilities/fsl_debug_console.o
 .rodata        0x000138b0       0x27 ./utilities/fsl_io.o
 *fill*         0x000138d7        0x1 ff
 .rodata        0x000138d8      0x16e ./source/lwip_udpecho_freertos.o
 *fill*         0x00013a46        0x2 ff
 .rodata.ethbroadcast
                0x00013a48        0x6 ./lwip/src/netif/ethernet.o
                0x00013a48                ethbroadcast
 *fill*         0x00013a4e        0x2 ff
 .rodata.ethzero
                0x00013a50        0x6 ./lwip/src/netif/ethernet.o
                0x00013a50                ethzero
 *fill*         0x00013a56        0x2 ff
 .rodata        0x00013a58       0x31 ./lwip/src/netif/ethernet.o
 *fill*         0x00013a89        0x3 ff
 .rodata        0x00013a8c      0x49f ./lwip/src/core/ipv4/dhcp.o
 *fill*         0x00013f2b        0x1 ff
 .rodata        0x00013f2c      0x205 ./lwip/src/core/ipv4/etharp.o
 *fill*         0x00014131        0x3 ff
 .rodata        0x00014134       0x98 ./lwip/src/core/ipv4/icmp.o
 .rodata        0x000141cc       0x39 ./lwip/src/core/ipv4/ip4.o
 *fill*         0x00014205        0x3 ff
 .rodata.ip_addr_any
                0x00014208        0x4 ./lwip/src/core/ipv4/ip4_addr.o
                0x00014208                ip_addr_any
 .rodata.ip_addr_broadcast
                0x0001420c        0x4 ./lwip/src/core/ipv4/ip4_addr.o
                0x0001420c                ip_addr_broadcast
 .rodata        0x00014210      0x1bc ./lwip/src/core/ipv4/ip4_frag.o
 .rodata        0x000143cc      0x1bf ./lwip/src/core/mem.o
 *fill*         0x0001458b        0x1 ff
 .rodata        0x0001458c      0x12b ./lwip/src/core/memp.o
 *fill*         0x000146b7        0x1 ff
 .rodata.memp_UDP_PCB
                0x000146b8       0x10 ./lwip/src/core/memp.o
                0x000146b8                memp_UDP_PCB
 .rodata.memp_TCP_PCB
                0x000146c8       0x10 ./lwip/src/core/memp.o
                0x000146c8                memp_TCP_PCB
 .rodata.memp_TCP_PCB_LISTEN
                0x000146d8       0x10 ./lwip/src/core/memp.o
                0x000146d8                memp_TCP_PCB_LISTEN
 .rodata.memp_TCP_SEG
                0x000146e8       0x10 ./lwip/src/core/memp.o
                0x000146e8                memp_TCP_SEG
 .rodata.memp_REASSDATA
                0x000146f8       0x10 ./lwip/src/core/memp.o
                0x000146f8                memp_REASSDATA
 .rodata.memp_FRAG_PBUF
                0x00014708       0x10 ./lwip/src/core/memp.o
                0x00014708                memp_FRAG_PBUF
 .rodata.memp_NETBUF
                0x00014718       0x10 ./lwip/src/core/memp.o