14:09:08 **** Build of configuration Debug for project DACdemo_apps_dac_adc ****
make -r -j8 all 
Building file: ../utilities/fsl_assert.c
Building file: ../utilities/fsl_debug_console.c
Building file: ../utilities/fsl_io.c
Building file: ../utilities/fsl_log.c
Invoking: MCU C Compiler
Invoking: MCU C Compiler
arm-none-eabi-gcc -std=gnu99 -D__REDLIB__ -DFRDM_K64F -DFREEDOM -DPRINTF_FLOAT_ENABLE=1 -DSDK_DEBUGCONSOLE=0 -D__MCUXPRESSO -D__USE_CMSIS -DDEBUG -DCPU_MK64FN1M0VLL12 -DCPU_MK64FN1M0VLL12_cm4 -I"C:\p2\SEBM2_bocinas_wifi_MCUXpresso\DACdemo_apps_dac_adc\board" -I"C:\p2\SEBM2_bocinas_wifi_MCUXpresso\DACdemo_apps_dac_adc\source" -I"C:\p2\SEBM2_bocinas_wifi_MCUXpresso\DACdemo_apps_dac_adc" -I"C:\p2\SEBM2_bocinas_wifi_MCUXpresso\DACdemo_apps_dac_adc\drivers" -I"C:\p2\SEBM2_bocinas_wifi_MCUXpresso\DACdemo_apps_dac_adc\CMSIS" -I"C:\p2\SEBM2_bocinas_wifi_MCUXpresso\DACdemo_apps_dac_adc\utilities" -I"C:\p2\SEBM2_bocinas_wifi_MCUXpresso\DACdemo_apps_dac_adc\startup" -O0 -fno-common -g -Wall -c  -ffunction-sections  -fdata-sections  -ffreestanding  -fno-builtin -mcpu=cortex-m4 -mfpu=fpv4-sp-d16 -mfloat-abi=hard -mthumb -D__REDLIB__ -specs=redlib.specs -MMD -MP -MF"utilities/fsl_assert.d" -MT"utilities/fsl_assert.o" -MT"utilities/fsl_assert.d" -o "utilities/fsl_assert.o" "../utilities/fsl_assert.c"
Invoking: MCU C Compiler
arm-none-eabi-gcc -std=gnu99 -D__REDLIB__ -DFRDM_K64F -DFREEDOM -DPRINTF_FLOAT_ENABLE=1 -DSDK_DEBUGCONSOLE=0 -D__MCUXPRESSO -D__USE_CMSIS -DDEBUG -DCPU_MK64FN1M0VLL12 -DCPU_MK64FN1M0VLL12_cm4 -I"C:\p2\SEBM2_bocinas_wifi_MCUXpresso\DACdemo_apps_dac_adc\board" -I"C:\p2\SEBM2_bocinas_wifi_MCUXpresso\DACdemo_apps_dac_adc\source" -I"C:\p2\SEBM2_bocinas_wifi_MCUXpresso\DACdemo_apps_dac_adc" -I"C:\p2\SEBM2_bocinas_wifi_MCUXpresso\DACdemo_apps_dac_adc\drivers" -I"C:\p2\SEBM2_bocinas_wifi_MCUXpresso\DACdemo_apps_dac_adc\CMSIS" -I"C:\p2\SEBM2_bocinas_wifi_MCUXpresso\DACdemo_apps_dac_adc\utilities" -I"C:\p2\SEBM2_bocinas_wifi_MCUXpresso\DACdemo_apps_dac_adc\startup" -O0 -fno-common -g -Wall -c  -ffunction-sections  -fdata-sections  -ffreestanding  -fno-builtin -mcpu=cortex-m4 -mfpu=fpv4-sp-d16 -mfloat-abi=hard -mthumb -D__REDLIB__ -specs=redlib.specs -MMD -MP -MF"utilities/fsl_debug_console.d" -MT"utilities/fsl_debug_console.o" -MT"utilities/fsl_debug_console.d" -o "utilities/fsl_debug_console.o" "../utilities/fsl_debug_console.c"
Invoking: MCU C Compiler
arm-none-eabi-gcc -std=gnu99 -D__REDLIB__ -DFRDM_K64F -DFREEDOM -DPRINTF_FLOAT_ENABLE=1 -DSDK_DEBUGCONSOLE=0 -D__MCUXPRESSO -D__USE_CMSIS -DDEBUG -DCPU_MK64FN1M0VLL12 -DCPU_MK64FN1M0VLL12_cm4 -I"C:\p2\SEBM2_bocinas_wifi_MCUXpresso\DACdemo_apps_dac_adc\board" -I"C:\p2\SEBM2_bocinas_wifi_MCUXpresso\DACdemo_apps_dac_adc\source" -I"C:\p2\SEBM2_bocinas_wifi_MCUXpresso\DACdemo_apps_dac_adc" -I"C:\p2\SEBM2_bocinas_wifi_MCUXpresso\DACdemo_apps_dac_adc\drivers" -I"C:\p2\SEBM2_bocinas_wifi_MCUXpresso\DACdemo_apps_dac_adc\CMSIS" -I"C:\p2\SEBM2_bocinas_wifi_MCUXpresso\DACdemo_apps_dac_adc\utilities" -I"C:\p2\SEBM2_bocinas_wifi_MCUXpresso\DACdemo_apps_dac_adc\startup" -O0 -fno-common -g -Wall -c  -ffunction-sections  -fdata-sections  -ffreestanding  -fno-builtin -mcpu=cortex-m4 -mfpu=fpv4-sp-d16 -mfloat-abi=hard -mthumb -D__REDLIB__ -specs=redlib.specs -MMD -MP -MF"utilities/fsl_io.d" -MT"utilities/fsl_io.o" -MT"utilities/fsl_io.d" -o "utilities/fsl_io.o" "../utilities/fsl_io.c"
arm-none-eabi-gcc -std=gnu99 -D__REDLIB__ -DFRDM_K64F -DFREEDOM -DPRINTF_FLOAT_ENABLE=1 -DSDK_DEBUGCONSOLE=0 -D__MCUXPRESSO -D__USE_CMSIS -DDEBUG -DCPU_MK64FN1M0VLL12 -DCPU_MK64FN1M0VLL12_cm4 -I"C:\p2\SEBM2_bocinas_wifi_MCUXpresso\DACdemo_apps_dac_adc\board" -I"C:\p2\SEBM2_bocinas_wifi_MCUXpresso\DACdemo_apps_dac_adc\source" -I"C:\p2\SEBM2_bocinas_wifi_MCUXpresso\DACdemo_apps_dac_adc" -I"C:\p2\SEBM2_bocinas_wifi_MCUXpresso\DACdemo_apps_dac_adc\drivers" -I"C:\p2\SEBM2_bocinas_wifi_MCUXpresso\DACdemo_apps_dac_adc\CMSIS" -I"C:\p2\SEBM2_bocinas_wifi_MCUXpresso\DACdemo_apps_dac_adc\utilities" -I"C:\p2\SEBM2_bocinas_wifi_MCUXpresso\DACdemo_apps_dac_adc\startup" -O0 -fno-common -g -Wall -c  -ffunction-sections  -fdata-sections  -ffreestanding  -fno-builtin -mcpu=cortex-m4 -mfpu=fpv4-sp-d16 -mfloat-abi=hard -mthumb -D__REDLIB__ -specs=redlib.specs -MMD -MP -MF"utilities/fsl_log.d" -MT"utilities/fsl_log.o" -MT"utilities/fsl_log.d" -o "utilities/fsl_log.o" "../utilities/fsl_log.c"
Building file: ../utilities/fsl_str.c
Building file: ../startup/startup_mk64f12.c
Invoking: MCU C Compiler
arm-none-eabi-gcc -std=gnu99 -D__REDLIB__ -DFRDM_K64F -DFREEDOM -DPRINTF_FLOAT_ENABLE=1 -DSDK_DEBUGCONSOLE=0 -D__MCUXPRESSO -D__USE_CMSIS -DDEBUG -DCPU_MK64FN1M0VLL12 -DCPU_MK64FN1M0VLL12_cm4 -I"C:\p2\SEBM2_bocinas_wifi_MCUXpresso\DACdemo_apps_dac_adc\board" -I"C:\p2\SEBM2_bocinas_wifi_MCUXpresso\DACdemo_apps_dac_adc\source" -I"C:\p2\SEBM2_bocinas_wifi_MCUXpresso\DACdemo_apps_dac_adc" -I"C:\p2\SEBM2_bocinas_wifi_MCUXpresso\DACdemo_apps_dac_adc\drivers" -I"C:\p2\SEBM2_bocinas_wifi_MCUXpresso\DACdemo_apps_dac_adc\CMSIS" -I"C:\p2\SEBM2_bocinas_wifi_MCUXpresso\DACdemo_apps_dac_adc\utilities" -I"C:\p2\SEBM2_bocinas_wifi_MCUXpresso\DACdemo_apps_dac_adc\startup" -O0 -fno-common -g -Wall -c  -ffunction-sections  -fdata-sections  -ffreestanding  -fno-builtin -mcpu=cortex-m4 -mfpu=fpv4-sp-d16 -mfloat-abi=hard -mthumb -D__REDLIB__ -specs=redlib.specs -MMD -MP -MF"utilities/fsl_str.d" -MT"utilities/fsl_str.o" -MT"utilities/fsl_str.d" -o "utilities/fsl_str.o" "../utilities/fsl_str.c"
Invoking: MCU C Compiler
arm-none-eabi-gcc -std=gnu99 -D__REDLIB__ -DFRDM_K64F -DFREEDOM -DPRINTF_FLOAT_ENABLE=1 -DSDK_DEBUGCONSOLE=0 -D__MCUXPRESSO -D__USE_CMSIS -DDEBUG -DCPU_MK64FN1M0VLL12 -DCPU_MK64FN1M0VLL12_cm4 -I"C:\p2\SEBM2_bocinas_wifi_MCUXpresso\DACdemo_apps_dac_adc\board" -I"C:\p2\SEBM2_bocinas_wifi_MCUXpresso\DACdemo_apps_dac_adc\source" -I"C:\p2\SEBM2_bocinas_wifi_MCUXpresso\DACdemo_apps_dac_adc" -I"C:\p2\SEBM2_bocinas_wifi_MCUXpresso\DACdemo_apps_dac_adc\drivers" -I"C:\p2\SEBM2_bocinas_wifi_MCUXpresso\DACdemo_apps_dac_adc\CMSIS" -I"C:\p2\SEBM2_bocinas_wifi_MCUXpresso\DACdemo_apps_dac_adc\utilities" -I"C:\p2\SEBM2_bocinas_wifi_MCUXpresso\DACdemo_apps_dac_adc\startup" -O0 -fno-common -g -Wall -c  -ffunction-sections  -fdata-sections  -ffreestanding  -fno-builtin -mcpu=cortex-m4 -mfpu=fpv4-sp-d16 -mfloat-abi=hard -mthumb -D__REDLIB__ -specs=redlib.specs -MMD -MP -MF"startup/startup_mk64f12.d" -MT"startup/startup_mk64f12.o" -MT"startup/startup_mk64f12.d" -o "startup/startup_mk64f12.o" "../startup/startup_mk64f12.c"
Building file: ../source/dac_adc.c
Invoking: MCU C Compiler
Building file: ../source/semihost_hardfault.c
arm-none-eabi-gcc -std=gnu99 -D__REDLIB__ -DFRDM_K64F -DFREEDOM -DPRINTF_FLOAT_ENABLE=1 -DSDK_DEBUGCONSOLE=0 -D__MCUXPRESSO -D__USE_CMSIS -DDEBUG -DCPU_MK64FN1M0VLL12 -DCPU_MK64FN1M0VLL12_cm4 -I"C:\p2\SEBM2_bocinas_wifi_MCUXpresso\DACdemo_apps_dac_adc\board" -I"C:\p2\SEBM2_bocinas_wifi_MCUXpresso\DACdemo_apps_dac_adc\source" -I"C:\p2\SEBM2_bocinas_wifi_MCUXpresso\DACdemo_apps_dac_adc" -I"C:\p2\SEBM2_bocinas_wifi_MCUXpresso\DACdemo_apps_dac_adc\drivers" -I"C:\p2\SEBM2_bocinas_wifi_MCUXpresso\DACdemo_apps_dac_adc\CMSIS" -I"C:\p2\SEBM2_bocinas_wifi_MCUXpresso\DACdemo_apps_dac_adc\utilities" -I"C:\p2\SEBM2_bocinas_wifi_MCUXpresso\DACdemo_apps_dac_adc\startup" -O0 -fno-common -g -Wall -c  -ffunction-sections  -fdata-sections  -ffreestanding  -fno-builtin -mcpu=cortex-m4 -mfpu=fpv4-sp-d16 -mfloat-abi=hard -mthumb -D__REDLIB__ -specs=redlib.specs -MMD -MP -MF"source/dac_adc.d" -MT"source/dac_adc.o" -MT"source/dac_adc.d" -o "source/dac_adc.o" "../source/dac_adc.c"
Finished building: ../utilities/fsl_assert.c
Invoking: MCU C Compiler
 
Finished building: ../utilities/fsl_log.c
arm-none-eabi-gcc -std=gnu99 -D__REDLIB__ -DFRDM_K64F -DFREEDOM -DPRINTF_FLOAT_ENABLE=1 -DSDK_DEBUGCONSOLE=0 -D__MCUXPRESSO -D__USE_CMSIS -DDEBUG -DCPU_MK64FN1M0VLL12 -DCPU_MK64FN1M0VLL12_cm4 -I"C:\p2\SEBM2_bocinas_wifi_MCUXpresso\DACdemo_apps_dac_adc\board" -I"C:\p2\SEBM2_bocinas_wifi_MCUXpresso\DACdemo_apps_dac_adc\source" -I"C:\p2\SEBM2_bocinas_wifi_MCUXpresso\DACdemo_apps_dac_adc" -I"C:\p2\SEBM2_bocinas_wifi_MCUXpresso\DACdemo_apps_dac_adc\drivers" -I"C:\p2\SEBM2_bocinas_wifi_MCUXpresso\DACdemo_apps_dac_adc\CMSIS" -I"C:\p2\SEBM2_bocinas_wifi_MCUXpresso\DACdemo_apps_dac_adc\utilities" -I"C:\p2\SEBM2_bocinas_wifi_MCUXpresso\DACdemo_apps_dac_adc\startup" -O0 -fno-common -g -Wall -c  -ffunction-sections  -fdata-sections  -ffreestanding  -fno-builtin -mcpu=cortex-m4 -mfpu=fpv4-sp-d16 -mfloat-abi=hard -mthumb -D__REDLIB__ -specs=redlib.specs -MMD -MP -MF"source/semihost_hardfault.d" -MT"source/semihost_hardfault.o" -MT"source/semihost_hardfault.d" -o "source/semihost_hardfault.o" "../source/semihost_hardfault.c"
Finished building: ../utilities/fsl_io.c
 
 
Finished building: ../utilities/fsl_debug_console.c
Building file: ../drivers/fsl_adc16.c
Building file: ../drivers/fsl_clock.c
Finished building: ../utilities/fsl_str.c
Invoking: MCU C Compiler
Invoking: MCU C Compiler
arm-none-eabi-gcc -std=gnu99 -D__REDLIB__ -DFRDM_K64F -DFREEDOM -DPRINTF_FLOAT_ENABLE=1 -DSDK_DEBUGCONSOLE=0 -D__MCUXPRESSO -D__USE_CMSIS -DDEBUG -DCPU_MK64FN1M0VLL12 -DCPU_MK64FN1M0VLL12_cm4 -I"C:\p2\SEBM2_bocinas_wifi_MCUXpresso\DACdemo_apps_dac_adc\board" -I"C:\p2\SEBM2_bocinas_wifi_MCUXpresso\DACdemo_apps_dac_adc\source" -I"C:\p2\SEBM2_bocinas_wifi_MCUXpresso\DACdemo_apps_dac_adc" -I"C:\p2\SEBM2_bocinas_wifi_MCUXpresso\DACdemo_apps_dac_adc\drivers" -I"C:\p2\SEBM2_bocinas_wifi_MCUXpresso\DACdemo_apps_dac_adc\CMSIS" -I"C:\p2\SEBM2_bocinas_wifi_MCUXpresso\DACdemo_apps_dac_adc\utilities" -I"C:\p2\SEBM2_bocinas_wifi_MCUXpresso\DACdemo_apps_dac_adc\startup" -O0 -fno-common -g -Wall -c  -ffunction-sections  -fdata-sections  -ffreestanding  -fno-builtin -mcpu=cortex-m4 -mfpu=fpv4-sp-d16 -mfloat-abi=hard -mthumb -D__REDLIB__ -specs=redlib.specs -MMD -MP -MF"drivers/fsl_adc16.d" -MT"drivers/fsl_adc16.o" -MT"drivers/fsl_adc16.d" -o "drivers/fsl_adc16.o" "../drivers/fsl_adc16.c"
Finished building: ../startup/startup_mk64f12.c
arm-none-eabi-gcc -std=gnu99 -D__REDLIB__ -DFRDM_K64F -DFREEDOM -DPRINTF_FLOAT_ENABLE=1 -DSDK_DEBUGCONSOLE=0 -D__MCUXPRESSO -D__USE_CMSIS -DDEBUG -DCPU_MK64FN1M0VLL12 -DCPU_MK64FN1M0VLL12_cm4 -I"C:\p2\SEBM2_bocinas_wifi_MCUXpresso\DACdemo_apps_dac_adc\board" -I"C:\p2\SEBM2_bocinas_wifi_MCUXpresso\DACdemo_apps_dac_adc\source" -I"C:\p2\SEBM2_bocinas_wifi_MCUXpresso\DACdemo_apps_dac_adc" -I"C:\p2\SEBM2_bocinas_wifi_MCUXpresso\DACdemo_apps_dac_adc\drivers" -I"C:\p2\SEBM2_bocinas_wifi_MCUXpresso\DACdemo_apps_dac_adc\CMSIS" -I"C:\p2\SEBM2_bocinas_wifi_MCUXpresso\DACdemo_apps_dac_adc\utilities" -I"C:\p2\SEBM2_bocinas_wifi_MCUXpresso\DACdemo_apps_dac_adc\startup" -O0 -fno-common -g -Wall -c  -ffunction-sections  -fdata-sections  -ffreestanding  -fno-builtin -mcpu=cortex-m4 -mfpu=fpv4-sp-d16 -mfloat-abi=hard -mthumb -D__REDLIB__ -specs=redlib.specs -MMD -MP -MF"drivers/fsl_clock.d" -MT"drivers/fsl_clock.o" -MT"drivers/fsl_clock.d" -o "drivers/fsl_clock.o" "../drivers/fsl_clock.c"
Finished building: ../source/dac_adc.c
 
 
Finished building: ../source/semihost_hardfault.c
 
 
 
Building file: ../drivers/fsl_common.c
Building file: ../drivers/fsl_dac.c
Building file: ../drivers/fsl_flash.c
Invoking: MCU C Compiler
arm-none-eabi-gcc -std=gnu99 -D__REDLIB__ -DFRDM_K64F -DFREEDOM -DPRINTF_FLOAT_ENABLE=1 -DSDK_DEBUGCONSOLE=0 -D__MCUXPRESSO -D__USE_CMSIS -DDEBUG -DCPU_MK64FN1M0VLL12 -DCPU_MK64FN1M0VLL12_cm4 -I"C:\p2\SEBM2_bocinas_wifi_MCUXpresso\DACdemo_apps_dac_adc\board" -I"C:\p2\SEBM2_bocinas_wifi_MCUXpresso\DACdemo_apps_dac_adc\source" -I"C:\p2\SEBM2_bocinas_wifi_MCUXpresso\DACdemo_apps_dac_adc" -I"C:\p2\SEBM2_bocinas_wifi_MCUXpresso\DACdemo_apps_dac_adc\drivers" -I"C:\p2\SEBM2_bocinas_wifi_MCUXpresso\DACdemo_apps_dac_adc\CMSIS" -I"C:\p2\SEBM2_bocinas_wifi_MCUXpresso\DACdemo_apps_dac_adc\utilities" -I"C:\p2\SEBM2_bocinas_wifi_MCUXpresso\DACdemo_apps_dac_adc\startup" -O0 -fno-common -g -Wall -c  -ffunction-sections  -fdata-sections  -ffreestanding  -fno-builtin -mcpu=cortex-m4 -mfpu=fpv4-sp-d16 -mfloat-abi=hard -mthumb -D__REDLIB__ -specs=redlib.specs -MMD -MP -MF"drivers/fsl_common.d" -MT"drivers/fsl_common.o" -MT"drivers/fsl_common.d" -o "drivers/fsl_common.o" "../drivers/fsl_common.c"
Invoking: MCU C Compiler
Invoking: MCU C Compiler
arm-none-eabi-gcc -std=gnu99 -D__REDLIB__ -DFRDM_K64F -DFREEDOM -DPRINTF_FLOAT_ENABLE=1 -DSDK_DEBUGCONSOLE=0 -D__MCUXPRESSO -D__USE_CMSIS -DDEBUG -DCPU_MK64FN1M0VLL12 -DCPU_MK64FN1M0VLL12_cm4 -I"C:\p2\SEBM2_bocinas_wifi_MCUXpresso\DACdemo_apps_dac_adc\board" -I"C:\p2\SEBM2_bocinas_wifi_MCUXpresso\DACdemo_apps_dac_adc\source" -I"C:\p2\SEBM2_bocinas_wifi_MCUXpresso\DACdemo_apps_dac_adc" -I"C:\p2\SEBM2_bocinas_wifi_MCUXpresso\DACdemo_apps_dac_adc\drivers" -I"C:\p2\SEBM2_bocinas_wifi_MCUXpresso\DACdemo_apps_dac_adc\CMSIS" -I"C:\p2\SEBM2_bocinas_wifi_MCUXpresso\DACdemo_apps_dac_adc\utilities" -I"C:\p2\SEBM2_bocinas_wifi_MCUXpresso\DACdemo_apps_dac_adc\startup" -O0 -fno-common -g -Wall -c  -ffunction-sections  -fdata-sections  -ffreestanding  -fno-builtin -mcpu=cortex-m4 -mfpu=fpv4-sp-d16 -mfloat-abi=hard -mthumb -D__REDLIB__ -specs=redlib.specs -MMD -MP -MF"drivers/fsl_dac.d" -MT"drivers/fsl_dac.o" -MT"drivers/fsl_dac.d" -o "drivers/fsl_dac.o" "../drivers/fsl_dac.c"
arm-none-eabi-gcc -std=gnu99 -D__REDLIB__ -DFRDM_K64F -DFREEDOM -DPRINTF_FLOAT_ENABLE=1 -DSDK_DEBUGCONSOLE=0 -D__MCUXPRESSO -D__USE_CMSIS -DDEBUG -DCPU_MK64FN1M0VLL12 -DCPU_MK64FN1M0VLL12_cm4 -I"C:\p2\SEBM2_bocinas_wifi_MCUXpresso\DACdemo_apps_dac_adc\board" -I"C:\p2\SEBM2_bocinas_wifi_MCUXpresso\DACdemo_apps_dac_adc\source" -I"C:\p2\SEBM2_bocinas_wifi_MCUXpresso\DACdemo_apps_dac_adc" -I"C:\p2\SEBM2_bocinas_wifi_MCUXpresso\DACdemo_apps_dac_adc\drivers" -I"C:\p2\SEBM2_bocinas_wifi_MCUXpresso\DACdemo_apps_dac_adc\CMSIS" -I"C:\p2\SEBM2_bocinas_wifi_MCUXpresso\DACdemo_apps_dac_adc\utilities" -I"C:\p2\SEBM2_bocinas_wifi_MCUXpresso\DACdemo_apps_dac_adc\startup" -O0 -fno-common -g -Wall -c  -ffunction-sections  -fdata-sections  -ffreestanding  -fno-builtin -mcpu=cortex-m4 -mfpu=fpv4-sp-d16 -mfloat-abi=hard -mthumb -D__REDLIB__ -specs=redlib.specs -MMD -MP -MF"drivers/fsl_flash.d" -MT"drivers/fsl_flash.o" -MT"drivers/fsl_flash.d" -o "drivers/fsl_flash.o" "../drivers/fsl_flash.c"
Building file: ../drivers/fsl_gpio.c
Finished building: ../drivers/fsl_adc16.c
Invoking: MCU C Compiler
arm-none-eabi-gcc -std=gnu99 -D__REDLIB__ -DFRDM_K64F -DFREEDOM -DPRINTF_FLOAT_ENABLE=1 -DSDK_DEBUGCONSOLE=0 -D__MCUXPRESSO -D__USE_CMSIS -DDEBUG -DCPU_MK64FN1M0VLL12 -DCPU_MK64FN1M0VLL12_cm4 -I"C:\p2\SEBM2_bocinas_wifi_MCUXpresso\DACdemo_apps_dac_adc\board" -I"C:\p2\SEBM2_bocinas_wifi_MCUXpresso\DACdemo_apps_dac_adc\source" -I"C:\p2\SEBM2_bocinas_wifi_MCUXpresso\DACdemo_apps_dac_adc" -I"C:\p2\SEBM2_bocinas_wifi_MCUXpresso\DACdemo_apps_dac_adc\drivers" -I"C:\p2\SEBM2_bocinas_wifi_MCUXpresso\DACdemo_apps_dac_adc\CMSIS" -I"C:\p2\SEBM2_bocinas_wifi_MCUXpresso\DACdemo_apps_dac_adc\utilities" -I"C:\p2\SEBM2_bocinas_wifi_MCUXpresso\DACdemo_apps_dac_adc\startup" -O0 -fno-common -g -Wall -c  -ffunction-sections  -fdata-sections  -ffreestanding  -fno-builtin -mcpu=cortex-m4 -mfpu=fpv4-sp-d16 -mfloat-abi=hard -mthumb -D__REDLIB__ -specs=redlib.specs -MMD -MP -MF"drivers/fsl_gpio.d" -MT"drivers/fsl_gpio.o" -MT"drivers/fsl_gpio.d" -o "drivers/fsl_gpio.o" "../drivers/fsl_gpio.c"
 
Building file: ../drivers/fsl_smc.c
Building file: ../drivers/fsl_uart.c
Finished building: ../drivers/fsl_clock.c
Invoking: MCU C Compiler
arm-none-eabi-gcc -std=gnu99 -D__REDLIB__ -DFRDM_K64F -DFREEDOM -DPRINTF_FLOAT_ENABLE=1 -DSDK_DEBUGCONSOLE=0 -D__MCUXPRESSO -D__USE_CMSIS -DDEBUG -DCPU_MK64FN1M0VLL12 -DCPU_MK64FN1M0VLL12_cm4 -I"C:\p2\SEBM2_bocinas_wifi_MCUXpresso\DACdemo_apps_dac_adc\board" -I"C:\p2\SEBM2_bocinas_wifi_MCUXpresso\DACdemo_apps_dac_adc\source" -I"C:\p2\SEBM2_bocinas_wifi_MCUXpresso\DACdemo_apps_dac_adc" -I"C:\p2\SEBM2_bocinas_wifi_MCUXpresso\DACdemo_apps_dac_adc\drivers" -I"C:\p2\SEBM2_bocinas_wifi_MCUXpresso\DACdemo_apps_dac_adc\CMSIS" -I"C:\p2\SEBM2_bocinas_wifi_MCUXpresso\DACdemo_apps_dac_adc\utilities" -I"C:\p2\SEBM2_bocinas_wifi_MCUXpresso\DACdemo_apps_dac_adc\startup" -O0 -fno-common -g -Wall -c  -ffunction-sections  -fdata-sections  -ffreestanding  -fno-builtin -mcpu=cortex-m4 -mfpu=fpv4-sp-d16 -mfloat-abi=hard -mthumb -D__REDLIB__ -specs=redlib.specs -MMD -MP -MF"drivers/fsl_smc.d" -MT"drivers/fsl_smc.o" -MT"drivers/fsl_smc.d" -o "drivers/fsl_smc.o" "../drivers/fsl_smc.c"
Invoking: MCU C Compiler
Finished building: ../drivers/fsl_common.c
arm-none-eabi-gcc -std=gnu99 -D__REDLIB__ -DFRDM_K64F -DFREEDOM -DPRINTF_FLOAT_ENABLE=1 -DSDK_DEBUGCONSOLE=0 -D__MCUXPRESSO -D__USE_CMSIS -DDEBUG -DCPU_MK64FN1M0VLL12 -DCPU_MK64FN1M0VLL12_cm4 -I"C:\p2\SEBM2_bocinas_wifi_MCUXpresso\DACdemo_apps_dac_adc\board" -I"C:\p2\SEBM2_bocinas_wifi_MCUXpresso\DACdemo_apps_dac_adc\source" -I"C:\p2\SEBM2_bocinas_wifi_MCUXpresso\DACdemo_apps_dac_adc" -I"C:\p2\SEBM2_bocinas_wifi_MCUXpresso\DACdemo_apps_dac_adc\drivers" -I"C:\p2\SEBM2_bocinas_wifi_MCUXpresso\DACdemo_apps_dac_adc\CMSIS" -I"C:\p2\SEBM2_bocinas_wifi_MCUXpresso\DACdemo_apps_dac_adc\utilities" -I"C:\p2\SEBM2_bocinas_wifi_MCUXpresso\DACdemo_apps_dac_adc\startup" -O0 -fno-common -g -Wall -c  -ffunction-sections  -fdata-sections  -ffreestanding  -fno-builtin -mcpu=cortex-m4 -mfpu=fpv4-sp-d16 -mfloat-abi=hard -mthumb -D__REDLIB__ -specs=redlib.specs -MMD -MP -MF"drivers/fsl_uart.d" -MT"drivers/fsl_uart.o" -MT"drivers/fsl_uart.d" -o "drivers/fsl_uart.o" "../drivers/fsl_uart.c"
Finished building: ../drivers/fsl_dac.c
 
 
 
Finished building: ../drivers/fsl_flash.c
Finished building: ../drivers/fsl_gpio.c
Building file: ../board/board.c
 
 
Invoking: MCU C Compiler
Building file: ../board/clock_config.c
arm-none-eabi-gcc -std=gnu99 -D__REDLIB__ -DFRDM_K64F -DFREEDOM -DPRINTF_FLOAT_ENABLE=1 -DSDK_DEBUGCONSOLE=0 -D__MCUXPRESSO -D__USE_CMSIS -DDEBUG -DCPU_MK64FN1M0VLL12 -DCPU_MK64FN1M0VLL12_cm4 -I"C:\p2\SEBM2_bocinas_wifi_MCUXpresso\DACdemo_apps_dac_adc\board" -I"C:\p2\SEBM2_bocinas_wifi_MCUXpresso\DACdemo_apps_dac_adc\source" -I"C:\p2\SEBM2_bocinas_wifi_MCUXpresso\DACdemo_apps_dac_adc" -I"C:\p2\SEBM2_bocinas_wifi_MCUXpresso\DACdemo_apps_dac_adc\drivers" -I"C:\p2\SEBM2_bocinas_wifi_MCUXpresso\DACdemo_apps_dac_adc\CMSIS" -I"C:\p2\SEBM2_bocinas_wifi_MCUXpresso\DACdemo_apps_dac_adc\utilities" -I"C:\p2\SEBM2_bocinas_wifi_MCUXpresso\DACdemo_apps_dac_adc\startup" -O0 -fno-common -g -Wall -c  -ffunction-sections  -fdata-sections  -ffreestanding  -fno-builtin -mcpu=cortex-m4 -mfpu=fpv4-sp-d16 -mfloat-abi=hard -mthumb -D__REDLIB__ -specs=redlib.specs -MMD -MP -MF"board/board.d" -MT"board/board.o" -MT"board/board.d" -o "board/board.o" "../board/board.c"
Building file: ../board/pin_mux.c
Invoking: MCU C Compiler
Finished building: ../drivers/fsl_smc.c
arm-none-eabi-gcc -std=gnu99 -D__REDLIB__ -DFRDM_K64F -DFREEDOM -DPRINTF_FLOAT_ENABLE=1 -DSDK_DEBUGCONSOLE=0 -D__MCUXPRESSO -D__USE_CMSIS -DDEBUG -DCPU_MK64FN1M0VLL12 -DCPU_MK64FN1M0VLL12_cm4 -I"C:\p2\SEBM2_bocinas_wifi_MCUXpresso\DACdemo_apps_dac_adc\board" -I"C:\p2\SEBM2_bocinas_wifi_MCUXpresso\DACdemo_apps_dac_adc\source" -I"C:\p2\SEBM2_bocinas_wifi_MCUXpresso\DACdemo_apps_dac_adc" -I"C:\p2\SEBM2_bocinas_wifi_MCUXpresso\DACdemo_apps_dac_adc\drivers" -I"C:\p2\SEBM2_bocinas_wifi_MCUXpresso\DACdemo_apps_dac_adc\CMSIS" -I"C:\p2\SEBM2_bocinas_wifi_MCUXpresso\DACdemo_apps_dac_adc\utilities" -I"C:\p2\SEBM2_bocinas_wifi_MCUXpresso\DACdemo_apps_dac_adc\startup" -O0 -fno-common -g -Wall -c  -ffunction-sections  -fdata-sections  -ffreestanding  -fno-builtin -mcpu=cortex-m4 -mfpu=fpv4-sp-d16 -mfloat-abi=hard -mthumb -D__REDLIB__ -specs=redlib.specs -MMD -MP -MF"board/clock_config.d" -MT"board/clock_config.o" -MT"board/clock_config.d" -o "board/clock_config.o" "../board/clock_config.c"
Invoking: MCU C Compiler
arm-none-eabi-gcc -std=gnu99 -D__REDLIB__ -DFRDM_K64F -DFREEDOM -DPRINTF_FLOAT_ENABLE=1 -DSDK_DEBUGCONSOLE=0 -D__MCUXPRESSO -D__USE_CMSIS -DDEBUG -DCPU_MK64FN1M0VLL12 -DCPU_MK64FN1M0VLL12_cm4 -I"C:\p2\SEBM2_bocinas_wifi_MCUXpresso\DACdemo_apps_dac_adc\board" -I"C:\p2\SEBM2_bocinas_wifi_MCUXpresso\DACdemo_apps_dac_adc\source" -I"C:\p2\SEBM2_bocinas_wifi_MCUXpresso\DACdemo_apps_dac_adc" -I"C:\p2\SEBM2_bocinas_wifi_MCUXpresso\DACdemo_apps_dac_adc\drivers" -I"C:\p2\SEBM2_bocinas_wifi_MCUXpresso\DACdemo_apps_dac_adc\CMSIS" -I"C:\p2\SEBM2_bocinas_wifi_MCUXpresso\DACdemo_apps_dac_adc\utilities" -I"C:\p2\SEBM2_bocinas_wifi_MCUXpresso\DACdemo_apps_dac_adc\startup" -O0 -fno-common -g -Wall -c  -ffunction-sections  -fdata-sections  -ffreestanding  -fno-builtin -mcpu=cortex-m4 -mfpu=fpv4-sp-d16 -mfloat-abi=hard -mthumb -D__REDLIB__ -specs=redlib.specs -MMD -MP -MF"board/pin_mux.d" -MT"board/pin_mux.o" -MT"board/pin_mux.d" -o "board/pin_mux.o" "../board/pin_mux.c"
 
Finished building: ../drivers/fsl_uart.c
Building file: ../CMSIS/system_MK64F12.c
 
Invoking: MCU C Compiler
arm-none-eabi-gcc -std=gnu99 -D__REDLIB__ -DFRDM_K64F -DFREEDOM -DPRINTF_FLOAT_ENABLE=1 -DSDK_DEBUGCONSOLE=0 -D__MCUXPRESSO -D__USE_CMSIS -DDEBUG -DCPU_MK64FN1M0VLL12 -DCPU_MK64FN1M0VLL12_cm4 -I"C:\p2\SEBM2_bocinas_wifi_MCUXpresso\DACdemo_apps_dac_adc\board" -I"C:\p2\SEBM2_bocinas_wifi_MCUXpresso\DACdemo_apps_dac_adc\source" -I"C:\p2\SEBM2_bocinas_wifi_MCUXpresso\DACdemo_apps_dac_adc" -I"C:\p2\SEBM2_bocinas_wifi_MCUXpresso\DACdemo_apps_dac_adc\drivers" -I"C:\p2\SEBM2_bocinas_wifi_MCUXpresso\DACdemo_apps_dac_adc\CMSIS" -I"C:\p2\SEBM2_bocinas_wifi_MCUXpresso\DACdemo_apps_dac_adc\utilities" -I"C:\p2\SEBM2_bocinas_wifi_MCUXpresso\DACdemo_apps_dac_adc\startup" -O0 -fno-common -g -Wall -c  -ffunction-sections  -fdata-sections  -ffreestanding  -fno-builtin -mcpu=cortex-m4 -mfpu=fpv4-sp-d16 -mfloat-abi=hard -mthumb -D__REDLIB__ -specs=redlib.specs -MMD -MP -MF"CMSIS/system_MK64F12.d" -MT"CMSIS/system_MK64F12.o" -MT"CMSIS/system_MK64F12.d" -o "CMSIS/system_MK64F12.o" "../CMSIS/system_MK64F12.c"
Finished building: ../board/board.c
Finished building: ../board/clock_config.c
 
 
Finished building: ../board/pin_mux.c
 
Finished building: ../CMSIS/system_MK64F12.c
 
Building target: DACdemo_apps_dac_adc.axf
Invoking: MCU Linker
arm-none-eabi-gcc -nostdlib -Xlinker -print-memory-usage -Xlinker --gc-sections -Xlinker -Map="DACdemo_apps_dac_adc.map" -mcpu=cortex-m4 -mfpu=fpv4-sp-d16 -mfloat-abi=hard -mthumb -T DACdemo_apps_dac_adc_Debug.ld -o "DACdemo_apps_dac_adc.axf"  ./utilities/fsl_assert.o ./utilities/fsl_debug_console.o ./utilities/fsl_io.o ./utilities/fsl_log.o ./utilities/fsl_str.o  ./startup/startup_mk64f12.o  ./source/dac_adc.o ./source/semihost_hardfault.o  ./drivers/fsl_adc16.o ./drivers/fsl_clock.o ./drivers/fsl_common.o ./drivers/fsl_dac.o ./drivers/fsl_flash.o ./drivers/fsl_gpio.o ./drivers/fsl_smc.o ./drivers/fsl_uart.o  ./board/board.o ./board/clock_config.o ./board/pin_mux.o  ./CMSIS/system_MK64F12.o   
Memory region         Used Size  Region Size  %age Used
   PROGRAM_FLASH:       22652 B         1 MB      2.16%
      SRAM_UPPER:        8456 B       192 KB      4.30%
      SRAM_LOWER:          0 GB        64 KB      0.00%
        FLEX_RAM:          0 GB         4 KB      0.00%
Finished building target: DACdemo_apps_dac_adc.axf
 
make --no-print-directory post-build
Performing post-build steps
arm-none-eabi-size "DACdemo_apps_dac_adc.axf"; # arm-none-eabi-objcopy -v -O binary "DACdemo_apps_dac_adc.axf" "DACdemo_apps_dac_adc.bin" ; # checksum -p MK64FN1M0xxx12 -d "DACdemo_apps_dac_adc.bin";
   text	   data	    bss	    dec	    hex	filename
  22640	     12	   8444	  31096	   7978	DACdemo_apps_dac_adc.axf
 

14:09:11 Build Finished (took 3s.10ms)

